BL51 BANKED LINKER/LOCATER V6.22                                                        06/07/2022  11:59:16  PAGE 1


BL51 BANKED LINKER/LOCATER V6.22, INVOKED BY:
D:\KEIL_V5\C51\BIN\BL51.EXE .\Objects\main.obj, .\Objects\System.obj, .\Objects\lcd1602.obj TO .\Objects\TEST PRINT (.\L
>> istings\TEST.m51) RAMSIZE (256)


MEMORY MODEL: LARGE


INPUT MODULES INCLUDED:
  .\Objects\main.obj (MAIN)
  .\Objects\System.obj (SYSTEM)
  .\Objects\lcd1602.obj (LCD1602)
  D:\KEIL_V5\C51\LIB\C51L.LIB (?C_STARTUP)
  D:\KEIL_V5\C51\LIB\C51L.LIB (?C?COPY)


LINK MAP OF MODULE:  .\Objects\TEST (MAIN)


            TYPE    BASE      LENGTH    RELOCATION   SEGMENT NAME
            -----------------------------------------------------

            * * * * * * *   D A T A   M E M O R Y   * * * * * * *
            REG     0000H     0008H     ABSOLUTE     "REG BANK 0"
            IDATA   0008H     0001H     UNIT         ?STACK

            * * * * * * *  X D A T A   M E M O R Y  * * * * * * *
            XDATA   0000H     0023H     UNIT         _XDATA_GROUP_

            * * * * * * *   C O D E   M E M O R Y   * * * * * * *
            CODE    0000H     0003H     ABSOLUTE     
            CODE    0003H     00F6H     UNIT         ?C?LIB_CODE
            CODE    00F9H     0090H     UNIT         ?PR?MAIN?MAIN
            CODE    0189H     0058H     UNIT         ?PR?SYSTEM_INIT?SYSTEM
            CODE    01E1H     0022H     UNIT         ?CO?MAIN
            CODE    0203H     001EH     UNIT         ?PR?_DELAY_MS?SYSTEM
            CODE    0221H     001BH     UNIT         ?PR?LCD1602_INIT?LCD1602
            CODE    023CH     0012H     UNIT         ?PR?_LCD1602WRITE_DATA?LCD1602
            CODE    024EH     0012H     UNIT         ?PR?_LCD1602WRITE_COM?LCD1602
            CODE    0260H     000DH     UNIT         ?PR?LCD1602_GPIO_INIT?LCD1602
            CODE    026DH     000CH     UNIT         ?C_C51STARTUP



OVERLAY MAP OF MODULE:   .\Objects\TEST (MAIN)


SEGMENT                                  XDATA_GROUP
  +--> CALLED SEGMENT                  START    LENGTH
------------------------------------------------------
?C_C51STARTUP                          -----    -----
  +--> ?PR?MAIN?MAIN

?PR?MAIN?MAIN                          0000H    0023H
  +--> ?CO?MAIN
  +--> ?PR?SYSTEM_INIT?SYSTEM
  +--> ?PR?LCD1602_INIT?LCD1602
  +--> ?PR?_LCD1602WRITE_COM?LCD1602
BL51 BANKED LINKER/LOCATER V6.22                                                      06/07/2022  11:59:16  PAGE 2


  +--> ?PR?_LCD1602WRITE_DATA?LCD1602
  +--> ?PR?_DELAY_MS?SYSTEM

?PR?SYSTEM_INIT?SYSTEM                 -----    -----
  +--> ?PR?_DELAY_MS?SYSTEM

?PR?LCD1602_INIT?LCD1602               -----    -----
  +--> ?PR?LCD1602_GPIO_INIT?LCD1602
  +--> ?PR?_LCD1602WRITE_COM?LCD1602

?PR?_LCD1602WRITE_COM?LCD1602          -----    -----
  +--> ?PR?_DELAY_MS?SYSTEM

?PR?_LCD1602WRITE_DATA?LCD1602         -----    -----
  +--> ?PR?_DELAY_MS?SYSTEM



SYMBOL TABLE OF MODULE:  .\Objects\TEST (MAIN)

  VALUE           TYPE          NAME
  ----------------------------------

  -------         MODULE        MAIN
  C:0000H         SYMBOL        _ICE_DUMMY_
  D:0080H         PUBLIC        P0
  D:0090H         PUBLIC        P1
  D:00A0H         PUBLIC        P2
  D:00B0H         PUBLIC        P3
  D:00C0H         PUBLIC        P4
  D:00C8H         PUBLIC        P5
  D:00E8H         PUBLIC        P6
  D:00F8H         PUBLIC        P7
  D:00A8H         PUBLIC        IE
  D:00B8H         PUBLIC        IP
  D:00D8H         PUBLIC        CCON
  C:00F9H         PUBLIC        main
  D:0098H         PUBLIC        SCON
  D:0088H         PUBLIC        TCON
  C:01E1H         SYMBOL        _?ix1000
  C:01F2H         SYMBOL        _?ix1001
  D:00D0H         PUBLIC        PSW
  -------         PROC          MAIN
  -------         DO            
  X:0000H         SYMBOL        Code1
  X:0011H         SYMBOL        Code2
  X:0022H         SYMBOL        m
  -------         ENDDO         
  C:00F9H         LINE#         28
  C:00F9H         LINE#         29
  C:00F9H         LINE#         30
  C:010CH         LINE#         31
  C:011FH         LINE#         34
  C:0122H         LINE#         35
  C:0125H         LINE#         37
  C:0125H         LINE#         38
  C:0125H         LINE#         39
BL51 BANKED LINKER/LOCATER V6.22                                                      06/07/2022  11:59:16  PAGE 3


  C:012AH         LINE#         41
  C:0139H         LINE#         42
  C:0139H         LINE#         43
  C:0148H         LINE#         45
  C:014FH         LINE#         46
  C:0157H         LINE#         48
  C:015CH         LINE#         50
  C:016BH         LINE#         51
  C:016BH         LINE#         53
  C:017AH         LINE#         54
  C:0181H         LINE#         55
  -------         ENDPROC       MAIN
  -------         ENDMOD        MAIN

  -------         MODULE        SYSTEM
  C:0000H         SYMBOL        _ICE_DUMMY_
  D:0092H         PUBLIC        P1M0
  D:0093H         PUBLIC        P0M1
  C:0189H         PUBLIC        System_Init
  D:0096H         PUBLIC        P2M0
  D:0091H         PUBLIC        P1M1
  D:0080H         PUBLIC        P0
  D:00B2H         PUBLIC        P3M0
  D:0095H         PUBLIC        P2M1
  D:0090H         PUBLIC        P1
  D:00B4H         PUBLIC        P4M0
  D:00B1H         PUBLIC        P3M1
  D:00A0H         PUBLIC        P2
  D:00CAH         PUBLIC        P5M0
  D:00B3H         PUBLIC        P4M1
  D:00B0H         PUBLIC        P3
  D:00CCH         PUBLIC        P6M0
  D:00C9H         PUBLIC        P5M1
  D:00C0H         PUBLIC        P4
  D:00E2H         PUBLIC        P7M0
  D:00CBH         PUBLIC        P6M1
  D:00C8H         PUBLIC        P5
  D:00E1H         PUBLIC        P7M1
  D:00E8H         PUBLIC        P6
  D:00F8H         PUBLIC        P7
  D:00BAH         PUBLIC        P_SW2
  D:00A8H         PUBLIC        IE
  D:00B8H         PUBLIC        IP
  D:00D8H         PUBLIC        CCON
  C:0203H         PUBLIC        _Delay_ms
  D:0098H         PUBLIC        SCON
  D:0088H         PUBLIC        TCON
  D:00FFH         PUBLIC        RSTCFG
  D:00D0H         PUBLIC        PSW
  D:0094H         PUBLIC        P0M0
  -------         PROC          _DELAY_MS
  D:0006H         SYMBOL        ms
  -------         DO            
  D:0004H         SYMBOL        i
  -------         ENDDO         
  C:0203H         LINE#         10
  C:0203H         LINE#         11
BL51 BANKED LINKER/LOCATER V6.22                                                      06/07/2022  11:59:16  PAGE 4


  C:0203H         LINE#         13
  C:020DH         LINE#         14
  C:020DH         LINE#         15
  C:0220H         LINE#         16
  C:0220H         LINE#         17
  -------         ENDPROC       _DELAY_MS
  -------         PROC          SYSTEM_INIT
  C:0189H         LINE#         27
  C:0189H         LINE#         28
  C:0189H         LINE#         29
  C:0190H         LINE#         30
  C:0193H         LINE#         31
  C:019AH         LINE#         32
  C:01A1H         LINE#         33
  C:01A7H         LINE#         34
  C:01ABH         LINE#         35
  C:01AEH         LINE#         38
  C:01B1H         LINE#         42
  C:01B6H         LINE#         44
  C:01BBH         LINE#         46
  C:01C0H         LINE#         48
  C:01C5H         LINE#         50
  C:01CAH         LINE#         52
  C:01CFH         LINE#         54
  C:01D4H         LINE#         58
  C:01DAH         LINE#         60
  C:01E0H         LINE#         61
  -------         ENDPROC       SYSTEM_INIT
  -------         ENDMOD        SYSTEM

  -------         MODULE        LCD1602
  C:0000H         SYMBOL        _ICE_DUMMY_
  D:0092H         PUBLIC        P1M0
  D:0093H         PUBLIC        P0M1
  D:0091H         PUBLIC        P1M1
  D:0080H         PUBLIC        P0
  D:0090H         PUBLIC        P1
  D:00A0H         PUBLIC        P2
  D:00B0H         PUBLIC        P3
  D:00C0H         PUBLIC        P4
  D:00C8H         PUBLIC        P5
  D:00E8H         PUBLIC        P6
  D:00F8H         PUBLIC        P7
  D:00A8H         PUBLIC        IE
  C:0221H         PUBLIC        LCD1602_Init
  D:00B8H         PUBLIC        IP
  D:00D8H         PUBLIC        CCON
  B:0090H.0       PUBLIC        RS
  C:0260H         PUBLIC        LCD1602_GPIO_Init
  B:0090H.1       PUBLIC        RW
  C:023CH         PUBLIC        _LCD1602Write_data
  D:0098H         PUBLIC        SCON
  D:0088H         PUBLIC        TCON
  B:0090H.2       PUBLIC        E
  C:024EH         PUBLIC        _LCD1602Write_com
  D:00D0H         PUBLIC        PSW
  D:0094H         PUBLIC        P0M0
BL51 BANKED LINKER/LOCATER V6.22                                                      06/07/2022  11:59:16  PAGE 5


  -------         PROC          LCD1602_GPIO_INIT
  C:0260H         LINE#         3
  C:0260H         LINE#         4
  C:0260H         LINE#         5
  C:0266H         LINE#         6
  C:026CH         LINE#         7
  -------         ENDPROC       LCD1602_GPIO_INIT
  -------         PROC          _LCD1602WRITE_DATA
  D:0007H         SYMBOL        i
  C:023CH         LINE#         9
  C:023CH         LINE#         10
  C:023CH         LINE#         11
  C:023EH         LINE#         12
  C:0240H         LINE#         13
  C:0242H         LINE#         14
  C:0244H         LINE#         15
  C:024BH         LINE#         16
  C:024DH         LINE#         19
  -------         ENDPROC       _LCD1602WRITE_DATA
  -------         PROC          _LCD1602WRITE_COM
  D:0007H         SYMBOL        i
  C:024EH         LINE#         21
  C:024EH         LINE#         22
  C:024EH         LINE#         24
  C:0250H         LINE#         25
  C:0252H         LINE#         26
  C:0254H         LINE#         27
  C:0256H         LINE#         28
  C:025DH         LINE#         29
  C:025FH         LINE#         30
  -------         ENDPROC       _LCD1602WRITE_COM
  -------         PROC          LCD1602_INIT
  C:0221H         LINE#         32
  C:0221H         LINE#         33
  C:0221H         LINE#         34
  C:0224H         LINE#         35
  C:0226H         LINE#         36
  C:0228H         LINE#         37
  C:022DH         LINE#         38
  C:0232H         LINE#         39
  C:0237H         LINE#         40
  -------         ENDPROC       LCD1602_INIT
  -------         ENDMOD        LCD1602

  -------         MODULE        ?C?COPY
  C:00D3H         PUBLIC        ?C?COPY
  -------         ENDMOD        ?C?COPY

Program Size: data=9.0 xdata=35 code=633
LINK/LOCATE RUN COMPLETE.  0 WARNING(S),  0 ERROR(S)
