C51 COMPILER V9.54   MAIN                                                                  06/07/2022 17:27:59 PAGE 1   


C51 COMPILER V9.54, COMPILATION OF MODULE MAIN
OBJECT MODULE PLACED IN .\Objects\main.obj
COMPILER INVOKED BY: D:\Keil_v5\C51\BIN\C51.EXE main.c LARGE OPTIMIZE(8,SPEED) BROWSE INCDIR(..\HARDWARE;..\SYSTEM;..\US
                    -ER;..\HARDWARE\encode;..\HARDWARE\LCD12864) DEBUG OBJECTEXTEND PRINT(.\Listings\main.lst) TABS(2) OBJECT(.\Objects\main.
                    -obj)

line level    source

   1          /***************************************************************************
   2          实验名称： 脉冲编码开关实验
   3          
   4          实验模块:  STC8A核心板V2.1、主板区：12864图形液晶、脉冲编码器
   5          
   6          实验接线： STC8A核心板   ---------   12864图形液晶
   7                        P2.0      ---------        CS2
   8                        P2.1      ---------        CS1
   9                        P2.2      ---------        RS
  10                        P2.3      ---------        RW
  11                        P2.4      ---------        RE      
  12                      P0.0~P0.7   ---------        DB0~DB8  
  13          
  14                    STC8A核心板   ---------    脉冲编码器
  15                        P2.5      ---------        B 
  16                        P2.6      ---------        A
  17                        P2.7      ---------        D        
  18                      
  19          现象描述：  顺时针转动旋钮，lcd12864模块上显示的十六位进制数越大（最大FF）
  20                    逆时针转动旋钮，lcd12864模块上显示的十六位进制数越小（最大00）
  21          
  22          使用STC-ISP下载时请注意在【硬件选项】的第一项【输入用户程序运行是的IRC频率】
  23          软件默认是11.0592MHz  但我们程序用的都是24MHz，所以我们需要手动输入或者下拉选择
  24          24MHz然后再点击下载即可。然后即可看到右下方窗口提示
  25            . 用户设定频率: 24.000MHz
  26            . 调节后的频率: 24.000MHz
  27            . 频率调节误差: 0.000%
  28            
  29          更新时间：2022-06-07
  30          ***************************************************************************/
  31          
  32          #include <intrins.h>
  33          #include "system.h"
  34          #include "encode.h"
  35          #include "lcd12864.h"
  36          
  37          void main(void)
  38          {
  39   1        System_Init();
  40   1        Encode_Hardware_Init();
  41   1        LCD12864_Software_Init();
  42   1        Show_Num(0,1,"You Pressed it!");
  43   1        while(1)
  44   1        {
  45   2          Encode_Test();
  46   2        }
  47   1      }


MODULE INFORMATION:   STATIC OVERLAYABLE
   CODE SIZE        =     27    ----
   CONSTANT SIZE    =     16    ----
   XDATA SIZE       =   ----    ----
C51 COMPILER V9.54   MAIN                                                                  06/07/2022 17:27:59 PAGE 2   

   PDATA SIZE       =   ----    ----
   DATA SIZE        =   ----    ----
   IDATA SIZE       =   ----    ----
   BIT SIZE         =   ----    ----
END OF MODULE INFORMATION.


C51 COMPILATION COMPLETE.  0 WARNING(S),  0 ERROR(S)
