BL51 BANKED LINKER/LOCATER V6.22                                                        06/08/2022  15:56:11  PAGE 1


BL51 BANKED LINKER/LOCATER V6.22, INVOKED BY:
D:\KEIL_V5\C51\BIN\BL51.EXE .\Objects\main.obj, .\Objects\System.obj, .\Objects\lcd12864.obj, .\Objects\ds18b20.obj TO .
>> \Objects\TEST PRINT (.\Listings\TEST.m51) RAMSIZE (256)


MEMORY MODEL: LARGE WITH FLOATING POINT ARITHMETIC


INPUT MODULES INCLUDED:
  .\Objects\main.obj (MAIN)
  .\Objects\System.obj (SYSTEM)
  .\Objects\lcd12864.obj (LCD12864)
  .\Objects\ds18b20.obj (DS18B20)
  D:\KEIL_V5\C51\LIB\C51FPL.LIB (?C?FPMUL)
  D:\KEIL_V5\C51\LIB\C51FPL.LIB (?C?FCAST)
  D:\KEIL_V5\C51\LIB\C51FPL.LIB (?C?CASTF)
  D:\KEIL_V5\C51\LIB\C51FPL.LIB (?C?FPGETOPN)
  D:\KEIL_V5\C51\LIB\C51L.LIB (?C_STARTUP)
  D:\KEIL_V5\C51\LIB\C51L.LIB (?C?COPY)
  D:\KEIL_V5\C51\LIB\C51L.LIB (?C?CLDPTR)
  D:\KEIL_V5\C51\LIB\C51L.LIB (?C?UIDIV)
  D:\KEIL_V5\C51\LIB\C51L.LIB (?C?ILDIX)
  D:\KEIL_V5\C51\LIB\C51L.LIB (?C?LNEG)
  D:\KEIL_V5\C51\LIB\C51L.LIB (?C?LSTXDATA)
  D:\KEIL_V5\C51\LIB\C51L.LIB (?C?LSTKXDATA)
  D:\KEIL_V5\C51\LIB\C51L.LIB (?C_INIT)


LINK MAP OF MODULE:  .\Objects\TEST (MAIN)


            TYPE    BASE      LENGTH    RELOCATION   SEGMENT NAME
            -----------------------------------------------------

            * * * * * * *   D A T A   M E M O R Y   * * * * * * *
            REG     0000H     0008H     ABSOLUTE     "REG BANK 0"
            IDATA   0008H     0001H     UNIT         ?STACK

            * * * * * * *  X D A T A   M E M O R Y  * * * * * * *
            XDATA   0000H     0A70H     UNIT         ?XD?LCD12864
            XDATA   0A70H     008DH     UNIT         _XDATA_GROUP_
            XDATA   0AFDH     0041H     UNIT         ?XD?DS18B20
            XDATA   0B3EH     0010H     UNIT         ?XD?MAIN
            XDATA   0B4EH     0003H     UNIT         ?XD?_SETLCD?LCD12864
            XDATA   0B51H     0001H     UNIT         ?XD?LCD_ROL?LCD12864

            * * * * * * *   C O D E   M E M O R Y   * * * * * * *
            CODE    0000H     0003H     ABSOLUTE     
            CODE    0003H     0A97H     UNIT         ?C_INITSEG
            CODE    0A9AH     038AH     UNIT         ?C?LIB_CODE
            CODE    0E24H     023EH     UNIT         ?PR?DS18B20_SEARCH_ROM?DS18B20
            CODE    1062H     0171H     UNIT         ?PR?MAIN?MAIN
            CODE    11D3H     00CDH     UNIT         ?PR?_DISPLAY?LCD12864
            CODE    12A0H     00CCH     UNIT         ?PR?_DS18B20_GET_TEMP?DS18B20
            CODE    136CH     009EH     UNIT         ?PR?_DISPLAYEN?LCD12864
            CODE    140AH     008CH     UNIT         ?PR?_SHOW_NUM?LCD12864
            CODE    1496H     008CH     UNIT         ?C_C51STARTUP
            CODE    1522H     0067H     UNIT         ?PR?_CLEARSCREEN?LCD12864
BL51 BANKED LINKER/LOCATER V6.22                                                      06/08/2022  15:56:11  PAGE 2


            CODE    1589H     0061H     UNIT         ?PR?LCD12864_SOFTWARE_INIT?LCD12864
            CODE    15EAH     0058H     UNIT         ?PR?SYSTEM_INIT?SYSTEM
            CODE    1642H     0058H     UNIT         ?PR?DS18B20_ANSWER_CHECK?DS18B20
            CODE    169AH     0050H     UNIT         ?PR?DS18B20_READ_2BIT?DS18B20
            CODE    16EAH     004FH     UNIT         ?PR?_LCD12864_WRITEBYTE?LCD12864
            CODE    1739H     004FH     UNIT         ?PR?_DS18B20_WRITE_BYTE?DS18B20
            CODE    1788H     0041H     UNIT         ?PR?_SENDCOMMANDTOLCD?LCD12864
            CODE    17C9H     0040H     UNIT         ?CO?DS18B20
            CODE    1809H     003FH     UNIT         ?PR?_SETLCD?LCD12864
            CODE    1848H     003FH     UNIT         ?PR?LCD_ROL?LCD12864
            CODE    1887H     003CH     UNIT         ?CO?MAIN
            CODE    18C3H     0037H     UNIT         ?PR?DS18B20_READ_BIT?DS18B20
            CODE    18FAH     0036H     UNIT         ?PR?DS18B20_READ_BYTE?DS18B20
            CODE    1930H     0034H     UNIT         ?PR?_SELECTSCREEN?LCD12864
            CODE    1964H     002CH     UNIT         ?PR?_DS18B20_WRITE_BIT?DS18B20
            CODE    1990H     0029H     UNIT         ?PR?_SHOW_HZ?LCD12864
            CODE    19B9H     001EH     UNIT         ?PR?_DELAY_MS?SYSTEM
            CODE    19D7H     0017H     UNIT         ?PR?DS18B20_RST?DS18B20
            CODE    19EEH     0015H     UNIT         ?PR?_DELAY_US?SYSTEM
            CODE    1A03H     0013H     UNIT         ?PR?LCD_ALL_DIR_OUT?LCD12864
            CODE    1A16H     000AH     UNIT         ?PR?DS18B20_INIT?DS18B20
            CODE    1A20H     0009H     UNIT         ?PR?_SETCOLUMN?LCD12864
            CODE    1A29H     0007H     UNIT         ?PR?_SETLINE?LCD12864
            CODE    1A30H     0007H     UNIT         ?PR?_SETSTARTLINE?LCD12864
            CODE    1A37H     0007H     UNIT         ?PR?_SETONOFF?LCD12864
            CODE    1A3EH     0007H     UNIT         ?PR?DS18B20_GPIO_CONFIG?DS18B20
            CODE    1A45H     0007H     UNIT         ?PR?DS18B20_MODE_IPU?DS18B20
            CODE    1A4CH     0007H     UNIT         ?PR?DS18B20_MODE_OUT?DS18B20



OVERLAY MAP OF MODULE:   .\Objects\TEST (MAIN)


SEGMENT                                       XDATA_GROUP
  +--> CALLED SEGMENT                       START    LENGTH
-----------------------------------------------------------
?C_C51STARTUP                               -----    -----
  +--> ?PR?MAIN?MAIN
  +--> ?C_INITSEG

?PR?MAIN?MAIN                               0A70H    0005H
  +--> ?PR?SYSTEM_INIT?SYSTEM
  +--> ?PR?LCD12864_SOFTWARE_INIT?LCD12864
  +--> ?PR?DS18B20_INIT?DS18B20
  +--> ?PR?DS18B20_SEARCH_ROM?DS18B20
  +--> ?CO?MAIN
  +--> ?PR?_SHOW_NUM?LCD12864
  +--> ?PR?_SHOW_HZ?LCD12864
  +--> ?PR?_DS18B20_GET_TEMP?DS18B20
  +--> ?PR?_CLEARSCREEN?LCD12864
  +--> ?PR?_DELAY_MS?SYSTEM

?PR?SYSTEM_INIT?SYSTEM                      -----    -----
  +--> ?PR?_DELAY_MS?SYSTEM

?PR?LCD12864_SOFTWARE_INIT?LCD12864         -----    -----
BL51 BANKED LINKER/LOCATER V6.22                                                      06/08/2022  15:56:11  PAGE 3


  +--> ?PR?LCD_ALL_DIR_OUT?LCD12864
  +--> ?PR?_DELAY_US?SYSTEM
  +--> ?PR?_SELECTSCREEN?LCD12864
  +--> ?PR?_SETONOFF?LCD12864
  +--> ?PR?_CLEARSCREEN?LCD12864
  +--> ?PR?_SETSTARTLINE?LCD12864

?PR?_SELECTSCREEN?LCD12864                  -----    -----
  +--> ?PR?_DELAY_US?SYSTEM

?PR?_SETONOFF?LCD12864                      -----    -----
  +--> ?PR?_SENDCOMMANDTOLCD?LCD12864

?PR?_SENDCOMMANDTOLCD?LCD12864              0A82H    0001H
  +--> ?PR?_DELAY_US?SYSTEM

?PR?_CLEARSCREEN?LCD12864                   0A75H    0001H
  +--> ?PR?_SHOW_HZ?LCD12864

?PR?_SHOW_HZ?LCD12864                       -----    -----
  +--> ?PR?_DISPLAY?LCD12864

?PR?_DISPLAY?LCD12864                       0A76H    0006H
  +--> ?PR?_SETONOFF?LCD12864
  +--> ?PR?_SELECTSCREEN?LCD12864
  +--> ?PR?_SETLINE?LCD12864
  +--> ?PR?_SETCOLUMN?LCD12864
  +--> ?PR?_LCD12864_WRITEBYTE?LCD12864

?PR?_SETLINE?LCD12864                       -----    -----
  +--> ?PR?_SENDCOMMANDTOLCD?LCD12864

?PR?_SETCOLUMN?LCD12864                     -----    -----
  +--> ?PR?_SENDCOMMANDTOLCD?LCD12864

?PR?_LCD12864_WRITEBYTE?LCD12864            0A82H    0001H
  +--> ?PR?_DELAY_US?SYSTEM

?PR?_SETSTARTLINE?LCD12864                  -----    -----
  +--> ?PR?_SENDCOMMANDTOLCD?LCD12864

?PR?DS18B20_INIT?DS18B20                    -----    -----
  +--> ?PR?DS18B20_GPIO_CONFIG?DS18B20
  +--> ?PR?DS18B20_RST?DS18B20
  +--> ?PR?DS18B20_ANSWER_CHECK?DS18B20

?PR?DS18B20_GPIO_CONFIG?DS18B20             -----    -----
  +--> ?PR?DS18B20_MODE_OUT?DS18B20

?PR?DS18B20_RST?DS18B20                     -----    -----
  +--> ?PR?DS18B20_MODE_OUT?DS18B20
  +--> ?PR?_DELAY_US?SYSTEM

?PR?DS18B20_ANSWER_CHECK?DS18B20            0A7DH    0001H
  +--> ?PR?DS18B20_MODE_IPU?DS18B20
  +--> ?PR?_DELAY_US?SYSTEM

BL51 BANKED LINKER/LOCATER V6.22                                                      06/08/2022  15:56:11  PAGE 4


?PR?DS18B20_SEARCH_ROM?DS18B20              0A75H    0086H
  +--> ?CO?DS18B20
  +--> ?PR?DS18B20_RST?DS18B20
  +--> ?PR?_DELAY_US?SYSTEM
  +--> ?PR?_DS18B20_WRITE_BYTE?DS18B20
  +--> ?PR?DS18B20_READ_2BIT?DS18B20
  +--> ?PR?_DS18B20_WRITE_BIT?DS18B20

?PR?_DS18B20_WRITE_BYTE?DS18B20             0AFBH    0002H
  +--> ?PR?DS18B20_MODE_OUT?DS18B20
  +--> ?PR?_DELAY_US?SYSTEM

?PR?DS18B20_READ_2BIT?DS18B20               0AFBH    0002H
  +--> ?PR?DS18B20_MODE_OUT?DS18B20
  +--> ?PR?_DELAY_US?SYSTEM
  +--> ?PR?DS18B20_MODE_IPU?DS18B20

?PR?_DS18B20_WRITE_BIT?DS18B20              -----    -----
  +--> ?PR?DS18B20_MODE_OUT?DS18B20
  +--> ?PR?_DELAY_US?SYSTEM

?PR?_SHOW_NUM?LCD12864                      0A75H    0007H
  +--> ?PR?_DISPLAYEN?LCD12864

?PR?_DISPLAYEN?LCD12864                     0A7CH    0006H
  +--> ?PR?_SELECTSCREEN?LCD12864
  +--> ?PR?_SETLINE?LCD12864
  +--> ?PR?_SETCOLUMN?LCD12864
  +--> ?PR?_LCD12864_WRITEBYTE?LCD12864

?PR?_DS18B20_GET_TEMP?DS18B20               0A75H    0008H
  +--> ?PR?DS18B20_RST?DS18B20
  +--> ?PR?DS18B20_ANSWER_CHECK?DS18B20
  +--> ?PR?_DS18B20_WRITE_BYTE?DS18B20
  +--> ?PR?DS18B20_READ_BYTE?DS18B20

?PR?DS18B20_READ_BYTE?DS18B20               0A7DH    0002H
  +--> ?PR?DS18B20_READ_BIT?DS18B20

?PR?DS18B20_READ_BIT?DS18B20                0A7FH    0001H
  +--> ?PR?DS18B20_MODE_OUT?DS18B20
  +--> ?PR?_DELAY_US?SYSTEM
  +--> ?PR?DS18B20_MODE_IPU?DS18B20



SYMBOL TABLE OF MODULE:  .\Objects\TEST (MAIN)

  VALUE           TYPE          NAME
  ----------------------------------

  -------         MODULE        MAIN
  C:0000H         SYMBOL        _ICE_DUMMY_
  D:0080H         PUBLIC        P0
  D:0090H         PUBLIC        P1
  D:00A0H         PUBLIC        P2
  D:00B0H         PUBLIC        P3
BL51 BANKED LINKER/LOCATER V6.22                                                      06/08/2022  15:56:11  PAGE 5


  D:00C0H         PUBLIC        P4
  D:00C8H         PUBLIC        P5
  D:00E8H         PUBLIC        P6
  D:00F8H         PUBLIC        P7
  X:0B3EH         PUBLIC        ID
  D:00A8H         PUBLIC        IE
  D:00B8H         PUBLIC        IP
  D:00D8H         PUBLIC        CCON
  C:1062H         PUBLIC        main
  D:0098H         PUBLIC        SCON
  D:0088H         PUBLIC        TCON
  X:0B48H         PUBLIC        Disbuf
  D:00D0H         PUBLIC        PSW
  -------         PROC          MAIN
  -------         DO            
  X:0A70H         SYMBOL        temp
  D:0002H         SYMBOL        temper
  X:0A74H         SYMBOL        i
  -------         ENDDO         
  C:1062H         LINE#         39
  C:1062H         LINE#         40
  C:1062H         LINE#         41
  C:106CH         LINE#         43
  C:1071H         LINE#         45
  C:1074H         LINE#         46
  C:1077H         LINE#         47
  C:107AH         LINE#         49
  C:107AH         LINE#         50
  C:107AH         LINE#         51
  C:107DH         LINE#         53
  C:1086H         LINE#         54
  C:1086H         LINE#         55
  C:1093H         LINE#         56
  C:10A0H         LINE#         58
  C:10A7H         LINE#         59
  C:10A7H         LINE#         60
  C:10ADH         LINE#         61
  C:10AFH         LINE#         62
  C:10B6H         LINE#         63
  C:10B6H         LINE#         64
  C:10C3H         LINE#         65
  C:10C3H         LINE#         67
  C:10C8H         LINE#         68
  C:10C8H         LINE#         69
  C:10D5H         LINE#         70
  C:10E2H         LINE#         71
  C:10EBH         LINE#         72
  C:10F4H         LINE#         73
  C:1102H         LINE#         74
  C:1121H         LINE#         75
  C:1136H         LINE#         76
  C:114DH         LINE#         77
  C:1151H         LINE#         78
  C:1168H         LINE#         79
  C:1178H         LINE#         80
  C:118AH         LINE#         82
  C:1193H         LINE#         83
BL51 BANKED LINKER/LOCATER V6.22                                                      06/08/2022  15:56:11  PAGE 6


  C:1193H         LINE#         84
  C:119DH         LINE#         85
  C:119FH         LINE#         86
  C:119FH         LINE#         87
  C:11B0H         LINE#         88
  C:11B0H         LINE#         90
  C:11B0H         LINE#         92
  C:11B5H         LINE#         93
  C:11BCH         LINE#         94
  C:11C9H         LINE#         95
  C:11C9H         LINE#         97
  C:11D0H         LINE#         98
  -------         ENDPROC       MAIN
  -------         ENDMOD        MAIN

  -------         MODULE        SYSTEM
  C:0000H         SYMBOL        _ICE_DUMMY_
  D:0092H         PUBLIC        P1M0
  D:0093H         PUBLIC        P0M1
  C:15EAH         PUBLIC        System_Init
  D:0096H         PUBLIC        P2M0
  D:0091H         PUBLIC        P1M1
  D:0080H         PUBLIC        P0
  D:00B2H         PUBLIC        P3M0
  D:0095H         PUBLIC        P2M1
  D:0090H         PUBLIC        P1
  D:00B4H         PUBLIC        P4M0
  D:00B1H         PUBLIC        P3M1
  D:00A0H         PUBLIC        P2
  D:00CAH         PUBLIC        P5M0
  D:00B3H         PUBLIC        P4M1
  D:00B0H         PUBLIC        P3
  D:00CCH         PUBLIC        P6M0
  D:00C9H         PUBLIC        P5M1
  D:00C0H         PUBLIC        P4
  D:00E2H         PUBLIC        P7M0
  D:00CBH         PUBLIC        P6M1
  D:00C8H         PUBLIC        P5
  D:00E1H         PUBLIC        P7M1
  D:00E8H         PUBLIC        P6
  D:00F8H         PUBLIC        P7
  D:00BAH         PUBLIC        P_SW2
  D:00A8H         PUBLIC        IE
  D:00B8H         PUBLIC        IP
  D:00D8H         PUBLIC        CCON
  C:19B9H         PUBLIC        _Delay_ms
  D:0098H         PUBLIC        SCON
  D:0088H         PUBLIC        TCON
  C:19EEH         PUBLIC        _Delay_us
  D:00FFH         PUBLIC        RSTCFG
  D:00D0H         PUBLIC        PSW
  D:0094H         PUBLIC        P0M0
  -------         PROC          _DELAY_MS
  D:0006H         SYMBOL        ms
  -------         DO            
  D:0004H         SYMBOL        i
  -------         ENDDO         
BL51 BANKED LINKER/LOCATER V6.22                                                      06/08/2022  15:56:11  PAGE 7


  C:19B9H         LINE#         14
  C:19B9H         LINE#         15
  C:19B9H         LINE#         17
  C:19C3H         LINE#         18
  C:19C3H         LINE#         19
  C:19D6H         LINE#         20
  C:19D6H         LINE#         21
  -------         ENDPROC       _DELAY_MS
  -------         PROC          _DELAY_US
  D:0006H         SYMBOL        us
  -------         DO            
  D:0005H         SYMBOL        i
  -------         ENDDO         
  C:19EEH         LINE#         36
  C:19EEH         LINE#         37
  C:19EEH         LINE#         39
  C:19F8H         LINE#         40
  C:19F8H         LINE#         41
  C:19F9H         LINE#         42
  C:19FAH         LINE#         43
  C:19FCH         LINE#         44
  C:1A02H         LINE#         46
  -------         ENDPROC       _DELAY_US
  -------         PROC          SYSTEM_INIT
  C:15EAH         LINE#         56
  C:15EAH         LINE#         57
  C:15EAH         LINE#         58
  C:15F1H         LINE#         59
  C:15F4H         LINE#         60
  C:15FBH         LINE#         61
  C:1602H         LINE#         62
  C:1608H         LINE#         63
  C:160CH         LINE#         64
  C:160FH         LINE#         67
  C:1612H         LINE#         71
  C:1617H         LINE#         73
  C:161CH         LINE#         75
  C:1621H         LINE#         77
  C:1626H         LINE#         79
  C:162BH         LINE#         81
  C:1630H         LINE#         83
  C:1635H         LINE#         87
  C:163BH         LINE#         89
  C:1641H         LINE#         90
  -------         ENDPROC       SYSTEM_INIT
  -------         ENDMOD        SYSTEM

  -------         MODULE        LCD12864
  C:0000H         SYMBOL        _ICE_DUMMY_
  D:0093H         PUBLIC        P0M1
  D:0096H         PUBLIC        P2M0
  D:0080H         PUBLIC        P0
  D:0095H         PUBLIC        P2M1
  D:0090H         PUBLIC        P1
  C:1809H         PUBLIC        _SetLCD
  D:00A0H         PUBLIC        P2
  C:1589H         PUBLIC        LCD12864_Software_Init
BL51 BANKED LINKER/LOCATER V6.22                                                      06/08/2022  15:56:11  PAGE 8


  D:00B0H         PUBLIC        P3
  D:00C0H         PUBLIC        P4
  D:00C8H         PUBLIC        P5
  D:00E8H         PUBLIC        P6
  D:00F8H         PUBLIC        P7
  C:1A37H         PUBLIC        _SetOnOff
  D:00A8H         PUBLIC        IE
  X:0000H         PUBLIC        ascll
  D:00B8H         PUBLIC        IP
  C:1A20H         PUBLIC        _SetColumn
  D:00D8H         PUBLIC        CCON
  C:1A03H         PUBLIC        LCD_ALL_DIR_OUT
  X:0800H         PUBLIC        Ezk
  X:0900H         PUBLIC        Hzk
  C:136CH         PUBLIC        _Displayen
  D:0098H         PUBLIC        SCON
  C:140AH         PUBLIC        _Show_Num
  D:0088H         PUBLIC        TCON
  C:1A29H         PUBLIC        _SetLine
  C:1997H         PUBLIC        _Show_Hz
  C:1930H         PUBLIC        _SelectScreen
  C:1A30H         PUBLIC        _SetStartLine
  C:1522H         PUBLIC        _ClearScreen
  C:11D3H         PUBLIC        _Display
  C:16EEH         PUBLIC        _LCD12864_WriteByte
  C:1848H         PUBLIC        lcd_rol
  C:1788H         PUBLIC        _SendCommandToLCD
  D:00D0H         PUBLIC        PSW
  D:0094H         PUBLIC        P0M0
  -------         PROC          _SENDCOMMANDTOLCD
  X:0A82H         SYMBOL        com
  C:1788H         LINE#         11
  C:178DH         LINE#         12
  C:178DH         LINE#         13
  C:1794H         LINE#         14
  C:1797H         LINE#         15
  C:179EH         LINE#         16
  C:17A1H         LINE#         17
  C:17A4H         LINE#         18
  C:17AAH         LINE#         19
  C:17B1H         LINE#         20
  C:17B4H         LINE#         21
  C:17BBH         LINE#         22
  C:17BEH         LINE#         23
  C:17C5H         LINE#         24
  C:17C8H         LINE#         25
  -------         ENDPROC       _SENDCOMMANDTOLCD
  -------         PROC          _SETLCD
  X:0B4EH         SYMBOL        page
  X:0B4FH         SYMBOL        startline
  X:0B50H         SYMBOL        column
  C:1809H         LINE#         33
  C:1814H         LINE#         34
  C:1814H         LINE#         35
  C:181BH         LINE#         36
  C:1823H         LINE#         37
  C:182AH         LINE#         38
BL51 BANKED LINKER/LOCATER V6.22                                                      06/08/2022  15:56:11  PAGE 9


  C:1832H         LINE#         39
  C:1839H         LINE#         40
  C:1841H         LINE#         41
  -------         ENDPROC       _SETLCD
  -------         PROC          _SETLINE
  D:0007H         SYMBOL        page
  C:1A29H         LINE#         44
  C:1A29H         LINE#         45
  C:1A29H         LINE#         46
  C:1A2DH         LINE#         47
  -------         ENDPROC       _SETLINE
  -------         PROC          _SETSTARTLINE
  D:0007H         SYMBOL        startline
  C:1A30H         LINE#         51
  C:1A30H         LINE#         52
  C:1A30H         LINE#         53
  C:1A34H         LINE#         54
  -------         ENDPROC       _SETSTARTLINE
  -------         PROC          _SETCOLUMN
  D:0007H         SYMBOL        column
  C:1A20H         LINE#         58
  C:1A20H         LINE#         59
  C:1A20H         LINE#         60
  C:1A23H         LINE#         61
  C:1A26H         LINE#         62
  -------         ENDPROC       _SETCOLUMN
  -------         PROC          _SETONOFF
  D:0007H         SYMBOL        onoff
  C:1A37H         LINE#         67
  C:1A37H         LINE#         68
  C:1A37H         LINE#         69
  C:1A3BH         LINE#         70
  -------         ENDPROC       _SETONOFF
  C:16EAH         SYMBOL        L?0053
  -------         PROC          L?0052
  -------         ENDPROC       L?0052
  C:16EAH         SYMBOL        L?0053
  -------         PROC          _LCD12864_WRITEBYTE
  X:0A82H         SYMBOL        dat
  C:16EEH         LINE#         79
  C:16F3H         LINE#         80
  C:16F3H         LINE#         81
  C:16FAH         LINE#         82
  C:16FDH         LINE#         83
  C:1704H         LINE#         84
  C:1707H         LINE#         85
  C:170EH         LINE#         86
  C:1711H         LINE#         87
  C:1714H         LINE#         88
  C:171AH         LINE#         89
  C:1721H         LINE#         90
  C:1724H         LINE#         91
  C:172BH         LINE#         92
  C:172EH         LINE#         93
  C:1735H         LINE#         94
  C:1738H         LINE#         95
  -------         ENDPROC       _LCD12864_WRITEBYTE
BL51 BANKED LINKER/LOCATER V6.22                                                      06/08/2022  15:56:11  PAGE 10


  -------         PROC          _SELECTSCREEN
  D:0007H         SYMBOL        screen
  C:1930H         LINE#         105
  C:1930H         LINE#         106
  C:1930H         LINE#         107
  C:193BH         LINE#         108
  C:193BH         LINE#         109
  C:193EH         LINE#         110
  C:193EH         LINE#         111
  C:193EH         LINE#         112
  C:193EH         LINE#         113
  C:1940H         LINE#         114
  C:1943H         LINE#         115
  C:194AH         LINE#         116
  C:194DH         LINE#         117
  C:194DH         LINE#         118
  C:194FH         LINE#         119
  C:1952H         LINE#         120
  C:1959H         LINE#         121
  C:195CH         LINE#         122
  C:1963H         LINE#         123
  C:1963H         LINE#         124
  C:1963H         LINE#         125
  C:1963H         LINE#         126
  -------         ENDPROC       _SELECTSCREEN
  -------         PROC          _CLEARSCREEN
  X:0A75H         SYMBOL        screen
  C:1522H         LINE#         134
  C:1527H         LINE#         135
  C:1527H         LINE#         136
  C:1533H         LINE#         137
  C:1533H         LINE#         138
  C:153AH         LINE#         139
  C:153FH         LINE#         140
  C:1544H         LINE#         141
  C:1550H         LINE#         142
  C:155CH         LINE#         143
  C:1568H         LINE#         144
  C:1574H         LINE#         145
  C:1580H         LINE#         146
  C:1588H         LINE#         147
  -------         ENDPROC       _CLEARSCREEN
  -------         PROC          LCD_ROL
  -------         DO            
  X:0B51H         SYMBOL        i
  -------         ENDDO         
  C:1848H         LINE#         155
  C:1848H         LINE#         156
  C:1848H         LINE#         158
  C:1857H         LINE#         159
  C:1857H         LINE#         160
  C:185AH         LINE#         161
  C:1861H         LINE#         162
  C:1864H         LINE#         163
  C:1867H         LINE#         164
  C:1874H         LINE#         165
  C:1877H         LINE#         166
BL51 BANKED LINKER/LOCATER V6.22                                                      06/08/2022  15:56:11  PAGE 11


  C:187EH         LINE#         167
  C:1886H         LINE#         168
  -------         ENDPROC       LCD_ROL
  -------         PROC          LCD12864_SOFTWARE_INIT
  C:1589H         LINE#         176
  C:1589H         LINE#         177
  C:1589H         LINE#         178
  C:158CH         LINE#         179
  C:1593H         LINE#         180
  C:1598H         LINE#         181
  C:159DH         LINE#         182
  C:15A4H         LINE#         183
  C:15A9H         LINE#         184
  C:15AEH         LINE#         185
  C:15B5H         LINE#         186
  C:15BAH         LINE#         187
  C:15BFH         LINE#         188
  C:15C6H         LINE#         189
  C:15CBH         LINE#         190
  C:15D2H         LINE#         191
  C:15D7H         LINE#         192
  C:15DEH         LINE#         193
  C:15E3H         LINE#         194
  -------         ENDPROC       LCD12864_SOFTWARE_INIT
  -------         PROC          L?0051
  -------         ENDPROC       L?0051
  -------         PROC          _SHOW_HZ
  D:0006H         SYMBOL        x
  D:0005H         SYMBOL        y
  D:0004H         SYMBOL        hz
  -------         DO            
  D:0007H         SYMBOL        l_r
  -------         ENDDO         
  C:1997H         LINE#         203
  C:199BH         LINE#         204
  C:199BH         LINE#         205
  C:199DH         LINE#         206
  C:19A3H         LINE#         207
  C:19A6H         LINE#         209
  C:19A8H         LINE#         210
  -------         ENDPROC       _SHOW_HZ
  -------         PROC          _SHOW_NUM
  X:0A75H         SYMBOL        x
  X:0A76H         SYMBOL        y
  X:0A77H         SYMBOL        str
  -------         DO            
  X:0A7AH         SYMBOL        l_r
  X:0A7BH         SYMBOL        i
  -------         ENDDO         
  C:140AH         LINE#         219
  C:141BH         LINE#         220
  C:141BH         LINE#         221
  C:1420H         LINE#         222
  C:1430H         LINE#         223
  C:1430H         LINE#         224
  C:1439H         LINE#         225
  C:1442H         LINE#         226
BL51 BANKED LINKER/LOCATER V6.22                                                      06/08/2022  15:56:11  PAGE 12


  C:1454H         LINE#         227
  C:1457H         LINE#         228
  C:148DH         LINE#         229
  C:1493H         LINE#         230
  C:1495H         LINE#         231
  -------         ENDPROC       _SHOW_NUM
  -------         PROC          _DISPLAY
  X:0A76H         SYMBOL        ss
  X:0A77H         SYMBOL        page
  X:0A78H         SYMBOL        column
  X:0A79H         SYMBOL        number
  -------         DO            
  X:0A7AH         SYMBOL        i
  -------         ENDDO         
  C:11D3H         LINE#         239
  C:11DEH         LINE#         240
  C:11DEH         LINE#         242
  C:11E3H         LINE#         243
  C:11EBH         LINE#         244
  C:11F2H         LINE#         245
  C:11FAH         LINE#         246
  C:1202H         LINE#         247
  C:121BH         LINE#         248
  C:121BH         LINE#         249
  C:1238H         LINE#         250
  C:1248H         LINE#         251
  C:1251H         LINE#         252
  C:1259H         LINE#         253
  C:1272H         LINE#         254
  C:1272H         LINE#         255
  C:128FH         LINE#         256
  C:129FH         LINE#         257
  -------         ENDPROC       _DISPLAY
  -------         PROC          _DISPLAYEN
  D:0007H         SYMBOL        ss
  X:0A7DH         SYMBOL        page
  X:0A7EH         SYMBOL        column
  X:0A7FH         SYMBOL        num
  -------         DO            
  X:0A80H         SYMBOL        i
  X:0A81H         SYMBOL        number
  -------         ENDDO         
  C:136CH         LINE#         265
  C:1374H         LINE#         266
  C:1374H         LINE#         268
  C:137AH         LINE#         269
  C:137DH         LINE#         270
  C:1384H         LINE#         271
  C:138CH         LINE#         272
  C:1394H         LINE#         273
  C:13A3H         LINE#         274
  C:13A3H         LINE#         275
  C:13BEH         LINE#         276
  C:13C6H         LINE#         277
  C:13CFH         LINE#         278
  C:13D7H         LINE#         279
  C:13E6H         LINE#         280
BL51 BANKED LINKER/LOCATER V6.22                                                      06/08/2022  15:56:11  PAGE 13


  C:13E6H         LINE#         281
  C:1401H         LINE#         282
  C:1409H         LINE#         283
  -------         ENDPROC       _DISPLAYEN
  -------         PROC          LCD_ALL_DIR_OUT
  C:1A03H         LINE#         291
  C:1A03H         LINE#         292
  C:1A03H         LINE#         293
  C:1A09H         LINE#         294
  C:1A0FH         LINE#         295
  C:1A12H         LINE#         296
  C:1A15H         LINE#         297
  -------         ENDPROC       LCD_ALL_DIR_OUT
  -------         ENDMOD        LCD12864

  -------         MODULE        DS18B20
  C:0000H         SYMBOL        _ICE_DUMMY_
  D:0096H         PUBLIC        P2M0
  D:0080H         PUBLIC        P0
  D:0095H         PUBLIC        P2M1
  D:0090H         PUBLIC        P1
  D:00A0H         PUBLIC        P2
  D:00B0H         PUBLIC        P3
  D:00C0H         PUBLIC        P4
  D:00C8H         PUBLIC        P5
  C:18C3H         PUBLIC        DS18B20_Read_Bit
  D:00E8H         PUBLIC        P6
  D:00F8H         PUBLIC        P7
  C:1739H         PUBLIC        _DS18B20_Write_Byte
  D:00A8H         PUBLIC        IE
  X:0AFDH         PUBLIC        DS18B20_ID
  C:1964H         PUBLIC        _DS18B20_Write_Bit
  D:00B8H         PUBLIC        IP
  C:1A16H         PUBLIC        DS18B20_Init
  C:12A0H         PUBLIC        _DS18B20_Get_Temp
  D:00D8H         PUBLIC        CCON
  C:1A4CH         PUBLIC        DS18B20_Mode_Out
  D:0098H         PUBLIC        SCON
  D:0088H         PUBLIC        TCON
  X:0B3DH         PUBLIC        DS18B20_SensorNum
  C:169AH         PUBLIC        DS18B20_Read_2Bit
  B:00A0H.7       PUBLIC        P27
  C:1642H         PUBLIC        DS18B20_Answer_Check
  C:19D7H         PUBLIC        DS18B20_Rst
  C:17C9H         SYMBOL        _?ix1000
  C:1A45H         PUBLIC        DS18B20_Mode_IPU
  C:0E24H         PUBLIC        DS18B20_Search_Rom
  C:1A3EH         PUBLIC        DS18B20_GPIO_Config
  D:00D0H         PUBLIC        PSW
  C:18FAH         PUBLIC        DS18B20_Read_Byte
  -------         PROC          DS18B20_GPIO_CONFIG
  C:1A3EH         LINE#         19
  C:1A3EH         LINE#         20
  C:1A3EH         LINE#         21
  C:1A41H         LINE#         22
  C:1A44H         LINE#         23
  -------         ENDPROC       DS18B20_GPIO_CONFIG
BL51 BANKED LINKER/LOCATER V6.22                                                      06/08/2022  15:56:11  PAGE 14


  -------         PROC          DS18B20_MODE_IPU
  C:1A45H         LINE#         25
  C:1A45H         LINE#         26
  C:1A45H         LINE#         27
  C:1A4BH         LINE#         28
  -------         ENDPROC       DS18B20_MODE_IPU
  -------         PROC          DS18B20_MODE_OUT
  C:1A4CH         LINE#         30
  C:1A4CH         LINE#         31
  C:1A4CH         LINE#         32
  C:1A52H         LINE#         33
  -------         ENDPROC       DS18B20_MODE_OUT
  -------         PROC          DS18B20_RST
  C:19D7H         LINE#         35
  C:19D7H         LINE#         36
  C:19D7H         LINE#         37
  C:19DAH         LINE#         38
  C:19DDH         LINE#         39
  C:19E4H         LINE#         40
  C:19E7H         LINE#         41
  -------         ENDPROC       DS18B20_RST
  -------         PROC          DS18B20_ANSWER_CHECK
  -------         DO            
  X:0A7DH         SYMBOL        delay
  -------         ENDDO         
  C:1642H         LINE#         44
  C:1642H         LINE#         45
  C:1642H         LINE#         46
  C:1647H         LINE#         47
  C:164AH         LINE#         49
  C:1656H         LINE#         50
  C:1656H         LINE#         51
  C:1659H         LINE#         52
  C:1660H         LINE#         53
  C:1662H         LINE#         55
  C:166BH         LINE#         56
  C:166EH         LINE#         58
  C:1673H         LINE#         60
  C:167FH         LINE#         61
  C:167FH         LINE#         62
  C:1682H         LINE#         63
  C:1689H         LINE#         64
  C:168BH         LINE#         66
  C:1694H         LINE#         67
  C:1697H         LINE#         69
  C:1699H         LINE#         70
  -------         ENDPROC       DS18B20_ANSWER_CHECK
  -------         PROC          DS18B20_READ_BIT
  -------         DO            
  X:0A7FH         SYMBOL        wdata
  -------         ENDDO         
  C:18C3H         LINE#         73
  C:18C3H         LINE#         74
  C:18C3H         LINE#         76
  C:18C6H         LINE#         77
  C:18C9H         LINE#         78
  C:18D0H         LINE#         79
BL51 BANKED LINKER/LOCATER V6.22                                                      06/08/2022  15:56:11  PAGE 15


  C:18D3H         LINE#         80
  C:18DAH         LINE#         81
  C:18DDH         LINE#         83
  C:18E0H         LINE#         84
  C:18E8H         LINE#         86
  C:18EDH         LINE#         88
  C:18F4H         LINE#         89
  C:18F9H         LINE#         90
  -------         ENDPROC       DS18B20_READ_BIT
  -------         PROC          DS18B20_READ_2BIT
  -------         DO            
  X:0AFBH         SYMBOL        i
  X:0AFCH         SYMBOL        dat
  -------         ENDDO         
  C:169AH         LINE#         93
  C:169AH         LINE#         94
  C:169AH         LINE#         96
  C:169FH         LINE#         98
  C:16A5H         LINE#         99
  C:16A5H         LINE#         100
  C:16ADH         LINE#         101
  C:16B0H         LINE#         102
  C:16B3H         LINE#         103
  C:16BAH         LINE#         104
  C:16BDH         LINE#         105
  C:16C0H         LINE#         106
  C:16C7H         LINE#         108
  C:16D1H         LINE#         110
  C:16D8H         LINE#         111
  C:16E4H         LINE#         113
  C:16E9H         LINE#         114
  -------         ENDPROC       DS18B20_READ_2BIT
  -------         PROC          DS18B20_READ_BYTE
  -------         DO            
  X:0A7DH         SYMBOL        i
  D:0004H         SYMBOL        j
  X:0A7EH         SYMBOL        dat
  -------         ENDDO         
  C:18FAH         LINE#         117
  C:18FAH         LINE#         118
  C:18FAH         LINE#         120
  C:18FFH         LINE#         122
  C:1903H         LINE#         123
  C:1903H         LINE#         124
  C:1908H         LINE#         125
  C:191EH         LINE#         126
  C:192AH         LINE#         128
  C:192FH         LINE#         129
  -------         ENDPROC       DS18B20_READ_BYTE
  -------         PROC          _DS18B20_WRITE_BIT
  D:0007H         SYMBOL        dat
  C:1964H         LINE#         132
  C:1964H         LINE#         133
  C:1964H         LINE#         134
  C:1967H         LINE#         136
  C:196AH         LINE#         137
  C:196AH         LINE#         138
BL51 BANKED LINKER/LOCATER V6.22                                                      06/08/2022  15:56:11  PAGE 16


  C:196DH         LINE#         139
  C:1974H         LINE#         140
  C:1977H         LINE#         141
  C:1979H         LINE#         142
  C:197BH         LINE#         144
  C:197BH         LINE#         145
  C:197EH         LINE#         146
  C:1985H         LINE#         147
  C:1988H         LINE#         148
  C:198FH         LINE#         149
  C:198FH         LINE#         150
  -------         ENDPROC       _DS18B20_WRITE_BIT
  -------         PROC          _DS18B20_WRITE_BYTE
  X:0AFBH         SYMBOL        dat
  -------         DO            
  X:0AFCH         SYMBOL        j
  D:0006H         SYMBOL        testb
  -------         ENDDO         
  C:1739H         LINE#         153
  C:173EH         LINE#         154
  C:173EH         LINE#         157
  C:1741H         LINE#         159
  C:1745H         LINE#         160
  C:1745H         LINE#         161
  C:174DH         LINE#         162
  C:1751H         LINE#         164
  C:1756H         LINE#         165
  C:1756H         LINE#         166
  C:1759H         LINE#         167
  C:1760H         LINE#         168
  C:1763H         LINE#         169
  C:1765H         LINE#         170
  C:1767H         LINE#         172
  C:1767H         LINE#         173
  C:176AH         LINE#         174
  C:1771H         LINE#         175
  C:1774H         LINE#         176
  C:177BH         LINE#         177
  C:177BH         LINE#         178
  C:1787H         LINE#         179
  -------         ENDPROC       _DS18B20_WRITE_BYTE
  -------         PROC          DS18B20_INIT
  C:1A16H         LINE#         182
  C:1A16H         LINE#         183
  C:1A16H         LINE#         184
  C:1A19H         LINE#         185
  C:1A1CH         LINE#         186
  C:1A1FH         LINE#         187
  -------         ENDPROC       DS18B20_INIT
  -------         PROC          _DS18B20_GET_TEMP
  X:0A75H         SYMBOL        i
  -------         DO            
  X:0A76H         SYMBOL        j
  X:0A77H         SYMBOL        TL
  X:0A78H         SYMBOL        TH
  D:0006H         SYMBOL        Temperature
  X:0A79H         SYMBOL        Temperature1
BL51 BANKED LINKER/LOCATER V6.22                                                      06/08/2022  15:56:11  PAGE 17


  -------         ENDDO         
  C:12A0H         LINE#         190
  C:12A5H         LINE#         191
  C:12A5H         LINE#         197
  C:12A8H         LINE#         198
  C:12ABH         LINE#         199
  C:12B0H         LINE#         200
  C:12B5H         LINE#         201
  C:12B8H         LINE#         202
  C:12BBH         LINE#         205
  C:12C0H         LINE#         207
  C:12CFH         LINE#         208
  C:12CFH         LINE#         209
  C:12EFH         LINE#         210
  C:12F7H         LINE#         212
  C:12FCH         LINE#         213
  C:1304H         LINE#         214
  C:130CH         LINE#         216
  C:1310H         LINE#         217
  C:1310H         LINE#         219
  C:1318H         LINE#         220
  C:132DH         LINE#         221
  C:133BH         LINE#         222
  C:133DH         LINE#         224
  C:133DH         LINE#         226
  C:135DH         LINE#         227
  C:135DH         LINE#         229
  C:136BH         LINE#         230
  -------         ENDPROC       _DS18B20_GET_TEMP
  -------         PROC          DS18B20_SEARCH_ROM
  -------         DO            
  X:0A75H         SYMBOL        tree_num
  X:0AB5H         SYMBOL        Rom
  X:0AF5H         SYMBOL        i
  X:0AF6H         SYMBOL        j
  X:0AF7H         SYMBOL        k
  D:0007H         SYMBOL        l
  X:0AF8H         SYMBOL        r1
  D:0007H         SYMBOL        d
  X:0AF9H         SYMBOL        rom_sbit
  X:0AFAH         SYMBOL        rom_out
  -------         ENDDO         
  C:0E24H         LINE#         233
  C:0E24H         LINE#         234
  C:0E24H         LINE#         235
  C:0E37H         LINE#         236
  C:0E3EH         LINE#         238
  C:0E42H         LINE#         239
  C:0E42H         LINE#         240
  C:0E45H         LINE#         241
  C:0E4CH         LINE#         242
  C:0E51H         LINE#         244
  C:0E56H         LINE#         245
  C:0E56H         LINE#         246
  C:0E5EH         LINE#         247
  C:0E62H         LINE#         249
  C:0E65H         LINE#         250
BL51 BANKED LINKER/LOCATER V6.22                                                      06/08/2022  15:56:11  PAGE 18


  C:0E65H         LINE#         251
  C:0E65H         LINE#         252
  C:0E65H         LINE#         253
  C:0E68H         LINE#         254
  C:0E6FH         LINE#         255
  C:0E6FH         LINE#         256
  C:0E6FH         LINE#         257
  C:0E6FH         LINE#         258
  C:0E72H         LINE#         260
  C:0E72H         LINE#         261
  C:0E82H         LINE#         262
  C:0E82H         LINE#         263
  C:0E93H         LINE#         264
  C:0E96H         LINE#         265
  C:0E96H         LINE#         266
  C:0E98H         LINE#         267
  C:0EAEH         LINE#         268
  C:0EAEH         LINE#         269
  C:0EB2H         LINE#         271
  C:0EC2H         LINE#         272
  C:0EC2H         LINE#         273
  C:0ED9H         LINE#         274
  C:0EE1H         LINE#         276
  C:0EE8H         LINE#         277
  C:0EE8H         LINE#         278
  C:0EF6H         LINE#         279
  C:0EF6H         LINE#         280
  C:0EF8H         LINE#         282
  C:0EF8H         LINE#         283
  C:0F08H         LINE#         284
  C:0F0CH         LINE#         285
  C:0F1DH         LINE#         287
  C:0F26H         LINE#         288
  C:0F26H         LINE#         289
  C:0F32H         LINE#         290
  C:0F35H         LINE#         291
  C:0F35H         LINE#         292
  C:0F35H         LINE#         294
  C:0F35H         LINE#         295
  C:0F45H         LINE#         296
  C:0F49H         LINE#         297
  C:0F49H         LINE#         298
  C:0F49H         LINE#         300
  C:0F51H         LINE#         301
  C:0F51H         LINE#         302
  C:0F55H         LINE#         304
  C:0F63H         LINE#         305
  C:0F63H         LINE#         306
  C:0F7AH         LINE#         307
  C:0F82H         LINE#         309
  C:0F89H         LINE#         310
  C:0F89H         LINE#         311
  C:0F8CH         LINE#         312
  C:0F8CH         LINE#         313
  C:0F8CH         LINE#         314
  C:0F9BH         LINE#         316
  C:0FACH         LINE#         317
BL51 BANKED LINKER/LOCATER V6.22                                                      06/08/2022  15:56:11  PAGE 19


  C:0FACH         LINE#         318
  C:0FAEH         LINE#         319
  C:0FAEH         LINE#         320
  C:0FC1H         LINE#         321
  C:0FC1H         LINE#         322
  C:0FE8H         LINE#         323
  C:1004H         LINE#         324
  C:1006H         LINE#         326
  C:1006H         LINE#         327
  C:102FH         LINE#         328
  C:102FH         LINE#         329
  C:1038H         LINE#         330
  C:1042H         LINE#         332
  C:1048H         LINE#         333
  C:1048H         LINE#         334
  C:1051H         LINE#         335
  C:1052H         LINE#         336
  C:1052H         LINE#         337
  C:1061H         LINE#         338
  -------         ENDPROC       DS18B20_SEARCH_ROM
  -------         ENDMOD        DS18B20

  -------         MODULE        ?C?FPMUL
  C:0A9AH         PUBLIC        ?C?FPMUL
  -------         ENDMOD        ?C?FPMUL

  -------         MODULE        ?C?FCAST
  C:0BAAH         PUBLIC        ?C?FCASTC
  C:0BA5H         PUBLIC        ?C?FCASTI
  C:0BA0H         PUBLIC        ?C?FCASTL
  -------         ENDMOD        ?C?FCAST

  -------         MODULE        ?C?CASTF
  C:0BDEH         PUBLIC        ?C?CASTF
  -------         ENDMOD        ?C?CASTF

  -------         MODULE        ?C?COPY
  C:0D2FH         PUBLIC        ?C?COPY
  -------         ENDMOD        ?C?COPY

  -------         MODULE        ?C?CLDPTR
  C:0D55H         PUBLIC        ?C?CLDPTR
  -------         ENDMOD        ?C?CLDPTR

  -------         MODULE        ?C?UIDIV
  C:0D6EH         PUBLIC        ?C?UIDIV
  -------         ENDMOD        ?C?UIDIV

  -------         MODULE        ?C?ILDIX
  C:0DC3H         PUBLIC        ?C?ILDIX
  -------         ENDMOD        ?C?ILDIX

  -------         MODULE        ?C?LNEG
  C:0DD9H         PUBLIC        ?C?LNEG
  -------         ENDMOD        ?C?LNEG

  -------         MODULE        ?C?LSTXDATA
BL51 BANKED LINKER/LOCATER V6.22                                                      06/08/2022  15:56:11  PAGE 20


  C:0DE7H         PUBLIC        ?C?LSTXDATA
  -------         ENDMOD        ?C?LSTXDATA

  -------         MODULE        ?C?LSTKXDATA
  C:0DF3H         PUBLIC        ?C?LSTKXDATA
  -------         ENDMOD        ?C?LSTKXDATA

*** WARNING L16: UNCALLED SEGMENT, IGNORED FOR OVERLAY PROCESS
    SEGMENT: ?PR?_SETLCD?LCD12864

*** WARNING L16: UNCALLED SEGMENT, IGNORED FOR OVERLAY PROCESS
    SEGMENT: ?PR?LCD_ROL?LCD12864

Program Size: data=9.0 xdata=2898 code=6739
LINK/LOCATE RUN COMPLETE.  2 WARNING(S),  0 ERROR(S)
