BL51 BANKED LINKER/LOCATER V6.22                                                        06/07/2022  09:22:54  PAGE 1


BL51 BANKED LINKER/LOCATER V6.22, INVOKED BY:
D:\KEIL_V5\C51\BIN\BL51.EXE .\Objects\main.obj, .\Objects\System.obj, .\Objects\led.obj, .\Objects\exti.obj TO .\Objects
>> \TEST PRINT (.\Listings\TEST.m51) RAMSIZE (256)


MEMORY MODEL: LARGE


INPUT MODULES INCLUDED:
  .\Objects\main.obj (MAIN)
  .\Objects\System.obj (SYSTEM)
  .\Objects\led.obj (LED)
  .\Objects\exti.obj (EXTI)
  D:\KEIL_V5\C51\LIB\C51L.LIB (?C_STARTUP)


LINK MAP OF MODULE:  .\Objects\TEST (MAIN)


            TYPE    BASE      LENGTH    RELOCATION   SEGMENT NAME
            -----------------------------------------------------

            * * * * * * *   D A T A   M E M O R Y   * * * * * * *
            REG     0000H     0008H     ABSOLUTE     "REG BANK 0"
            IDATA   0008H     0001H     UNIT         ?STACK

            * * * * * * *   C O D E   M E M O R Y   * * * * * * *
            CODE    0000H     0003H     ABSOLUTE     
            CODE    0003H     0003H     ABSOLUTE     
            CODE    0006H     000CH     UNIT         ?C_C51STARTUP
                    0012H     0001H                  *** GAP ***
            CODE    0013H     0003H     ABSOLUTE     
            CODE    0016H     0058H     UNIT         ?PR?SYSTEM_INIT?SYSTEM
            CODE    006EH     001EH     UNIT         ?PR?_DELAY_MS?SYSTEM
            CODE    008CH     000FH     UNIT         ?PR?LED_CONFIGURE?LED
            CODE    009BH     000BH     UNIT         ?PR?MAIN?MAIN
            CODE    00A6H     000BH     UNIT         ?PR?EXTI_CONFIGURE?EXTI
            CODE    00B1H     0005H     UNIT         ?PR?EXTI0_IRQHANDLER?EXTI
            CODE    00B6H     0005H     UNIT         ?PR?EXTI1_IRQHANDLER?EXTI



OVERLAY MAP OF MODULE:   .\Objects\TEST (MAIN)


SEGMENT
  +--> CALLED SEGMENT
---------------------
?C_C51STARTUP
  +--> ?PR?MAIN?MAIN

?PR?MAIN?MAIN
  +--> ?PR?SYSTEM_INIT?SYSTEM
  +--> ?PR?LED_CONFIGURE?LED
  +--> ?PR?EXTI_CONFIGURE?EXTI

?PR?SYSTEM_INIT?SYSTEM
  +--> ?PR?_DELAY_MS?SYSTEM
BL51 BANKED LINKER/LOCATER V6.22                                                      06/07/2022  09:22:54  PAGE 2





SYMBOL TABLE OF MODULE:  .\Objects\TEST (MAIN)

  VALUE           TYPE          NAME
  ----------------------------------

  -------         MODULE        MAIN
  C:0000H         SYMBOL        _ICE_DUMMY_
  D:0080H         PUBLIC        P0
  D:0090H         PUBLIC        P1
  D:00A0H         PUBLIC        P2
  D:00B0H         PUBLIC        P3
  D:00C0H         PUBLIC        P4
  D:00C8H         PUBLIC        P5
  D:00E8H         PUBLIC        P6
  D:00F8H         PUBLIC        P7
  D:00A8H         PUBLIC        IE
  D:00B8H         PUBLIC        IP
  D:00D8H         PUBLIC        CCON
  C:009BH         PUBLIC        main
  D:0098H         PUBLIC        SCON
  D:0088H         PUBLIC        TCON
  D:00D0H         PUBLIC        PSW
  -------         PROC          MAIN
  C:009BH         LINE#         25
  C:009BH         LINE#         26
  C:009BH         LINE#         27
  C:009EH         LINE#         28
  C:00A1H         LINE#         29
  C:00A4H         LINE#         30
  C:00A4H         LINE#         31
  C:00A4H         LINE#         33
  -------         ENDPROC       MAIN
  -------         ENDMOD        MAIN

  -------         MODULE        SYSTEM
  C:0000H         SYMBOL        _ICE_DUMMY_
  D:0092H         PUBLIC        P1M0
  D:0093H         PUBLIC        P0M1
  C:0016H         PUBLIC        System_Init
  D:0096H         PUBLIC        P2M0
  D:0091H         PUBLIC        P1M1
  D:0080H         PUBLIC        P0
  D:00B2H         PUBLIC        P3M0
  D:0095H         PUBLIC        P2M1
  D:0090H         PUBLIC        P1
  D:00B4H         PUBLIC        P4M0
  D:00B1H         PUBLIC        P3M1
  D:00A0H         PUBLIC        P2
  D:00CAH         PUBLIC        P5M0
  D:00B3H         PUBLIC        P4M1
  D:00B0H         PUBLIC        P3
  D:00CCH         PUBLIC        P6M0
  D:00C9H         PUBLIC        P5M1
  D:00C0H         PUBLIC        P4
BL51 BANKED LINKER/LOCATER V6.22                                                      06/07/2022  09:22:54  PAGE 3


  D:00E2H         PUBLIC        P7M0
  D:00CBH         PUBLIC        P6M1
  D:00C8H         PUBLIC        P5
  D:00E1H         PUBLIC        P7M1
  D:00E8H         PUBLIC        P6
  D:00F8H         PUBLIC        P7
  D:00BAH         PUBLIC        P_SW2
  D:00A8H         PUBLIC        IE
  D:00B8H         PUBLIC        IP
  D:00D8H         PUBLIC        CCON
  C:006EH         PUBLIC        _Delay_ms
  D:0098H         PUBLIC        SCON
  D:0088H         PUBLIC        TCON
  D:00FFH         PUBLIC        RSTCFG
  D:00D0H         PUBLIC        PSW
  D:0094H         PUBLIC        P0M0
  -------         PROC          _DELAY_MS
  D:0006H         SYMBOL        ms
  -------         DO            
  D:0004H         SYMBOL        i
  -------         ENDDO         
  C:006EH         LINE#         14
  C:006EH         LINE#         15
  C:006EH         LINE#         17
  C:0078H         LINE#         18
  C:0078H         LINE#         19
  C:008BH         LINE#         20
  C:008BH         LINE#         21
  -------         ENDPROC       _DELAY_MS
  -------         PROC          SYSTEM_INIT
  C:0016H         LINE#         31
  C:0016H         LINE#         32
  C:0016H         LINE#         33
  C:001DH         LINE#         34
  C:0020H         LINE#         35
  C:0027H         LINE#         36
  C:002EH         LINE#         37
  C:0034H         LINE#         38
  C:0038H         LINE#         39
  C:003BH         LINE#         42
  C:003EH         LINE#         46
  C:0043H         LINE#         48
  C:0048H         LINE#         50
  C:004DH         LINE#         52
  C:0052H         LINE#         54
  C:0057H         LINE#         56
  C:005CH         LINE#         58
  C:0061H         LINE#         62
  C:0067H         LINE#         64
  C:006DH         LINE#         65
  -------         ENDPROC       SYSTEM_INIT
  -------         ENDMOD        SYSTEM

  -------         MODULE        LED
  C:0000H         SYMBOL        _ICE_DUMMY_
  D:0080H         PUBLIC        P0
  D:0090H         PUBLIC        P1
BL51 BANKED LINKER/LOCATER V6.22                                                      06/07/2022  09:22:54  PAGE 4


  D:00B4H         PUBLIC        P4M0
  D:00A0H         PUBLIC        P2
  D:00B3H         PUBLIC        P4M1
  D:00B0H         PUBLIC        P3
  D:00C0H         PUBLIC        P4
  D:00C8H         PUBLIC        P5
  B:00C0H.0       PUBLIC        LED0
  D:00E8H         PUBLIC        P6
  B:00C0H.1       PUBLIC        LED1
  D:00F8H         PUBLIC        P7
  B:00C0H.2       PUBLIC        LED2
  B:00C0H.3       PUBLIC        LED3
  D:00A8H         PUBLIC        IE
  D:00B8H         PUBLIC        IP
  C:008CH         PUBLIC        Led_Configure
  D:00D8H         PUBLIC        CCON
  D:0098H         PUBLIC        SCON
  D:0088H         PUBLIC        TCON
  D:00D0H         PUBLIC        PSW
  -------         PROC          LED_CONFIGURE
  C:008CH         LINE#         10
  C:008CH         LINE#         11
  C:008CH         LINE#         12
  C:0092H         LINE#         13
  C:0094H         LINE#         14
  C:0096H         LINE#         15
  C:0098H         LINE#         16
  C:009AH         LINE#         17
  -------         ENDPROC       LED_CONFIGURE
  -------         ENDMOD        LED

  -------         MODULE        EXTI
  C:0000H         SYMBOL        _ICE_DUMMY_
  D:0080H         PUBLIC        P0
  D:0090H         PUBLIC        P1
  D:00A0H         PUBLIC        P2
  D:00B0H         PUBLIC        P3
  D:00C0H         PUBLIC        P4
  D:00C8H         PUBLIC        P5
  B:00C0H.0       PUBLIC        LED0
  B:00A8H.7       PUBLIC        EA
  D:00E8H         PUBLIC        P6
  B:00C0H.1       PUBLIC        LED1
  D:00F8H         PUBLIC        P7
  B:00C0H.2       PUBLIC        LED2
  B:00C0H.3       PUBLIC        LED3
  D:00A8H         PUBLIC        IE
  D:00B8H         PUBLIC        IP
  D:00D8H         PUBLIC        CCON
  C:00A6H         PUBLIC        Exti_Configure
  D:0098H         PUBLIC        SCON
  D:0088H         PUBLIC        TCON
  B:0088H.0       PUBLIC        IT0
  B:00A8H.0       PUBLIC        EX0
  B:0088H.2       PUBLIC        IT1
  B:00A8H.2       PUBLIC        EX1
  C:00B1H         PUBLIC        Exti0_IRQHandler
BL51 BANKED LINKER/LOCATER V6.22                                                      06/07/2022  09:22:54  PAGE 5


  C:00B6H         PUBLIC        Exti1_IRQHandler
  D:00D0H         PUBLIC        PSW
  -------         PROC          EXTI_CONFIGURE
  C:00A6H         LINE#         11
  C:00A6H         LINE#         12
  C:00A6H         LINE#         13
  C:00A8H         LINE#         14
  C:00AAH         LINE#         15
  C:00ACH         LINE#         16
  C:00AEH         LINE#         17
  C:00B0H         LINE#         18
  -------         ENDPROC       EXTI_CONFIGURE
  -------         PROC          EXTI0_IRQHANDLER
  C:00B1H         LINE#         27
  C:00B1H         LINE#         29
  C:00B3H         LINE#         30
  C:00B5H         LINE#         31
  -------         ENDPROC       EXTI0_IRQHANDLER
  -------         PROC          EXTI1_IRQHANDLER
  C:00B6H         LINE#         40
  C:00B6H         LINE#         42
  C:00B8H         LINE#         43
  C:00BAH         LINE#         44
  -------         ENDPROC       EXTI1_IRQHANDLER
  -------         ENDMOD        EXTI

Program Size: data=9.0 xdata=0 code=186
LINK/LOCATE RUN COMPLETE.  0 WARNING(S),  0 ERROR(S)
