C51 COMPILER V9.54   MAIN                                                                  03/28/2023 15:34:41 PAGE 1   


C51 COMPILER V9.54, COMPILATION OF MODULE MAIN
OBJECT MODULE PLACED IN .\Objects\main.obj
COMPILER INVOKED BY: C:\Keil_v5\C51\BIN\C51.EXE main.c LARGE OPTIMIZE(8,SPEED) BROWSE INCDIR(..\HARDWARE;..\SYSTEM;..\US
                    -ER;..\HARDWARE\led;..\HARDWARE\timer) DEBUG OBJECTEXTEND PRINT(.\Listings\main.lst) TABS(2) OBJECT(.\Objects\main.obj)

line level    source

   1          /***************************************************************************
   2          实验名称：  单片机定时器实验
   3          
   4          实验模块：  STC8A核心板-V2.1
   5          
   6          实验接线：  
   7                            
   8          现象描述：  程序下载运行后可观察到由定时器产生的四个LED不同频率的闪烁现象
   9          
  10          使用STC-ISP下载时请注意在【硬件选项】的第一项【输入用户程序运行是的IRC频率】
  11          软件默认是11.0592MHz  但我们程序用的都是24MHz，所以我们需要手动输入或者下拉选择
  12          24MHz然后再点击下载即可。然后即可看到右下方窗口提示
  13            . 用户设定频率: 24.000MHz
  14            . 调节后的频率: 24.000MHz
  15            . 频率调节误差: 0.000%
  16            
  17          更新时间：2022.06.06
  18          ***************************************************************************/
  19          
  20          #include <intrins.h>
  21          #include "system.h"
  22          #include "led.h"
  23          #include "timer.h"
  24          
  25          void main(void)
  26          {
  27   1        System_Init();          //系统初始化
  28   1        Led_Configure();        //LED初始化
  29   1        Timer0_Configure();       //定时器0初始化
  30   1        while(1)
  31   1        {
  32   2          
  33   2        }
  34   1      }
  35          
  36          //                                      endfile


MODULE INFORMATION:   STATIC OVERLAYABLE
   CODE SIZE        =     11    ----
   CONSTANT SIZE    =   ----    ----
   XDATA SIZE       =   ----    ----
   PDATA SIZE       =   ----    ----
   DATA SIZE        =   ----    ----
   IDATA SIZE       =   ----    ----
   BIT SIZE         =   ----    ----
END OF MODULE INFORMATION.


C51 COMPILATION COMPLETE.  0 WARNING(S),  0 ERROR(S)
