BL51 BANKED LINKER/LOCATER V6.22                                                        03/28/2023  15:34:41  PAGE 1


BL51 BANKED LINKER/LOCATER V6.22, INVOKED BY:
C:\KEIL_V5\C51\BIN\BL51.EXE .\Objects\main.obj, .\Objects\System.obj, .\Objects\led.obj, .\Objects\timer.obj TO .\Object
>> s\TEST PRINT (.\Listings\TEST.m51) RAMSIZE (256)


MEMORY MODEL: LARGE


INPUT MODULES INCLUDED:
  .\Objects\main.obj (MAIN)
  .\Objects\System.obj (SYSTEM)
  .\Objects\led.obj (LED)
  .\Objects\timer.obj (TIMER)
  C:\KEIL_V5\C51\LIB\C51L.LIB (?C_STARTUP)
  C:\KEIL_V5\C51\LIB\C51L.LIB (?C?UIDIV)
  C:\KEIL_V5\C51\LIB\C51L.LIB (?C_INIT)


LINK MAP OF MODULE:  .\Objects\TEST (MAIN)


            TYPE    BASE      LENGTH    RELOCATION   SEGMENT NAME
            -----------------------------------------------------

            * * * * * * *   D A T A   M E M O R Y   * * * * * * *
            REG     0000H     0008H     ABSOLUTE     "REG BANK 0"
            IDATA   0008H     0001H     UNIT         ?STACK

            * * * * * * *  X D A T A   M E M O R Y  * * * * * * *
            XDATA   0000H     0002H     UNIT         ?XD?TIMER

            * * * * * * *   C O D E   M E M O R Y   * * * * * * *
            CODE    0000H     0003H     ABSOLUTE     
            CODE    0003H     0006H     UNIT         ?C_INITSEG
                    0009H     0002H                  *** GAP ***
            CODE    000BH     0003H     ABSOLUTE     
            CODE    000EH     00A5H     UNIT         ?PR?TIMER0_IRQHANDLER?TIMER
            CODE    00B3H     008CH     UNIT         ?C_C51STARTUP
            CODE    013FH     0058H     UNIT         ?PR?SYSTEM_INIT?SYSTEM
            CODE    0197H     0055H     UNIT         ?C?LIB_CODE
            CODE    01ECH     001EH     UNIT         ?PR?_DELAY_MS?SYSTEM
            CODE    020AH     0015H     UNIT         ?PR?TIMER0_CONFIGURE?TIMER
            CODE    021FH     000FH     UNIT         ?PR?LED_CONFIGURE?LED
            CODE    022EH     000BH     UNIT         ?PR?MAIN?MAIN



OVERLAY MAP OF MODULE:   .\Objects\TEST (MAIN)


SEGMENT
  +--> CALLED SEGMENT
---------------------
?C_C51STARTUP
  +--> ?PR?MAIN?MAIN
  +--> ?C_INITSEG

?PR?MAIN?MAIN
BL51 BANKED LINKER/LOCATER V6.22                                                      03/28/2023  15:34:41  PAGE 2


  +--> ?PR?SYSTEM_INIT?SYSTEM
  +--> ?PR?LED_CONFIGURE?LED
  +--> ?PR?TIMER0_CONFIGURE?TIMER

?PR?SYSTEM_INIT?SYSTEM
  +--> ?PR?_DELAY_MS?SYSTEM



SYMBOL TABLE OF MODULE:  .\Objects\TEST (MAIN)

  VALUE           TYPE          NAME
  ----------------------------------

  -------         MODULE        MAIN
  C:0000H         SYMBOL        _ICE_DUMMY_
  D:0080H         PUBLIC        P0
  D:0090H         PUBLIC        P1
  D:00A0H         PUBLIC        P2
  D:00B0H         PUBLIC        P3
  D:00C0H         PUBLIC        P4
  D:00C8H         PUBLIC        P5
  D:00E8H         PUBLIC        P6
  D:00F8H         PUBLIC        P7
  D:00A8H         PUBLIC        IE
  D:00B8H         PUBLIC        IP
  D:00D8H         PUBLIC        CCON
  C:022EH         PUBLIC        main
  D:0098H         PUBLIC        SCON
  D:0088H         PUBLIC        TCON
  D:00D0H         PUBLIC        PSW
  -------         PROC          MAIN
  C:022EH         LINE#         25
  C:022EH         LINE#         26
  C:022EH         LINE#         27
  C:0231H         LINE#         28
  C:0234H         LINE#         29
  C:0237H         LINE#         30
  C:0237H         LINE#         31
  C:0237H         LINE#         33
  -------         ENDPROC       MAIN
  -------         ENDMOD        MAIN

  -------         MODULE        SYSTEM
  C:0000H         SYMBOL        _ICE_DUMMY_
  D:0092H         PUBLIC        P1M0
  D:0093H         PUBLIC        P0M1
  C:013FH         PUBLIC        System_Init
  D:0096H         PUBLIC        P2M0
  D:0091H         PUBLIC        P1M1
  D:0080H         PUBLIC        P0
  D:00B2H         PUBLIC        P3M0
  D:0095H         PUBLIC        P2M1
  D:0090H         PUBLIC        P1
  D:00B4H         PUBLIC        P4M0
  D:00B1H         PUBLIC        P3M1
  D:00A0H         PUBLIC        P2
BL51 BANKED LINKER/LOCATER V6.22                                                      03/28/2023  15:34:41  PAGE 3


  D:00CAH         PUBLIC        P5M0
  D:00B3H         PUBLIC        P4M1
  D:00B0H         PUBLIC        P3
  D:00CCH         PUBLIC        P6M0
  D:00C9H         PUBLIC        P5M1
  D:00C0H         PUBLIC        P4
  D:00E2H         PUBLIC        P7M0
  D:00CBH         PUBLIC        P6M1
  D:00C8H         PUBLIC        P5
  D:00E1H         PUBLIC        P7M1
  D:00E8H         PUBLIC        P6
  D:00F8H         PUBLIC        P7
  D:00BAH         PUBLIC        P_SW2
  D:00A8H         PUBLIC        IE
  D:00B8H         PUBLIC        IP
  D:00D8H         PUBLIC        CCON
  C:01ECH         PUBLIC        _Delay_ms
  D:0098H         PUBLIC        SCON
  D:0088H         PUBLIC        TCON
  D:00FFH         PUBLIC        RSTCFG
  D:00D0H         PUBLIC        PSW
  D:0094H         PUBLIC        P0M0
  -------         PROC          _DELAY_MS
  D:0006H         SYMBOL        ms
  -------         DO            
  D:0004H         SYMBOL        i
  -------         ENDDO         
  C:01ECH         LINE#         14
  C:01ECH         LINE#         15
  C:01ECH         LINE#         17
  C:01F6H         LINE#         18
  C:01F6H         LINE#         19
  C:0209H         LINE#         20
  C:0209H         LINE#         21
  -------         ENDPROC       _DELAY_MS
  -------         PROC          SYSTEM_INIT
  C:013FH         LINE#         31
  C:013FH         LINE#         32
  C:013FH         LINE#         33
  C:0146H         LINE#         34
  C:0149H         LINE#         35
  C:0150H         LINE#         36
  C:0157H         LINE#         37
  C:015DH         LINE#         38
  C:0161H         LINE#         39
  C:0164H         LINE#         42
  C:0167H         LINE#         46
  C:016CH         LINE#         48
  C:0171H         LINE#         50
  C:0176H         LINE#         52
  C:017BH         LINE#         54
  C:0180H         LINE#         56
  C:0185H         LINE#         58
  C:018AH         LINE#         62
  C:0190H         LINE#         64
  C:0196H         LINE#         65
  -------         ENDPROC       SYSTEM_INIT
BL51 BANKED LINKER/LOCATER V6.22                                                      03/28/2023  15:34:41  PAGE 4


  -------         ENDMOD        SYSTEM

  -------         MODULE        LED
  C:0000H         SYMBOL        _ICE_DUMMY_
  D:0080H         PUBLIC        P0
  D:0090H         PUBLIC        P1
  D:00B4H         PUBLIC        P4M0
  D:00A0H         PUBLIC        P2
  D:00B3H         PUBLIC        P4M1
  D:00B0H         PUBLIC        P3
  D:00C0H         PUBLIC        P4
  D:00C8H         PUBLIC        P5
  B:00F8H.0       PUBLIC        LED0
  D:00E8H         PUBLIC        P6
  B:00F8H.1       PUBLIC        LED1
  D:00F8H         PUBLIC        P7
  B:00F8H.2       PUBLIC        LED2
  B:00F8H.3       PUBLIC        LED3
  D:00A8H         PUBLIC        IE
  D:00B8H         PUBLIC        IP
  C:021FH         PUBLIC        Led_Configure
  D:00D8H         PUBLIC        CCON
  D:0098H         PUBLIC        SCON
  D:0088H         PUBLIC        TCON
  D:00D0H         PUBLIC        PSW
  -------         PROC          LED_CONFIGURE
  C:021FH         LINE#         10
  C:021FH         LINE#         11
  C:021FH         LINE#         12
  C:0225H         LINE#         13
  C:0227H         LINE#         14
  C:0229H         LINE#         15
  C:022BH         LINE#         16
  C:022DH         LINE#         17
  -------         ENDPROC       LED_CONFIGURE
  -------         ENDMOD        LED

  -------         MODULE        TIMER
  C:0000H         SYMBOL        _ICE_DUMMY_
  D:0080H         PUBLIC        P0
  D:0090H         PUBLIC        P1
  D:00A0H         PUBLIC        P2
  D:00B0H         PUBLIC        P3
  D:00C0H         PUBLIC        P4
  D:00C8H         PUBLIC        P5
  B:00F8H.0       PUBLIC        LED0
  B:00A8H.7       PUBLIC        EA
  D:00E8H         PUBLIC        P6
  B:00F8H.1       PUBLIC        LED1
  D:00F8H         PUBLIC        P7
  B:00F8H.2       PUBLIC        LED2
  X:0000H         PUBLIC        time0_cnt
  B:00F8H.3       PUBLIC        LED3
  D:00A8H         PUBLIC        IE
  D:00B8H         PUBLIC        IP
  D:00D8H         PUBLIC        CCON
  D:0098H         PUBLIC        SCON
BL51 BANKED LINKER/LOCATER V6.22                                                      03/28/2023  15:34:41  PAGE 5


  D:0089H         PUBLIC        TMOD
  D:0088H         PUBLIC        TCON
  C:020AH         PUBLIC        Timer0_Configure
  D:008EH         PUBLIC        AUXR
  C:000EH         PUBLIC        Timer0_IRQHandler
  B:00A8H.1       PUBLIC        ET0
  B:0088H.5       PUBLIC        TF0
  D:008CH         PUBLIC        TH0
  D:008AH         PUBLIC        TL0
  B:0088H.4       PUBLIC        TR0
  D:00D0H         PUBLIC        PSW
  -------         PROC          TIMER0_CONFIGURE
  C:020AH         LINE#         12
  C:020AH         LINE#         13
  C:020AH         LINE#         14
  C:020DH         LINE#         16
  C:0210H         LINE#         18
  C:0213H         LINE#         19
  C:0216H         LINE#         20
  C:0218H         LINE#         21
  C:021AH         LINE#         22
  C:021CH         LINE#         23
  C:021EH         LINE#         24
  -------         ENDPROC       TIMER0_CONFIGURE
  -------         PROC          TIMER0_IRQHANDLER
  C:000EH         LINE#         32
  C:0029H         LINE#         34
  C:0037H         LINE#         35
  C:004DH         LINE#         36
  C:004DH         LINE#         37
  C:004FH         LINE#         38
  C:004FH         LINE#         39
  C:005EH         LINE#         40
  C:005EH         LINE#         41
  C:0060H         LINE#         42
  C:0060H         LINE#         43
  C:0073H         LINE#         44
  C:0073H         LINE#         45
  C:0075H         LINE#         46
  C:0075H         LINE#         47
  C:008BH         LINE#         48
  C:008BH         LINE#         49
  C:008DH         LINE#         50
  C:008DH         LINE#         51
  C:0093H         LINE#         52
  C:0093H         LINE#         53
  C:009AH         LINE#         54
  C:009AH         LINE#         55
  -------         ENDPROC       TIMER0_IRQHANDLER
  -------         ENDMOD        TIMER

  -------         MODULE        ?C?UIDIV
  C:0197H         PUBLIC        ?C?UIDIV
  -------         ENDMOD        ?C?UIDIV

Program Size: data=9.0 xdata=2 code=567
LINK/LOCATE RUN COMPLETE.  0 WARNING(S),  0 ERROR(S)
