BL51 BANKED LINKER/LOCATER V6.22                                                        06/07/2022  16:07:21  PAGE 1


BL51 BANKED LINKER/LOCATER V6.22, INVOKED BY:
D:\KEIL_V5\C51\BIN\BL51.EXE .\Objects\main.obj, .\Objects\System.obj, .\Objects\led.obj, .\Objects\key.obj, .\Objects\82
>> 55io.obj TO .\Objects\TEST PRINT (.\Listings\TEST.m51) RAMSIZE (256)


MEMORY MODEL: LARGE


INPUT MODULES INCLUDED:
  .\Objects\main.obj (MAIN)
  .\Objects\System.obj (SYSTEM)
  .\Objects\led.obj (LED)
  .\Objects\key.obj (KEY)
  .\Objects\8255io.obj (8255IO)
  D:\KEIL_V5\C51\LIB\C51L.LIB (?C_STARTUP)


LINK MAP OF MODULE:  .\Objects\TEST (MAIN)


            TYPE    BASE      LENGTH    RELOCATION   SEGMENT NAME
            -----------------------------------------------------

            * * * * * * *   D A T A   M E M O R Y   * * * * * * *
            REG     0000H     0008H     ABSOLUTE     "REG BANK 0"
            IDATA   0008H     0001H     UNIT         ?STACK

            * * * * * * *  X D A T A   M E M O R Y  * * * * * * *
            XDATA   0000H     0003H     UNIT         _XDATA_GROUP_
            XDATA   0003H     0001H     UNIT         ?XD?KEY_SCAN?KEY

            * * * * * * *   C O D E   M E M O R Y   * * * * * * *
            CODE    0000H     0003H     ABSOLUTE     
            CODE    0003H     0083H     UNIT         ?PR?_WRITE_8255?8255IO
            CODE    0086H     0069H     UNIT         ?PR?_READ_8255?8255IO
            CODE    00EFH     0058H     UNIT         ?PR?SYSTEM_INIT?SYSTEM
            CODE    0147H     0036H     UNIT         ?PR?KEY_SCAN?KEY
            CODE    017DH     0033H     UNIT         ?PR?MAIN?MAIN
            CODE    01B0H     001EH     UNIT         ?PR?_DELAY_MS?SYSTEM
            CODE    01CEH     000FH     UNIT         ?PR?LED_CONFIGURE?LED
            CODE    01DDH     000CH     UNIT         ?C_C51STARTUP
            CODE    01E9H     0007H     UNIT         ?PR?KEY_CONFIGURE?KEY
            CODE    01F0H     0007H     UNIT         ?PR?IO_8255_INIT?8255IO
            CODE    01F7H     0007H     UNIT         ?PR?DATA_8255_IN?8255IO
            CODE    01FEH     0007H     UNIT         ?PR?DATA_8255_OUT?8255IO



OVERLAY MAP OF MODULE:   .\Objects\TEST (MAIN)


SEGMENT                            XDATA_GROUP
  +--> CALLED SEGMENT            START    LENGTH
------------------------------------------------
?C_C51STARTUP                    -----    -----
  +--> ?PR?MAIN?MAIN

?PR?MAIN?MAIN                    0000H    0001H
BL51 BANKED LINKER/LOCATER V6.22                                                      06/07/2022  16:07:21  PAGE 2


  +--> ?PR?SYSTEM_INIT?SYSTEM
  +--> ?PR?IO_8255_INIT?8255IO
  +--> ?PR?_WRITE_8255?8255IO
  +--> ?PR?_DELAY_MS?SYSTEM
  +--> ?PR?_READ_8255?8255IO

?PR?SYSTEM_INIT?SYSTEM           -----    -----
  +--> ?PR?_DELAY_MS?SYSTEM

?PR?_WRITE_8255?8255IO           0001H    0002H
  +--> ?PR?DATA_8255_OUT?8255IO
  +--> ?PR?_DELAY_MS?SYSTEM

?PR?_READ_8255?8255IO            0001H    0002H
  +--> ?PR?DATA_8255_IN?8255IO
  +--> ?PR?_DELAY_MS?SYSTEM



SYMBOL TABLE OF MODULE:  .\Objects\TEST (MAIN)

  VALUE           TYPE          NAME
  ----------------------------------

  -------         MODULE        MAIN
  C:0000H         SYMBOL        _ICE_DUMMY_
  D:0080H         PUBLIC        P0
  D:0090H         PUBLIC        P1
  D:00A0H         PUBLIC        P2
  D:00B0H         PUBLIC        P3
  D:00C0H         PUBLIC        P4
  D:00C8H         PUBLIC        P5
  D:00E8H         PUBLIC        P6
  D:00F8H         PUBLIC        P7
  D:00A8H         PUBLIC        IE
  D:00B8H         PUBLIC        IP
  D:00D8H         PUBLIC        CCON
  C:017DH         PUBLIC        main
  D:0098H         PUBLIC        SCON
  D:0088H         PUBLIC        TCON
  D:00D0H         PUBLIC        PSW
  -------         PROC          MAIN
  -------         DO            
  X:0000H         SYMBOL        key
  -------         ENDDO         
  C:017DH         LINE#         34
  C:017DH         LINE#         35
  C:017DH         LINE#         37
  C:0182H         LINE#         38
  C:0185H         LINE#         39
  C:0188H         LINE#         40
  C:018FH         LINE#         41
  C:0196H         LINE#         42
  C:0196H         LINE#         43
  C:0196H         LINE#         44
  C:01A2H         LINE#         46
  C:01AEH         LINE#         47
BL51 BANKED LINKER/LOCATER V6.22                                                      06/07/2022  16:07:21  PAGE 3


  -------         ENDPROC       MAIN
  -------         ENDMOD        MAIN

  -------         MODULE        SYSTEM
  C:0000H         SYMBOL        _ICE_DUMMY_
  D:0092H         PUBLIC        P1M0
  D:0093H         PUBLIC        P0M1
  C:00EFH         PUBLIC        System_Init
  D:0096H         PUBLIC        P2M0
  D:0091H         PUBLIC        P1M1
  D:0080H         PUBLIC        P0
  D:00B2H         PUBLIC        P3M0
  D:0095H         PUBLIC        P2M1
  D:0090H         PUBLIC        P1
  D:00B4H         PUBLIC        P4M0
  D:00B1H         PUBLIC        P3M1
  D:00A0H         PUBLIC        P2
  D:00CAH         PUBLIC        P5M0
  D:00B3H         PUBLIC        P4M1
  D:00B0H         PUBLIC        P3
  D:00CCH         PUBLIC        P6M0
  D:00C9H         PUBLIC        P5M1
  D:00C0H         PUBLIC        P4
  D:00E2H         PUBLIC        P7M0
  D:00CBH         PUBLIC        P6M1
  D:00C8H         PUBLIC        P5
  D:00E1H         PUBLIC        P7M1
  D:00E8H         PUBLIC        P6
  D:00F8H         PUBLIC        P7
  D:00BAH         PUBLIC        P_SW2
  D:00A8H         PUBLIC        IE
  D:00B8H         PUBLIC        IP
  D:00D8H         PUBLIC        CCON
  C:01B0H         PUBLIC        _Delay_ms
  D:0098H         PUBLIC        SCON
  D:0088H         PUBLIC        TCON
  D:00FFH         PUBLIC        RSTCFG
  D:00D0H         PUBLIC        PSW
  D:0094H         PUBLIC        P0M0
  -------         PROC          _DELAY_MS
  D:0006H         SYMBOL        ms
  -------         DO            
  D:0004H         SYMBOL        i
  -------         ENDDO         
  C:01B0H         LINE#         10
  C:01B0H         LINE#         11
  C:01B0H         LINE#         13
  C:01BAH         LINE#         14
  C:01BAH         LINE#         15
  C:01CDH         LINE#         16
  C:01CDH         LINE#         17
  -------         ENDPROC       _DELAY_MS
  -------         PROC          SYSTEM_INIT
  C:00EFH         LINE#         27
  C:00EFH         LINE#         28
  C:00EFH         LINE#         29
  C:00F6H         LINE#         30
BL51 BANKED LINKER/LOCATER V6.22                                                      06/07/2022  16:07:21  PAGE 4


  C:00F9H         LINE#         31
  C:0100H         LINE#         32
  C:0107H         LINE#         33
  C:010DH         LINE#         34
  C:0111H         LINE#         35
  C:0114H         LINE#         38
  C:0117H         LINE#         42
  C:011CH         LINE#         44
  C:0121H         LINE#         46
  C:0126H         LINE#         48
  C:012BH         LINE#         50
  C:0130H         LINE#         52
  C:0135H         LINE#         54
  C:013AH         LINE#         58
  C:0140H         LINE#         60
  C:0146H         LINE#         61
  -------         ENDPROC       SYSTEM_INIT
  -------         ENDMOD        SYSTEM

  -------         MODULE        LED
  C:0000H         SYMBOL        _ICE_DUMMY_
  D:0080H         PUBLIC        P0
  D:0090H         PUBLIC        P1
  D:00B4H         PUBLIC        P4M0
  D:00A0H         PUBLIC        P2
  D:00B3H         PUBLIC        P4M1
  D:00B0H         PUBLIC        P3
  D:00C0H         PUBLIC        P4
  D:00C8H         PUBLIC        P5
  B:00C0H.0       PUBLIC        LED0
  D:00E8H         PUBLIC        P6
  B:00C0H.1       PUBLIC        LED1
  D:00F8H         PUBLIC        P7
  B:00C0H.2       PUBLIC        LED2
  B:00C0H.3       PUBLIC        LED3
  D:00A8H         PUBLIC        IE
  D:00B8H         PUBLIC        IP
  C:01CEH         PUBLIC        Led_Configure
  D:00D8H         PUBLIC        CCON
  D:0098H         PUBLIC        SCON
  D:0088H         PUBLIC        TCON
  D:00D0H         PUBLIC        PSW
  -------         PROC          LED_CONFIGURE
  C:01CEH         LINE#         10
  C:01CEH         LINE#         11
  C:01CEH         LINE#         12
  C:01D4H         LINE#         13
  C:01D6H         LINE#         14
  C:01D8H         LINE#         15
  C:01DAH         LINE#         16
  C:01DCH         LINE#         17
  -------         ENDPROC       LED_CONFIGURE
  -------         ENDMOD        LED

  -------         MODULE        KEY
  C:0000H         SYMBOL        _ICE_DUMMY_
  D:0080H         PUBLIC        P0
BL51 BANKED LINKER/LOCATER V6.22                                                      06/07/2022  16:07:21  PAGE 5


  D:00B2H         PUBLIC        P3M0
  D:0090H         PUBLIC        P1
  D:00B1H         PUBLIC        P3M1
  D:00A0H         PUBLIC        P2
  D:00B0H         PUBLIC        P3
  D:00C0H         PUBLIC        P4
  D:00C8H         PUBLIC        P5
  D:00E8H         PUBLIC        P6
  D:00F8H         PUBLIC        P7
  D:00A8H         PUBLIC        IE
  C:0147H         PUBLIC        Key_Scan
  D:00B8H         PUBLIC        IP
  B:00B0H.2       PUBLIC        KEY0
  B:00B0H.3       PUBLIC        KEY1
  D:00D8H         PUBLIC        CCON
  C:01E9H         PUBLIC        Key_Configure
  D:0098H         PUBLIC        SCON
  D:0088H         PUBLIC        TCON
  D:00D0H         PUBLIC        PSW
  -------         PROC          KEY_CONFIGURE
  C:01E9H         LINE#         10
  C:01E9H         LINE#         11
  C:01E9H         LINE#         12
  C:01EFH         LINE#         13
  -------         ENDPROC       KEY_CONFIGURE
  -------         PROC          KEY_SCAN
  -------         DO            
  X:0003H         SYMBOL        key_value
  -------         ENDDO         
  C:0147H         LINE#         22
  C:0147H         LINE#         23
  C:0147H         LINE#         24
  C:014DH         LINE#         26
  C:0153H         LINE#         27
  C:0153H         LINE#         29
  C:015AH         LINE#         31
  C:0160H         LINE#         32
  C:0160H         LINE#         34
  C:0163H         LINE#         35
  C:016BH         LINE#         37
  C:016EH         LINE#         38
  C:0174H         LINE#         39
  C:0174H         LINE#         41
  C:017AH         LINE#         42
  C:017AH         LINE#         43
  C:017CH         LINE#         44
  -------         ENDPROC       KEY_SCAN
  -------         ENDMOD        KEY

  -------         MODULE        8255IO
  C:0000H         SYMBOL        _ICE_DUMMY_
  D:0096H         PUBLIC        P2M0
  D:0080H         PUBLIC        P0
  D:00B2H         PUBLIC        P3M0
  D:0095H         PUBLIC        P2M1
  D:0090H         PUBLIC        P1
  D:00B1H         PUBLIC        P3M1
BL51 BANKED LINKER/LOCATER V6.22                                                      06/07/2022  16:07:21  PAGE 6


  D:00A0H         PUBLIC        P2
  D:00B0H         PUBLIC        P3
  D:00C0H         PUBLIC        P4
  D:00C8H         PUBLIC        P5
  D:00E8H         PUBLIC        P6
  D:00F8H         PUBLIC        P7
  B:00B0H.1       PUBLIC        WR_
  D:00A8H         PUBLIC        IE
  D:00B8H         PUBLIC        IP
  D:00D8H         PUBLIC        CCON
  C:0086H         PUBLIC        _Read_8255
  D:0098H         PUBLIC        SCON
  D:0088H         PUBLIC        TCON
  C:0003H         PUBLIC        _Write_8255
  C:01F0H         PUBLIC        IO_8255_Init
  C:01F7H         PUBLIC        Data_8255_In
  C:01FEH         PUBLIC        Data_8255_Out
  B:00B0H.4       PUBLIC        A0_
  B:00B0H.3       PUBLIC        A1_
  B:00B0H.2       PUBLIC        CS_
  B:00B0H.0       PUBLIC        RD_
  D:00D0H         PUBLIC        PSW
  -------         PROC          IO_8255_INIT
  C:01F0H         LINE#         10
  C:01F0H         LINE#         11
  C:01F0H         LINE#         12
  C:01F6H         LINE#         13
  -------         ENDPROC       IO_8255_INIT
  -------         PROC          DATA_8255_IN
  C:01F7H         LINE#         21
  C:01F7H         LINE#         22
  C:01F7H         LINE#         24
  C:01FDH         LINE#         26
  -------         ENDPROC       DATA_8255_IN
  -------         PROC          DATA_8255_OUT
  C:01FEH         LINE#         34
  C:01FEH         LINE#         35
  C:01FEH         LINE#         36
  C:0204H         LINE#         37
  -------         ENDPROC       DATA_8255_OUT
  -------         PROC          _WRITE_8255
  X:0001H         SYMBOL        x
  X:0002H         SYMBOL        y
  C:0003H         LINE#         45
  C:000BH         LINE#         46
  C:000BH         LINE#         47
  C:000EH         LINE#         48
  C:0014H         LINE#         49
  C:0014H         LINE#         50
  C:0016H         LINE#         51
  C:0018H         LINE#         52
  C:001AH         LINE#         53
  C:001CH         LINE#         54
  C:0020H         LINE#         55
  C:0022H         LINE#         56
  C:0029H         LINE#         57
  C:002BH         LINE#         58
BL51 BANKED LINKER/LOCATER V6.22                                                      06/07/2022  16:07:21  PAGE 7


  C:002BH         LINE#         59
  C:0032H         LINE#         60
  C:0032H         LINE#         61
  C:0034H         LINE#         62
  C:0036H         LINE#         63
  C:0038H         LINE#         64
  C:003AH         LINE#         65
  C:003EH         LINE#         66
  C:0040H         LINE#         67
  C:0047H         LINE#         68
  C:0049H         LINE#         70
  C:0049H         LINE#         71
  C:0050H         LINE#         72
  C:0050H         LINE#         73
  C:0052H         LINE#         74
  C:0054H         LINE#         75
  C:0056H         LINE#         76
  C:0058H         LINE#         77
  C:005CH         LINE#         78
  C:005EH         LINE#         79
  C:0065H         LINE#         80
  C:0067H         LINE#         81
  C:0067H         LINE#         82
  C:006EH         LINE#         83
  C:006EH         LINE#         84
  C:0070H         LINE#         85
  C:0072H         LINE#         86
  C:0074H         LINE#         87
  C:0076H         LINE#         88
  C:007AH         LINE#         89
  C:007CH         LINE#         90
  C:0083H         LINE#         91
  C:0085H         LINE#         92
  C:0085H         LINE#         93
  -------         ENDPROC       _WRITE_8255
  -------         PROC          _READ_8255
  X:0001H         SYMBOL        x
  -------         DO            
  X:0002H         SYMBOL        Y
  -------         ENDDO         
  C:0086H         LINE#         101
  C:008BH         LINE#         102
  C:008BH         LINE#         104
  C:008EH         LINE#         105
  C:0091H         LINE#         106
  C:0091H         LINE#         107
  C:0093H         LINE#         108
  C:0095H         LINE#         109
  C:0097H         LINE#         110
  C:0099H         LINE#         111
  C:009BH         LINE#         112
  C:00A1H         LINE#         113
  C:00A7H         LINE#         114
  C:00A9H         LINE#         115
  C:00A9H         LINE#         116
  C:00B0H         LINE#         117
  C:00B0H         LINE#         119
BL51 BANKED LINKER/LOCATER V6.22                                                      06/07/2022  16:07:21  PAGE 8


  C:00B2H         LINE#         120
  C:00B4H         LINE#         121
  C:00B6H         LINE#         122
  C:00B8H         LINE#         123
  C:00BAH         LINE#         124
  C:00C1H         LINE#         125
  C:00C7H         LINE#         126
  C:00C9H         LINE#         127
  C:00C9H         LINE#         128
  C:00D0H         LINE#         129
  C:00D0H         LINE#         130
  C:00D2H         LINE#         131
  C:00D4H         LINE#         132
  C:00D6H         LINE#         133
  C:00D8H         LINE#         134
  C:00DAH         LINE#         135
  C:00E1H         LINE#         136
  C:00E7H         LINE#         137
  C:00E9H         LINE#         138
  C:00E9H         LINE#         139
  C:00EEH         LINE#         140
  -------         ENDPROC       _READ_8255
  -------         ENDMOD        8255IO

*** WARNING L16: UNCALLED SEGMENT, IGNORED FOR OVERLAY PROCESS
    SEGMENT: ?PR?LED_CONFIGURE?LED

*** WARNING L16: UNCALLED SEGMENT, IGNORED FOR OVERLAY PROCESS
    SEGMENT: ?PR?KEY_CONFIGURE?KEY

*** WARNING L16: UNCALLED SEGMENT, IGNORED FOR OVERLAY PROCESS
    SEGMENT: ?PR?KEY_SCAN?KEY

Program Size: data=9.0 xdata=4 code=517
LINK/LOCATE RUN COMPLETE.  3 WARNING(S),  0 ERROR(S)
