BL51 BANKED LINKER/LOCATER V6.22                                                        06/08/2022  10:34:50  PAGE 1


BL51 BANKED LINKER/LOCATER V6.22, INVOKED BY:
D:\KEIL_V5\C51\BIN\BL51.EXE .\Objects\main.obj, .\Objects\System.obj, .\Objects\dac.obj TO .\Objects\TEST PRINT (.\Listi
>> ngs\TEST.m51) RAMSIZE (256)


MEMORY MODEL: LARGE


INPUT MODULES INCLUDED:
  .\Objects\main.obj (MAIN)
  .\Objects\System.obj (SYSTEM)
  .\Objects\dac.obj (DAC)
  D:\KEIL_V5\C51\LIB\C51L.LIB (?C_STARTUP)
  D:\KEIL_V5\C51\LIB\C51L.LIB (?C?IILDX)


LINK MAP OF MODULE:  .\Objects\TEST (MAIN)


            TYPE    BASE      LENGTH    RELOCATION   SEGMENT NAME
            -----------------------------------------------------

            * * * * * * *   D A T A   M E M O R Y   * * * * * * *
            REG     0000H     0008H     ABSOLUTE     "REG BANK 0"
            IDATA   0008H     0001H     UNIT         ?STACK

            * * * * * * *  X D A T A   M E M O R Y  * * * * * * *
            XDATA   0000H     0002H     UNIT         _XDATA_GROUP_

            * * * * * * *   C O D E   M E M O R Y   * * * * * * *
            CODE    0000H     0003H     ABSOLUTE     
            CODE    0003H     0080H     UNIT         ?CO?MAIN
            CODE    0083H     0058H     UNIT         ?PR?SYSTEM_INIT?SYSTEM
            CODE    00DBH     0044H     UNIT         ?PR?MAIN?MAIN
            CODE    011FH     003CH     UNIT         ?PR?_OUTPUT_CHANNEL?DAC
            CODE    015BH     0023H     UNIT         ?PR?_DAC_START?DAC
            CODE    017EH     001EH     UNIT         ?PR?_DELAY_MS?SYSTEM
            CODE    019CH     0016H     UNIT         ?C?LIB_CODE
            CODE    01B2H     000CH     UNIT         ?C_C51STARTUP
            CODE    01BEH     000AH     UNIT         ?PR?_WRITE_RNG?DAC
            CODE    01C8H     0007H     UNIT         ?PR?DAC_INIT?DAC



OVERLAY MAP OF MODULE:   .\Objects\TEST (MAIN)


SEGMENT                           XDATA_GROUP
  +--> CALLED SEGMENT           START    LENGTH
-----------------------------------------------
?C_C51STARTUP                   -----    -----
  +--> ?PR?MAIN?MAIN

?PR?MAIN?MAIN                   0000H    0002H
  +--> ?PR?SYSTEM_INIT?SYSTEM
  +--> ?PR?DAC_INIT?DAC
  +--> ?PR?_OUTPUT_CHANNEL?DAC
  +--> ?PR?_WRITE_RNG?DAC
BL51 BANKED LINKER/LOCATER V6.22                                                      06/08/2022  10:34:50  PAGE 2


  +--> ?CO?MAIN
  +--> ?PR?_DAC_START?DAC

?PR?SYSTEM_INIT?SYSTEM          -----    -----
  +--> ?PR?_DELAY_MS?SYSTEM



SYMBOL TABLE OF MODULE:  .\Objects\TEST (MAIN)

  VALUE           TYPE          NAME
  ----------------------------------

  -------         MODULE        MAIN
  C:0000H         SYMBOL        _ICE_DUMMY_
  D:0080H         PUBLIC        P0
  D:0090H         PUBLIC        P1
  D:00A0H         PUBLIC        P2
  D:00B0H         PUBLIC        P3
  D:00C0H         PUBLIC        P4
  D:00C8H         PUBLIC        P5
  D:00E8H         PUBLIC        P6
  D:00F8H         PUBLIC        P7
  D:00A8H         PUBLIC        IE
  B:00A0H.3       PUBLIC        LDAC
  D:00B8H         PUBLIC        IP
  B:00A0H.2       PUBLIC        LOAD
  D:00D8H         PUBLIC        CCON
  C:00DBH         PUBLIC        main
  D:0098H         PUBLIC        SCON
  D:0088H         PUBLIC        TCON
  C:0003H         PUBLIC        tab
  D:00D0H         PUBLIC        PSW
  -------         PROC          MAIN
  -------         DO            
  X:0000H         SYMBOL        j
  -------         ENDDO         
  C:00DBH         LINE#         32
  C:00DBH         LINE#         33
  C:00DBH         LINE#         35
  C:00DEH         LINE#         36
  C:00E1H         LINE#         38
  C:00E1H         LINE#         39
  C:00E1H         LINE#         41
  C:00E3H         LINE#         42
  C:00E5H         LINE#         43
  C:00EAH         LINE#         44
  C:00EFH         LINE#         46
  C:0101H         LINE#         47
  C:0107H         LINE#         48
  C:011DH         LINE#         49
  -------         ENDPROC       MAIN
  -------         ENDMOD        MAIN

  -------         MODULE        SYSTEM
  C:0000H         SYMBOL        _ICE_DUMMY_
  D:0092H         PUBLIC        P1M0
BL51 BANKED LINKER/LOCATER V6.22                                                      06/08/2022  10:34:50  PAGE 3


  D:0093H         PUBLIC        P0M1
  C:0083H         PUBLIC        System_Init
  D:0096H         PUBLIC        P2M0
  D:0091H         PUBLIC        P1M1
  D:0080H         PUBLIC        P0
  D:00B2H         PUBLIC        P3M0
  D:0095H         PUBLIC        P2M1
  D:0090H         PUBLIC        P1
  D:00B4H         PUBLIC        P4M0
  D:00B1H         PUBLIC        P3M1
  D:00A0H         PUBLIC        P2
  D:00CAH         PUBLIC        P5M0
  D:00B3H         PUBLIC        P4M1
  D:00B0H         PUBLIC        P3
  D:00CCH         PUBLIC        P6M0
  D:00C9H         PUBLIC        P5M1
  D:00C0H         PUBLIC        P4
  D:00E2H         PUBLIC        P7M0
  D:00CBH         PUBLIC        P6M1
  D:00C8H         PUBLIC        P5
  D:00E1H         PUBLIC        P7M1
  D:00E8H         PUBLIC        P6
  D:00F8H         PUBLIC        P7
  D:00BAH         PUBLIC        P_SW2
  D:00A8H         PUBLIC        IE
  D:00B8H         PUBLIC        IP
  D:00D8H         PUBLIC        CCON
  C:017EH         PUBLIC        _Delay_ms
  D:0098H         PUBLIC        SCON
  D:0088H         PUBLIC        TCON
  D:00FFH         PUBLIC        RSTCFG
  D:00D0H         PUBLIC        PSW
  D:0094H         PUBLIC        P0M0
  -------         PROC          _DELAY_MS
  D:0006H         SYMBOL        ms
  -------         DO            
  D:0004H         SYMBOL        i
  -------         ENDDO         
  C:017EH         LINE#         10
  C:017EH         LINE#         11
  C:017EH         LINE#         13
  C:0188H         LINE#         14
  C:0188H         LINE#         15
  C:019BH         LINE#         16
  C:019BH         LINE#         17
  -------         ENDPROC       _DELAY_MS
  -------         PROC          SYSTEM_INIT
  C:0083H         LINE#         27
  C:0083H         LINE#         28
  C:0083H         LINE#         29
  C:008AH         LINE#         30
  C:008DH         LINE#         31
  C:0094H         LINE#         32
  C:009BH         LINE#         33
  C:00A1H         LINE#         34
  C:00A5H         LINE#         35
  C:00A8H         LINE#         38
BL51 BANKED LINKER/LOCATER V6.22                                                      06/08/2022  10:34:50  PAGE 4


  C:00ABH         LINE#         42
  C:00B0H         LINE#         44
  C:00B5H         LINE#         46
  C:00BAH         LINE#         48
  C:00BFH         LINE#         50
  C:00C4H         LINE#         52
  C:00C9H         LINE#         54
  C:00CEH         LINE#         58
  C:00D4H         LINE#         60
  C:00DAH         LINE#         61
  -------         ENDPROC       SYSTEM_INIT
  -------         ENDMOD        SYSTEM

  -------         MODULE        DAC
  C:0000H         SYMBOL        _ICE_DUMMY_
  D:0096H         PUBLIC        P2M0
  D:0080H         PUBLIC        P0
  D:0095H         PUBLIC        P2M1
  D:0090H         PUBLIC        P1
  D:00A0H         PUBLIC        P2
  D:00B0H         PUBLIC        P3
  D:00C0H         PUBLIC        P4
  D:00C8H         PUBLIC        P5
  D:00E8H         PUBLIC        P6
  D:00F8H         PUBLIC        P7
  D:00A8H         PUBLIC        IE
  D:00B8H         PUBLIC        IP
  B:00A0H.2       PUBLIC        LOAD
  D:00D8H         PUBLIC        CCON
  B:00A0H.0       PUBLIC        SCLK
  B:00A0H.1       PUBLIC        Data_in
  D:0098H         PUBLIC        SCON
  D:0088H         PUBLIC        TCON
  C:015BH         PUBLIC        _DAC_Start
  C:01C8H         PUBLIC        DAC_Init
  C:011FH         PUBLIC        _Output_channel
  C:01BEH         PUBLIC        _Write_RNG
  D:00D0H         PUBLIC        PSW
  -------         PROC          DAC_INIT
  C:01C8H         LINE#         9
  C:01C8H         LINE#         10
  C:01C8H         LINE#         11
  C:01CBH         LINE#         12
  C:01CEH         LINE#         13
  -------         ENDPROC       DAC_INIT
  -------         PROC          _DAC_START
  D:0007H         SYMBOL        DA_DATA
  -------         DO            
  D:0006H         SYMBOL        i
  D:0005H         SYMBOL        a
  D:0005H         SYMBOL        temp
  -------         ENDDO         
  C:015BH         LINE#         21
  C:015BH         LINE#         22
  C:015BH         LINE#         27
  C:015DH         LINE#         29
  C:015FH         LINE#         30
BL51 BANKED LINKER/LOCATER V6.22                                                      06/08/2022  10:34:50  PAGE 5


  C:015FH         LINE#         31
  C:0161H         LINE#         33
  C:0164H         LINE#         35
  C:0167H         LINE#         36
  C:0167H         LINE#         37
  C:0169H         LINE#         38
  C:016BH         LINE#         40
  C:016DH         LINE#         42
  C:016FH         LINE#         44
  C:0173H         LINE#         45
  C:0174H         LINE#         46
  C:0179H         LINE#         48
  C:017BH         LINE#         49
  C:017DH         LINE#         50
  -------         ENDPROC       _DAC_START
  -------         PROC          _OUTPUT_CHANNEL
  D:0007H         SYMBOL        channel
  -------         DO            
  D:0007H         SYMBOL        i
  -------         ENDDO         
  C:011FH         LINE#         58
  C:011FH         LINE#         59
  C:011FH         LINE#         62
  C:012DH         LINE#         63
  C:012DH         LINE#         64
  C:012DH         LINE#         65
  C:012FH         LINE#         66
  C:012FH         LINE#         67
  C:0131H         LINE#         68
  C:0133H         LINE#         69
  C:0135H         LINE#         70
  C:013BH         LINE#         72
  C:013BH         LINE#         74
  C:013BH         LINE#         75
  C:013DH         LINE#         76
  C:013FH         LINE#         77
  C:013FH         LINE#         78
  C:013FH         LINE#         79
  C:013FH         LINE#         80
  C:013FH         LINE#         81
  C:0141H         LINE#         83
  C:0141H         LINE#         84
  C:0143H         LINE#         85
  C:0145H         LINE#         86
  C:0147H         LINE#         87
  C:0149H         LINE#         88
  C:014BH         LINE#         89
  C:014DH         LINE#         90
  C:014EH         LINE#         92
  C:014EH         LINE#         93
  C:0150H         LINE#         94
  C:0152H         LINE#         95
  C:0154H         LINE#         96
  C:0156H         LINE#         97
  C:0158H         LINE#         98
  C:015AH         LINE#         99
  C:015AH         LINE#         101
BL51 BANKED LINKER/LOCATER V6.22                                                      06/08/2022  10:34:50  PAGE 6


  C:015AH         LINE#         102
  C:015AH         LINE#         103
  C:015AH         LINE#         104
  -------         ENDPROC       _OUTPUT_CHANNEL
  -------         PROC          _WRITE_RNG
  D:0007H         SYMBOL        RNG_value
  C:01BEH         LINE#         112
  C:01BEH         LINE#         113
  C:01BEH         LINE#         114
  C:01C0H         LINE#         115
  C:01C5H         LINE#         116
  C:01C7H         LINE#         117
  -------         ENDPROC       _WRITE_RNG
  -------         ENDMOD        DAC

  -------         MODULE        ?C?IILDX
  C:019CH         PUBLIC        ?C?IILDX
  -------         ENDMOD        ?C?IILDX

Program Size: data=9.0 xdata=2 code=463
LINK/LOCATE RUN COMPLETE.  0 WARNING(S),  0 ERROR(S)
