BL51 BANKED LINKER/LOCATER V6.22                                                        06/07/2022  17:27:59  PAGE 1


BL51 BANKED LINKER/LOCATER V6.22, INVOKED BY:
D:\KEIL_V5\C51\BIN\BL51.EXE .\Objects\main.obj, .\Objects\System.obj, .\Objects\encode.obj, .\Objects\lcd12864.obj TO .\
>> Objects\TEST PRINT (.\Listings\TEST.m51) RAMSIZE (256)


MEMORY MODEL: LARGE


INPUT MODULES INCLUDED:
  .\Objects\main.obj (MAIN)
  .\Objects\System.obj (SYSTEM)
  .\Objects\encode.obj (ENCODE)
  .\Objects\lcd12864.obj (LCD12864)
  D:\KEIL_V5\C51\LIB\C51L.LIB (?C_STARTUP)
  D:\KEIL_V5\C51\LIB\C51L.LIB (?C?CLDPTR)
  D:\KEIL_V5\C51\LIB\C51L.LIB (?C?ILDIX)
  D:\KEIL_V5\C51\LIB\C51L.LIB (?C_INIT)


LINK MAP OF MODULE:  .\Objects\TEST (MAIN)


            TYPE    BASE      LENGTH    RELOCATION   SEGMENT NAME
            -----------------------------------------------------

            * * * * * * *   D A T A   M E M O R Y   * * * * * * *
            REG     0000H     0008H     ABSOLUTE     "REG BANK 0"
            IDATA   0008H     0001H     UNIT         ?STACK

            * * * * * * *  X D A T A   M E M O R Y  * * * * * * *
            XDATA   0000H     0BD0H     UNIT         ?XD?LCD12864
            XDATA   0BD0H     0013H     UNIT         ?XD?ENCODE
            XDATA   0BE3H     000EH     UNIT         _XDATA_GROUP_
            XDATA   0BF1H     0003H     UNIT         ?XD?_SETLCD?LCD12864
            XDATA   0BF4H     0001H     UNIT         ?XD?LCD_ROL?LCD12864

            * * * * * * *   C O D E   M E M O R Y   * * * * * * *
            CODE    0000H     0003H     ABSOLUTE     
            CODE    0003H     0BF5H     UNIT         ?C_INITSEG
            CODE    0BF8H     00DAH     UNIT         ?PR?ENCODE_TEST?ENCODE
            CODE    0CD2H     00CDH     UNIT         ?PR?_DISPLAY?LCD12864
            CODE    0D9FH     009EH     UNIT         ?PR?_DISPLAYEN?LCD12864
            CODE    0E3DH     008CH     UNIT         ?PR?_SHOW_NUM?LCD12864
            CODE    0EC9H     008CH     UNIT         ?C_C51STARTUP
            CODE    0F55H     0067H     UNIT         ?PR?_CLEARSCREEN?LCD12864
            CODE    0FBCH     0061H     UNIT         ?PR?LCD12864_SOFTWARE_INIT?LCD12864
            CODE    101DH     0058H     UNIT         ?PR?SYSTEM_INIT?SYSTEM
            CODE    1075H     004FH     UNIT         ?PR?_LCD12864_WRITEBYTE?LCD12864
            CODE    10C4H     0041H     UNIT         ?PR?_SENDCOMMANDTOLCD?LCD12864
            CODE    1105H     003FH     UNIT         ?PR?_SETLCD?LCD12864
            CODE    1144H     003FH     UNIT         ?PR?LCD_ROL?LCD12864
            CODE    1183H     0034H     UNIT         ?PR?_SELECTSCREEN?LCD12864
            CODE    11B7H     002FH     UNIT         ?C?LIB_CODE
            CODE    11E6H     0029H     UNIT         ?PR?_SHOW_HZ?LCD12864
            CODE    120FH     001EH     UNIT         ?PR?_DELAY_MS?SYSTEM
            CODE    122DH     001BH     UNIT         ?PR?MAIN?MAIN
            CODE    1248H     0015H     UNIT         ?PR?_DELAY_US?SYSTEM
            CODE    125DH     0013H     UNIT         ?PR?LCD_ALL_DIR_OUT?LCD12864
BL51 BANKED LINKER/LOCATER V6.22                                                      06/07/2022  17:27:59  PAGE 2


            CODE    1270H     0010H     UNIT         ?CO?MAIN
            CODE    1280H     0009H     UNIT         ?PR?_SETCOLUMN?LCD12864
            CODE    1289H     0007H     UNIT         ?PR?ENCODE_HARDWARE_INIT?ENCODE
            CODE    1290H     0007H     UNIT         ?PR?_SETLINE?LCD12864
            CODE    1297H     0007H     UNIT         ?PR?_SETSTARTLINE?LCD12864
            CODE    129EH     0007H     UNIT         ?PR?_SETONOFF?LCD12864



OVERLAY MAP OF MODULE:   .\Objects\TEST (MAIN)


SEGMENT                                       XDATA_GROUP
  +--> CALLED SEGMENT                       START    LENGTH
-----------------------------------------------------------
?C_C51STARTUP                               -----    -----
  +--> ?PR?MAIN?MAIN
  +--> ?C_INITSEG

?PR?MAIN?MAIN                               -----    -----
  +--> ?PR?SYSTEM_INIT?SYSTEM
  +--> ?PR?ENCODE_HARDWARE_INIT?ENCODE
  +--> ?PR?LCD12864_SOFTWARE_INIT?LCD12864
  +--> ?CO?MAIN
  +--> ?PR?_SHOW_NUM?LCD12864
  +--> ?PR?ENCODE_TEST?ENCODE

?PR?SYSTEM_INIT?SYSTEM                      -----    -----
  +--> ?PR?_DELAY_MS?SYSTEM

?PR?LCD12864_SOFTWARE_INIT?LCD12864         -----    -----
  +--> ?PR?LCD_ALL_DIR_OUT?LCD12864
  +--> ?PR?_DELAY_US?SYSTEM
  +--> ?PR?_SELECTSCREEN?LCD12864
  +--> ?PR?_SETONOFF?LCD12864
  +--> ?PR?_CLEARSCREEN?LCD12864
  +--> ?PR?_SETSTARTLINE?LCD12864

?PR?_SELECTSCREEN?LCD12864                  -----    -----
  +--> ?PR?_DELAY_US?SYSTEM

?PR?_SETONOFF?LCD12864                      -----    -----
  +--> ?PR?_SENDCOMMANDTOLCD?LCD12864

?PR?_SENDCOMMANDTOLCD?LCD12864              0BF0H    0001H
  +--> ?PR?_DELAY_US?SYSTEM

?PR?_CLEARSCREEN?LCD12864                   0BE3H    0001H
  +--> ?PR?_SHOW_HZ?LCD12864

?PR?_SHOW_HZ?LCD12864                       -----    -----
  +--> ?PR?_DISPLAY?LCD12864

?PR?_DISPLAY?LCD12864                       0BE4H    0006H
  +--> ?PR?_SETONOFF?LCD12864
  +--> ?PR?_SELECTSCREEN?LCD12864
  +--> ?PR?_SETLINE?LCD12864
BL51 BANKED LINKER/LOCATER V6.22                                                      06/07/2022  17:27:59  PAGE 3


  +--> ?PR?_SETCOLUMN?LCD12864
  +--> ?PR?_LCD12864_WRITEBYTE?LCD12864

?PR?_SETLINE?LCD12864                       -----    -----
  +--> ?PR?_SENDCOMMANDTOLCD?LCD12864

?PR?_SETCOLUMN?LCD12864                     -----    -----
  +--> ?PR?_SENDCOMMANDTOLCD?LCD12864

?PR?_LCD12864_WRITEBYTE?LCD12864            0BF0H    0001H
  +--> ?PR?_DELAY_US?SYSTEM

?PR?_SETSTARTLINE?LCD12864                  -----    -----
  +--> ?PR?_SENDCOMMANDTOLCD?LCD12864

?PR?_SHOW_NUM?LCD12864                      0BE3H    0007H
  +--> ?PR?_DISPLAYEN?LCD12864

?PR?_DISPLAYEN?LCD12864                     0BEAH    0006H
  +--> ?PR?_SELECTSCREEN?LCD12864
  +--> ?PR?_SETLINE?LCD12864
  +--> ?PR?_SETCOLUMN?LCD12864
  +--> ?PR?_LCD12864_WRITEBYTE?LCD12864

?PR?ENCODE_TEST?ENCODE                      -----    -----
  +--> ?PR?_SHOW_NUM?LCD12864
  +--> ?PR?_DELAY_MS?SYSTEM



SYMBOL TABLE OF MODULE:  .\Objects\TEST (MAIN)

  VALUE           TYPE          NAME
  ----------------------------------

  -------         MODULE        MAIN
  C:0000H         SYMBOL        _ICE_DUMMY_
  D:0080H         PUBLIC        P0
  D:0090H         PUBLIC        P1
  D:00A0H         PUBLIC        P2
  D:00B0H         PUBLIC        P3
  D:00C0H         PUBLIC        P4
  D:00C8H         PUBLIC        P5
  D:00E8H         PUBLIC        P6
  D:00F8H         PUBLIC        P7
  D:00A8H         PUBLIC        IE
  D:00B8H         PUBLIC        IP
  D:00D8H         PUBLIC        CCON
  C:122DH         PUBLIC        main
  D:0098H         PUBLIC        SCON
  D:0088H         PUBLIC        TCON
  D:00D0H         PUBLIC        PSW
  -------         PROC          MAIN
  C:122DH         LINE#         37
  C:122DH         LINE#         38
  C:122DH         LINE#         39
  C:1230H         LINE#         40
BL51 BANKED LINKER/LOCATER V6.22                                                      06/07/2022  17:27:59  PAGE 4


  C:1233H         LINE#         41
  C:1236H         LINE#         42
  C:1243H         LINE#         43
  C:1243H         LINE#         44
  C:1243H         LINE#         45
  C:1246H         LINE#         46
  -------         ENDPROC       MAIN
  -------         ENDMOD        MAIN

  -------         MODULE        SYSTEM
  C:0000H         SYMBOL        _ICE_DUMMY_
  D:0092H         PUBLIC        P1M0
  D:0093H         PUBLIC        P0M1
  C:101DH         PUBLIC        System_Init
  D:0096H         PUBLIC        P2M0
  D:0091H         PUBLIC        P1M1
  D:0080H         PUBLIC        P0
  D:00B2H         PUBLIC        P3M0
  D:0095H         PUBLIC        P2M1
  D:0090H         PUBLIC        P1
  D:00B4H         PUBLIC        P4M0
  D:00B1H         PUBLIC        P3M1
  D:00A0H         PUBLIC        P2
  D:00CAH         PUBLIC        P5M0
  D:00B3H         PUBLIC        P4M1
  D:00B0H         PUBLIC        P3
  D:00CCH         PUBLIC        P6M0
  D:00C9H         PUBLIC        P5M1
  D:00C0H         PUBLIC        P4
  D:00E2H         PUBLIC        P7M0
  D:00CBH         PUBLIC        P6M1
  D:00C8H         PUBLIC        P5
  D:00E1H         PUBLIC        P7M1
  D:00E8H         PUBLIC        P6
  D:00F8H         PUBLIC        P7
  D:00BAH         PUBLIC        P_SW2
  D:00A8H         PUBLIC        IE
  D:00B8H         PUBLIC        IP
  D:00D8H         PUBLIC        CCON
  C:120FH         PUBLIC        _Delay_ms
  D:0098H         PUBLIC        SCON
  D:0088H         PUBLIC        TCON
  C:1248H         PUBLIC        _Delay_us
  D:00FFH         PUBLIC        RSTCFG
  D:00D0H         PUBLIC        PSW
  D:0094H         PUBLIC        P0M0
  -------         PROC          _DELAY_MS
  D:0006H         SYMBOL        ms
  -------         DO            
  D:0004H         SYMBOL        i
  -------         ENDDO         
  C:120FH         LINE#         14
  C:120FH         LINE#         15
  C:120FH         LINE#         17
  C:1219H         LINE#         18
  C:1219H         LINE#         19
  C:122CH         LINE#         20
BL51 BANKED LINKER/LOCATER V6.22                                                      06/07/2022  17:27:59  PAGE 5


  C:122CH         LINE#         21
  -------         ENDPROC       _DELAY_MS
  -------         PROC          _DELAY_US
  D:0006H         SYMBOL        us
  -------         DO            
  D:0005H         SYMBOL        i
  -------         ENDDO         
  C:1248H         LINE#         36
  C:1248H         LINE#         37
  C:1248H         LINE#         39
  C:1252H         LINE#         40
  C:1252H         LINE#         41
  C:1253H         LINE#         42
  C:1254H         LINE#         43
  C:1256H         LINE#         44
  C:125CH         LINE#         46
  -------         ENDPROC       _DELAY_US
  -------         PROC          SYSTEM_INIT
  C:101DH         LINE#         56
  C:101DH         LINE#         57
  C:101DH         LINE#         58
  C:1024H         LINE#         59
  C:1027H         LINE#         60
  C:102EH         LINE#         61
  C:1035H         LINE#         62
  C:103BH         LINE#         63
  C:103FH         LINE#         64
  C:1042H         LINE#         67
  C:1045H         LINE#         71
  C:104AH         LINE#         73
  C:104FH         LINE#         75
  C:1054H         LINE#         77
  C:1059H         LINE#         79
  C:105EH         LINE#         81
  C:1063H         LINE#         83
  C:1068H         LINE#         87
  C:106EH         LINE#         89
  C:1074H         LINE#         90
  -------         ENDPROC       SYSTEM_INIT
  -------         ENDMOD        SYSTEM

  -------         MODULE        ENCODE
  C:0000H         SYMBOL        _ICE_DUMMY_
  D:0096H         PUBLIC        P2M0
  D:0080H         PUBLIC        P0
  D:0095H         PUBLIC        P2M1
  D:0090H         PUBLIC        P1
  D:00A0H         PUBLIC        P2
  D:00B0H         PUBLIC        P3
  D:00C0H         PUBLIC        P4
  D:00C8H         PUBLIC        P5
  D:00E8H         PUBLIC        P6
  D:00F8H         PUBLIC        P7
  D:00A8H         PUBLIC        IE
  D:00B8H         PUBLIC        IP
  D:00D8H         PUBLIC        CCON
  D:0098H         PUBLIC        SCON
BL51 BANKED LINKER/LOCATER V6.22                                                      06/07/2022  17:27:59  PAGE 6


  D:0088H         PUBLIC        TCON
  B:00A0H.5       PUBLIC        P25
  X:0BD0H         PUBLIC        temp
  B:00A0H.6       PUBLIC        P26
  B:00A0H.7       PUBLIC        P27
  X:0BD1H         PUBLIC        Now_Num
  X:0BE2H         PUBLIC        num
  C:0BF8H         PUBLIC        Encode_Test
  C:1289H         PUBLIC        Encode_Hardware_Init
  D:00D0H         PUBLIC        PSW
  -------         PROC          ENCODE_HARDWARE_INIT
  C:1289H         LINE#         13
  C:1289H         LINE#         14
  C:1289H         LINE#         15
  C:128FH         LINE#         16
  -------         ENDPROC       ENCODE_HARDWARE_INIT
  -------         PROC          ENCODE_TEST
  C:0BF8H         LINE#         23
  C:0BF8H         LINE#         24
  C:0BF8H         LINE#         25
  C:0BFBH         LINE#         26
  C:0BFBH         LINE#         27
  C:0C08H         LINE#         28
  C:0C08H         LINE#         30
  C:0C0EH         LINE#         31
  C:0C0EH         LINE#         32
  C:0C11H         LINE#         33
  C:0C11H         LINE#         34
  C:0C18H         LINE#         35
  C:0C18H         LINE#         36
  C:0C1BH         LINE#         37
  C:0C1DH         LINE#         39
  C:0C1DH         LINE#         40
  C:0C23H         LINE#         41
  C:0C23H         LINE#         43
  C:0C2FH         LINE#         45
  C:0C34H         LINE#         46
  C:0C3AH         LINE#         48
  C:0C41H         LINE#         50
  C:0C49H         LINE#         51
  C:0C50H         LINE#         53
  C:0C55H         LINE#         54
  C:0C5BH         LINE#         56
  C:0C62H         LINE#         58
  C:0C62H         LINE#         59
  C:0C62H         LINE#         60
  C:0C62H         LINE#         61
  C:0C64H         LINE#         63
  C:0C64H         LINE#         64
  C:0C6AH         LINE#         65
  C:0C6AH         LINE#         66
  C:0C6BH         LINE#         67
  C:0C6DH         LINE#         69
  C:0C6DH         LINE#         70
  C:0C73H         LINE#         71
  C:0C73H         LINE#         73
  C:0C7FH         LINE#         75
BL51 BANKED LINKER/LOCATER V6.22                                                      06/07/2022  17:27:59  PAGE 7


  C:0C84H         LINE#         76
  C:0C8AH         LINE#         78
  C:0C91H         LINE#         80
  C:0C99H         LINE#         81
  C:0CA0H         LINE#         83
  C:0CA5H         LINE#         84
  C:0CABH         LINE#         86
  C:0CB2H         LINE#         88
  C:0CBAH         LINE#         89
  C:0CC7H         LINE#         90
  C:0CCEH         LINE#         91
  C:0CCEH         LINE#         93
  C:0CD1H         LINE#         94
  C:0CD1H         LINE#         95
  -------         ENDPROC       ENCODE_TEST
  -------         ENDMOD        ENCODE

  -------         MODULE        LCD12864
  C:0000H         SYMBOL        _ICE_DUMMY_
  D:0093H         PUBLIC        P0M1
  D:0096H         PUBLIC        P2M0
  D:0080H         PUBLIC        P0
  D:0095H         PUBLIC        P2M1
  D:0090H         PUBLIC        P1
  C:1105H         PUBLIC        _SetLCD
  D:00A0H         PUBLIC        P2
  C:0FBCH         PUBLIC        LCD12864_Software_Init
  D:00B0H         PUBLIC        P3
  D:00C0H         PUBLIC        P4
  D:00C8H         PUBLIC        P5
  D:00E8H         PUBLIC        P6
  D:00F8H         PUBLIC        P7
  C:129EH         PUBLIC        _SetOnOff
  D:00A8H         PUBLIC        IE
  X:0000H         PUBLIC        ascll
  D:00B8H         PUBLIC        IP
  C:1280H         PUBLIC        _SetColumn
  D:00D8H         PUBLIC        CCON
  C:125DH         PUBLIC        LCD_ALL_DIR_OUT
  X:0800H         PUBLIC        Ezk
  X:0900H         PUBLIC        Hzk
  C:0D9FH         PUBLIC        _Displayen
  D:0098H         PUBLIC        SCON
  C:0E3DH         PUBLIC        _Show_Num
  D:0088H         PUBLIC        TCON
  C:1290H         PUBLIC        _SetLine
  C:11EDH         PUBLIC        _Show_Hz
  C:1183H         PUBLIC        _SelectScreen
  C:1297H         PUBLIC        _SetStartLine
  C:0F55H         PUBLIC        _ClearScreen
  C:0CD2H         PUBLIC        _Display
  C:1079H         PUBLIC        _LCD12864_WriteByte
  C:1144H         PUBLIC        lcd_rol
  C:10C4H         PUBLIC        _SendCommandToLCD
  D:00D0H         PUBLIC        PSW
  D:0094H         PUBLIC        P0M0
  -------         PROC          _SENDCOMMANDTOLCD
BL51 BANKED LINKER/LOCATER V6.22                                                      06/07/2022  17:27:59  PAGE 8


  X:0BF0H         SYMBOL        com
  C:10C4H         LINE#         11
  C:10C9H         LINE#         12
  C:10C9H         LINE#         13
  C:10D0H         LINE#         14
  C:10D3H         LINE#         15
  C:10DAH         LINE#         16
  C:10DDH         LINE#         17
  C:10E0H         LINE#         18
  C:10E6H         LINE#         19
  C:10EDH         LINE#         20
  C:10F0H         LINE#         21
  C:10F7H         LINE#         22
  C:10FAH         LINE#         23
  C:1101H         LINE#         24
  C:1104H         LINE#         25
  -------         ENDPROC       _SENDCOMMANDTOLCD
  -------         PROC          _SETLCD
  X:0BF1H         SYMBOL        page
  X:0BF2H         SYMBOL        startline
  X:0BF3H         SYMBOL        column
  C:1105H         LINE#         33
  C:1110H         LINE#         34
  C:1110H         LINE#         35
  C:1117H         LINE#         36
  C:111FH         LINE#         37
  C:1126H         LINE#         38
  C:112EH         LINE#         39
  C:1135H         LINE#         40
  C:113DH         LINE#         41
  -------         ENDPROC       _SETLCD
  -------         PROC          _SETLINE
  D:0007H         SYMBOL        page
  C:1290H         LINE#         44
  C:1290H         LINE#         45
  C:1290H         LINE#         46
  C:1294H         LINE#         47
  -------         ENDPROC       _SETLINE
  -------         PROC          _SETSTARTLINE
  D:0007H         SYMBOL        startline
  C:1297H         LINE#         51
  C:1297H         LINE#         52
  C:1297H         LINE#         53
  C:129BH         LINE#         54
  -------         ENDPROC       _SETSTARTLINE
  -------         PROC          _SETCOLUMN
  D:0007H         SYMBOL        column
  C:1280H         LINE#         58
  C:1280H         LINE#         59
  C:1280H         LINE#         60
  C:1283H         LINE#         61
  C:1286H         LINE#         62
  -------         ENDPROC       _SETCOLUMN
  -------         PROC          _SETONOFF
  D:0007H         SYMBOL        onoff
  C:129EH         LINE#         67
  C:129EH         LINE#         68
BL51 BANKED LINKER/LOCATER V6.22                                                      06/07/2022  17:27:59  PAGE 9


  C:129EH         LINE#         69
  C:12A2H         LINE#         70
  -------         ENDPROC       _SETONOFF
  C:1075H         SYMBOL        L?0053
  -------         PROC          L?0052
  -------         ENDPROC       L?0052
  C:1075H         SYMBOL        L?0053
  -------         PROC          _LCD12864_WRITEBYTE
  X:0BF0H         SYMBOL        dat
  C:1079H         LINE#         79
  C:107EH         LINE#         80
  C:107EH         LINE#         81
  C:1085H         LINE#         82
  C:1088H         LINE#         83
  C:108FH         LINE#         84
  C:1092H         LINE#         85
  C:1099H         LINE#         86
  C:109CH         LINE#         87
  C:109FH         LINE#         88
  C:10A5H         LINE#         89
  C:10ACH         LINE#         90
  C:10AFH         LINE#         91
  C:10B6H         LINE#         92
  C:10B9H         LINE#         93
  C:10C0H         LINE#         94
  C:10C3H         LINE#         95
  -------         ENDPROC       _LCD12864_WRITEBYTE
  -------         PROC          _SELECTSCREEN
  D:0007H         SYMBOL        screen
  C:1183H         LINE#         104
  C:1183H         LINE#         105
  C:1183H         LINE#         106
  C:118EH         LINE#         107
  C:118EH         LINE#         108
  C:1191H         LINE#         109
  C:1191H         LINE#         110
  C:1191H         LINE#         111
  C:1191H         LINE#         112
  C:1193H         LINE#         113
  C:1196H         LINE#         114
  C:119DH         LINE#         115
  C:11A0H         LINE#         116
  C:11A0H         LINE#         117
  C:11A2H         LINE#         118
  C:11A5H         LINE#         119
  C:11ACH         LINE#         120
  C:11AFH         LINE#         121
  C:11B6H         LINE#         122
  C:11B6H         LINE#         123
  C:11B6H         LINE#         124
  C:11B6H         LINE#         125
  -------         ENDPROC       _SELECTSCREEN
  -------         PROC          _CLEARSCREEN
  X:0BE3H         SYMBOL        screen
  C:0F55H         LINE#         133
  C:0F5AH         LINE#         134
  C:0F5AH         LINE#         135
BL51 BANKED LINKER/LOCATER V6.22                                                      06/07/2022  17:27:59  PAGE 10


  C:0F66H         LINE#         136
  C:0F66H         LINE#         137
  C:0F6DH         LINE#         138
  C:0F72H         LINE#         139
  C:0F77H         LINE#         140
  C:0F83H         LINE#         141
  C:0F8FH         LINE#         142
  C:0F9BH         LINE#         143
  C:0FA7H         LINE#         144
  C:0FB3H         LINE#         145
  C:0FBBH         LINE#         146
  -------         ENDPROC       _CLEARSCREEN
  -------         PROC          LCD_ROL
  -------         DO            
  X:0BF4H         SYMBOL        i
  -------         ENDDO         
  C:1144H         LINE#         154
  C:1144H         LINE#         155
  C:1144H         LINE#         157
  C:1153H         LINE#         158
  C:1153H         LINE#         159
  C:1156H         LINE#         160
  C:115DH         LINE#         161
  C:1160H         LINE#         162
  C:1163H         LINE#         163
  C:1170H         LINE#         164
  C:1173H         LINE#         165
  C:117AH         LINE#         166
  C:1182H         LINE#         167
  -------         ENDPROC       LCD_ROL
  -------         PROC          LCD12864_SOFTWARE_INIT
  C:0FBCH         LINE#         175
  C:0FBCH         LINE#         176
  C:0FBCH         LINE#         177
  C:0FBFH         LINE#         178
  C:0FC6H         LINE#         179
  C:0FCBH         LINE#         180
  C:0FD0H         LINE#         181
  C:0FD7H         LINE#         182
  C:0FDCH         LINE#         183
  C:0FE1H         LINE#         184
  C:0FE8H         LINE#         185
  C:0FEDH         LINE#         186
  C:0FF2H         LINE#         187
  C:0FF9H         LINE#         188
  C:0FFEH         LINE#         189
  C:1005H         LINE#         190
  C:100AH         LINE#         191
  C:1011H         LINE#         192
  C:1016H         LINE#         193
  -------         ENDPROC       LCD12864_SOFTWARE_INIT
  -------         PROC          L?0051
  -------         ENDPROC       L?0051
  -------         PROC          _SHOW_HZ
  D:0006H         SYMBOL        x
  D:0005H         SYMBOL        y
  D:0004H         SYMBOL        hz
BL51 BANKED LINKER/LOCATER V6.22                                                      06/07/2022  17:27:59  PAGE 11


  -------         DO            
  D:0007H         SYMBOL        l_r
  -------         ENDDO         
  C:11EDH         LINE#         202
  C:11F1H         LINE#         203
  C:11F1H         LINE#         204
  C:11F3H         LINE#         205
  C:11F9H         LINE#         206
  C:11FCH         LINE#         208
  C:11FEH         LINE#         209
  -------         ENDPROC       _SHOW_HZ
  -------         PROC          _SHOW_NUM
  X:0BE3H         SYMBOL        x
  X:0BE4H         SYMBOL        y
  X:0BE5H         SYMBOL        str
  -------         DO            
  X:0BE8H         SYMBOL        l_r
  X:0BE9H         SYMBOL        i
  -------         ENDDO         
  C:0E3DH         LINE#         218
  C:0E4EH         LINE#         219
  C:0E4EH         LINE#         220
  C:0E53H         LINE#         221
  C:0E63H         LINE#         222
  C:0E63H         LINE#         223
  C:0E6CH         LINE#         224
  C:0E75H         LINE#         225
  C:0E87H         LINE#         226
  C:0E8AH         LINE#         227
  C:0EC0H         LINE#         228
  C:0EC6H         LINE#         229
  C:0EC8H         LINE#         230
  -------         ENDPROC       _SHOW_NUM
  -------         PROC          _DISPLAY
  X:0BE4H         SYMBOL        ss
  X:0BE5H         SYMBOL        page
  X:0BE6H         SYMBOL        column
  X:0BE7H         SYMBOL        number
  -------         DO            
  X:0BE8H         SYMBOL        i
  -------         ENDDO         
  C:0CD2H         LINE#         238
  C:0CDDH         LINE#         239
  C:0CDDH         LINE#         241
  C:0CE2H         LINE#         242
  C:0CEAH         LINE#         243
  C:0CF1H         LINE#         244
  C:0CF9H         LINE#         245
  C:0D01H         LINE#         246
  C:0D1AH         LINE#         247
  C:0D1AH         LINE#         248
  C:0D37H         LINE#         249
  C:0D47H         LINE#         250
  C:0D50H         LINE#         251
  C:0D58H         LINE#         252
  C:0D71H         LINE#         253
  C:0D71H         LINE#         254
BL51 BANKED LINKER/LOCATER V6.22                                                      06/07/2022  17:27:59  PAGE 12


  C:0D8EH         LINE#         255
  C:0D9EH         LINE#         256
  -------         ENDPROC       _DISPLAY
  -------         PROC          _DISPLAYEN
  D:0007H         SYMBOL        ss
  X:0BEBH         SYMBOL        page
  X:0BECH         SYMBOL        column
  X:0BEDH         SYMBOL        num
  -------         DO            
  X:0BEEH         SYMBOL        i
  X:0BEFH         SYMBOL        number
  -------         ENDDO         
  C:0D9FH         LINE#         264
  C:0DA7H         LINE#         265
  C:0DA7H         LINE#         267
  C:0DADH         LINE#         268
  C:0DB0H         LINE#         269
  C:0DB7H         LINE#         270
  C:0DBFH         LINE#         271
  C:0DC7H         LINE#         272
  C:0DD6H         LINE#         273
  C:0DD6H         LINE#         274
  C:0DF1H         LINE#         275
  C:0DF9H         LINE#         276
  C:0E02H         LINE#         277
  C:0E0AH         LINE#         278
  C:0E19H         LINE#         279
  C:0E19H         LINE#         280
  C:0E34H         LINE#         281
  C:0E3CH         LINE#         282
  -------         ENDPROC       _DISPLAYEN
  -------         PROC          LCD_ALL_DIR_OUT
  C:125DH         LINE#         290
  C:125DH         LINE#         291
  C:125DH         LINE#         292
  C:1263H         LINE#         293
  C:1269H         LINE#         294
  C:126CH         LINE#         295
  C:126FH         LINE#         296
  -------         ENDPROC       LCD_ALL_DIR_OUT
  -------         ENDMOD        LCD12864

  -------         MODULE        ?C?CLDPTR
  C:11B7H         PUBLIC        ?C?CLDPTR
  -------         ENDMOD        ?C?CLDPTR

  -------         MODULE        ?C?ILDIX
  C:11D0H         PUBLIC        ?C?ILDIX
  -------         ENDMOD        ?C?ILDIX

*** WARNING L16: UNCALLED SEGMENT, IGNORED FOR OVERLAY PROCESS
    SEGMENT: ?PR?_SETLCD?LCD12864

*** WARNING L16: UNCALLED SEGMENT, IGNORED FOR OVERLAY PROCESS
    SEGMENT: ?PR?LCD_ROL?LCD12864

Program Size: data=9.0 xdata=3061 code=4773
BL51 BANKED LINKER/LOCATER V6.22                                                      06/07/2022  17:27:59  PAGE 13


LINK/LOCATE RUN COMPLETE.  2 WARNING(S),  0 ERROR(S)
