BL51 BANKED LINKER/LOCATER V6.22                                                        06/06/2022  20:43:03  PAGE 1


BL51 BANKED LINKER/LOCATER V6.22, INVOKED BY:
D:\KEIL_V5\C51\BIN\BL51.EXE .\Objects\main.obj, .\Objects\System.obj, .\Objects\led.obj TO .\Objects\TEST PRINT (.\Listi
>> ngs\TEST.m51) RAMSIZE (256)


MEMORY MODEL: LARGE


INPUT MODULES INCLUDED:
  .\Objects\main.obj (MAIN)
  .\Objects\System.obj (SYSTEM)
  .\Objects\led.obj (LED)
  D:\KEIL_V5\C51\LIB\C51L.LIB (?C_STARTUP)


LINK MAP OF MODULE:  .\Objects\TEST (MAIN)


            TYPE    BASE      LENGTH    RELOCATION   SEGMENT NAME
            -----------------------------------------------------

            * * * * * * *   D A T A   M E M O R Y   * * * * * * *
            REG     0000H     0008H     ABSOLUTE     "REG BANK 0"
            IDATA   0008H     0001H     UNIT         ?STACK

            * * * * * * *   C O D E   M E M O R Y   * * * * * * *
            CODE    0000H     0003H     ABSOLUTE     
            CODE    0003H     0058H     UNIT         ?PR?SYSTEM_INIT?SYSTEM
            CODE    005BH     0034H     UNIT         ?PR?MAIN?MAIN
            CODE    008FH     001EH     UNIT         ?PR?_DELAY_MS?SYSTEM
            CODE    00ADH     000FH     UNIT         ?PR?LED_CONFIGURE?LED
            CODE    00BCH     000CH     UNIT         ?C_C51STARTUP



OVERLAY MAP OF MODULE:   .\Objects\TEST (MAIN)


SEGMENT
  +--> CALLED SEGMENT
---------------------
?C_C51STARTUP
  +--> ?PR?MAIN?MAIN

?PR?MAIN?MAIN
  +--> ?PR?SYSTEM_INIT?SYSTEM
  +--> ?PR?LED_CONFIGURE?LED
  +--> ?PR?_DELAY_MS?SYSTEM

?PR?SYSTEM_INIT?SYSTEM
  +--> ?PR?_DELAY_MS?SYSTEM



SYMBOL TABLE OF MODULE:  .\Objects\TEST (MAIN)

  VALUE           TYPE          NAME
  ----------------------------------
BL51 BANKED LINKER/LOCATER V6.22                                                      06/06/2022  20:43:03  PAGE 2



  -------         MODULE        MAIN
  C:0000H         SYMBOL        _ICE_DUMMY_
  D:0080H         PUBLIC        P0
  D:0090H         PUBLIC        P1
  D:00A0H         PUBLIC        P2
  D:00B0H         PUBLIC        P3
  D:00C0H         PUBLIC        P4
  D:00C8H         PUBLIC        P5
  B:00C0H.0       PUBLIC        LED0
  D:00E8H         PUBLIC        P6
  B:00C0H.1       PUBLIC        LED1
  D:00F8H         PUBLIC        P7
  B:00C0H.2       PUBLIC        LED2
  B:00C0H.3       PUBLIC        LED3
  D:00A8H         PUBLIC        IE
  D:00B8H         PUBLIC        IP
  D:00D8H         PUBLIC        CCON
  C:005BH         PUBLIC        main
  D:0098H         PUBLIC        SCON
  D:0088H         PUBLIC        TCON
  D:00D0H         PUBLIC        PSW
  -------         PROC          MAIN
  C:005BH         LINE#         24
  C:005BH         LINE#         25
  C:005BH         LINE#         26
  C:005EH         LINE#         27
  C:0061H         LINE#         28
  C:0061H         LINE#         29
  C:0061H         LINE#         30
  C:0063H         LINE#         31
  C:006AH         LINE#         32
  C:006CH         LINE#         33
  C:006EH         LINE#         34
  C:0075H         LINE#         35
  C:0077H         LINE#         36
  C:0079H         LINE#         37
  C:0080H         LINE#         38
  C:0082H         LINE#         39
  C:0084H         LINE#         40
  C:008BH         LINE#         41
  C:008DH         LINE#         42
  -------         ENDPROC       MAIN
  -------         ENDMOD        MAIN

  -------         MODULE        SYSTEM
  C:0000H         SYMBOL        _ICE_DUMMY_
  D:0092H         PUBLIC        P1M0
  D:0093H         PUBLIC        P0M1
  C:0003H         PUBLIC        System_Init
  D:0096H         PUBLIC        P2M0
  D:0091H         PUBLIC        P1M1
  D:0080H         PUBLIC        P0
  D:00B2H         PUBLIC        P3M0
  D:0095H         PUBLIC        P2M1
  D:0090H         PUBLIC        P1
  D:00B4H         PUBLIC        P4M0
BL51 BANKED LINKER/LOCATER V6.22                                                      06/06/2022  20:43:03  PAGE 3


  D:00B1H         PUBLIC        P3M1
  D:00A0H         PUBLIC        P2
  D:00CAH         PUBLIC        P5M0
  D:00B3H         PUBLIC        P4M1
  D:00B0H         PUBLIC        P3
  D:00CCH         PUBLIC        P6M0
  D:00C9H         PUBLIC        P5M1
  D:00C0H         PUBLIC        P4
  D:00E2H         PUBLIC        P7M0
  D:00CBH         PUBLIC        P6M1
  D:00C8H         PUBLIC        P5
  D:00E1H         PUBLIC        P7M1
  D:00E8H         PUBLIC        P6
  D:00F8H         PUBLIC        P7
  D:00BAH         PUBLIC        P_SW2
  D:00A8H         PUBLIC        IE
  D:00B8H         PUBLIC        IP
  D:00D8H         PUBLIC        CCON
  C:008FH         PUBLIC        _Delay_ms
  D:0098H         PUBLIC        SCON
  D:0088H         PUBLIC        TCON
  D:00FFH         PUBLIC        RSTCFG
  D:00D0H         PUBLIC        PSW
  D:0094H         PUBLIC        P0M0
  -------         PROC          _DELAY_MS
  D:0006H         SYMBOL        ms
  -------         DO            
  D:0004H         SYMBOL        i
  -------         ENDDO         
  C:008FH         LINE#         11
  C:008FH         LINE#         12
  C:008FH         LINE#         14
  C:0099H         LINE#         15
  C:0099H         LINE#         16
  C:00ACH         LINE#         17
  C:00ACH         LINE#         18
  -------         ENDPROC       _DELAY_MS
  -------         PROC          SYSTEM_INIT
  C:0003H         LINE#         29
  C:0003H         LINE#         30
  C:0003H         LINE#         31
  C:000AH         LINE#         32
  C:000DH         LINE#         33
  C:0014H         LINE#         34
  C:001BH         LINE#         35
  C:0021H         LINE#         36
  C:0025H         LINE#         37
  C:0028H         LINE#         40
  C:002BH         LINE#         44
  C:0030H         LINE#         46
  C:0035H         LINE#         48
  C:003AH         LINE#         50
  C:003FH         LINE#         52
  C:0044H         LINE#         54
  C:0049H         LINE#         56
  C:004EH         LINE#         60
  C:0054H         LINE#         62
BL51 BANKED LINKER/LOCATER V6.22                                                      06/06/2022  20:43:03  PAGE 4


  C:005AH         LINE#         63
  -------         ENDPROC       SYSTEM_INIT
  -------         ENDMOD        SYSTEM

  -------         MODULE        LED
  C:0000H         SYMBOL        _ICE_DUMMY_
  D:0080H         PUBLIC        P0
  D:0090H         PUBLIC        P1
  D:00B4H         PUBLIC        P4M0
  D:00A0H         PUBLIC        P2
  D:00B3H         PUBLIC        P4M1
  D:00B0H         PUBLIC        P3
  D:00C0H         PUBLIC        P4
  D:00C8H         PUBLIC        P5
  B:00C0H.0       PUBLIC        LED0
  D:00E8H         PUBLIC        P6
  B:00C0H.1       PUBLIC        LED1
  D:00F8H         PUBLIC        P7
  B:00C0H.2       PUBLIC        LED2
  B:00C0H.3       PUBLIC        LED3
  D:00A8H         PUBLIC        IE
  D:00B8H         PUBLIC        IP
  C:00ADH         PUBLIC        Led_Configure
  D:00D8H         PUBLIC        CCON
  D:0098H         PUBLIC        SCON
  D:0088H         PUBLIC        TCON
  D:00D0H         PUBLIC        PSW
  -------         PROC          LED_CONFIGURE
  C:00ADH         LINE#         9
  C:00ADH         LINE#         10
  C:00ADH         LINE#         11
  C:00B3H         LINE#         12
  C:00B5H         LINE#         13
  C:00B7H         LINE#         14
  C:00B9H         LINE#         15
  C:00BBH         LINE#         16
  -------         ENDPROC       LED_CONFIGURE
  -------         ENDMOD        LED

Program Size: data=9.0 xdata=0 code=200
LINK/LOCATE RUN COMPLETE.  0 WARNING(S),  0 ERROR(S)
