BL51 BANKED LINKER/LOCATER V6.22                                                        06/07/2022  15:01:44  PAGE 1


BL51 BANKED LINKER/LOCATER V6.22, INVOKED BY:
D:\KEIL_V5\C51\BIN\BL51.EXE .\Objects\main.obj, .\Objects\System.obj, .\Objects\serial2parallel.obj TO .\Objects\TEST PR
>> INT (.\Listings\TEST.m51) RAMSIZE (256)


MEMORY MODEL: LARGE


INPUT MODULES INCLUDED:
  .\Objects\main.obj (MAIN)
  .\Objects\System.obj (SYSTEM)
  .\Objects\serial2parallel.obj (SERIAL2PARALLEL)
  D:\KEIL_V5\C51\LIB\C51L.LIB (?C_STARTUP)


LINK MAP OF MODULE:  .\Objects\TEST (MAIN)


            TYPE    BASE      LENGTH    RELOCATION   SEGMENT NAME
            -----------------------------------------------------

            * * * * * * *   D A T A   M E M O R Y   * * * * * * *
            REG     0000H     0008H     ABSOLUTE     "REG BANK 0"
            IDATA   0008H     0001H     UNIT         ?STACK

            * * * * * * *  X D A T A   M E M O R Y  * * * * * * *
            XDATA   0000H     0001H     UNIT         _XDATA_GROUP_

            * * * * * * *   C O D E   M E M O R Y   * * * * * * *
            CODE    0000H     0003H     ABSOLUTE     
            CODE    0003H     0058H     UNIT         ?PR?SYSTEM_INIT?SYSTEM
            CODE    005BH     002AH     UNIT         ?PR?MAIN?MAIN
            CODE    0085H     001EH     UNIT         ?PR?_DELAY_MS?SYSTEM
            CODE    00A3H     001EH     UNIT         ?PR?_SERIAL2PARALLEL?SERIAL2PARALLEL
            CODE    00C1H     000CH     UNIT         ?C_C51STARTUP
            CODE    00CDH     0007H     UNIT         ?PR?SERIAL_HARDWARE_INIT?SERIAL2PARALLEL



OVERLAY MAP OF MODULE:   .\Objects\TEST (MAIN)


SEGMENT                                            XDATA_GROUP
  +--> CALLED SEGMENT                            START    LENGTH
----------------------------------------------------------------
?C_C51STARTUP                                    -----    -----
  +--> ?PR?MAIN?MAIN

?PR?MAIN?MAIN                                    0000H    0001H
  +--> ?PR?SYSTEM_INIT?SYSTEM
  +--> ?PR?SERIAL_HARDWARE_INIT?SERIAL2PARALLEL
  +--> ?PR?_SERIAL2PARALLEL?SERIAL2PARALLEL
  +--> ?PR?_DELAY_MS?SYSTEM

?PR?SYSTEM_INIT?SYSTEM                           -----    -----
  +--> ?PR?_DELAY_MS?SYSTEM


BL51 BANKED LINKER/LOCATER V6.22                                                      06/07/2022  15:01:44  PAGE 2



SYMBOL TABLE OF MODULE:  .\Objects\TEST (MAIN)

  VALUE           TYPE          NAME
  ----------------------------------

  -------         MODULE        MAIN
  C:0000H         SYMBOL        _ICE_DUMMY_
  D:0080H         PUBLIC        P0
  D:0090H         PUBLIC        P1
  D:00A0H         PUBLIC        P2
  D:00B0H         PUBLIC        P3
  D:00C0H         PUBLIC        P4
  D:00C8H         PUBLIC        P5
  D:00E8H         PUBLIC        P6
  D:00F8H         PUBLIC        P7
  D:00A8H         PUBLIC        IE
  D:00B8H         PUBLIC        IP
  D:00D8H         PUBLIC        CCON
  C:005BH         PUBLIC        main
  D:0098H         PUBLIC        SCON
  D:0088H         PUBLIC        TCON
  D:00D0H         PUBLIC        PSW
  -------         PROC          MAIN
  -------         DO            
  X:0000H         SYMBOL        a
  -------         ENDDO         
  C:005BH         LINE#         34
  C:005BH         LINE#         35
  C:005BH         LINE#         36
  C:0061H         LINE#         37
  C:0064H         LINE#         38
  C:0067H         LINE#         40
  C:0067H         LINE#         41
  C:0067H         LINE#         42
  C:0079H         LINE#         43
  C:007CH         LINE#         44
  C:0083H         LINE#         45
  -------         ENDPROC       MAIN
  -------         ENDMOD        MAIN

  -------         MODULE        SYSTEM
  C:0000H         SYMBOL        _ICE_DUMMY_
  D:0092H         PUBLIC        P1M0
  D:0093H         PUBLIC        P0M1
  C:0003H         PUBLIC        System_Init
  D:0096H         PUBLIC        P2M0
  D:0091H         PUBLIC        P1M1
  D:0080H         PUBLIC        P0
  D:00B2H         PUBLIC        P3M0
  D:0095H         PUBLIC        P2M1
  D:0090H         PUBLIC        P1
  D:00B4H         PUBLIC        P4M0
  D:00B1H         PUBLIC        P3M1
  D:00A0H         PUBLIC        P2
  D:00CAH         PUBLIC        P5M0
  D:00B3H         PUBLIC        P4M1
BL51 BANKED LINKER/LOCATER V6.22                                                      06/07/2022  15:01:44  PAGE 3


  D:00B0H         PUBLIC        P3
  D:00CCH         PUBLIC        P6M0
  D:00C9H         PUBLIC        P5M1
  D:00C0H         PUBLIC        P4
  D:00E2H         PUBLIC        P7M0
  D:00CBH         PUBLIC        P6M1
  D:00C8H         PUBLIC        P5
  D:00E1H         PUBLIC        P7M1
  D:00E8H         PUBLIC        P6
  D:00F8H         PUBLIC        P7
  D:00BAH         PUBLIC        P_SW2
  D:00A8H         PUBLIC        IE
  D:00B8H         PUBLIC        IP
  D:00D8H         PUBLIC        CCON
  C:0085H         PUBLIC        _Delay_ms
  D:0098H         PUBLIC        SCON
  D:0088H         PUBLIC        TCON
  D:00FFH         PUBLIC        RSTCFG
  D:00D0H         PUBLIC        PSW
  D:0094H         PUBLIC        P0M0
  -------         PROC          _DELAY_MS
  D:0006H         SYMBOL        ms
  -------         DO            
  D:0004H         SYMBOL        i
  -------         ENDDO         
  C:0085H         LINE#         14
  C:0085H         LINE#         15
  C:0085H         LINE#         17
  C:008FH         LINE#         18
  C:008FH         LINE#         19
  C:00A2H         LINE#         20
  C:00A2H         LINE#         21
  -------         ENDPROC       _DELAY_MS
  -------         PROC          SYSTEM_INIT
  C:0003H         LINE#         31
  C:0003H         LINE#         32
  C:0003H         LINE#         33
  C:000AH         LINE#         34
  C:000DH         LINE#         35
  C:0014H         LINE#         36
  C:001BH         LINE#         37
  C:0021H         LINE#         38
  C:0025H         LINE#         39
  C:0028H         LINE#         42
  C:002BH         LINE#         46
  C:0030H         LINE#         48
  C:0035H         LINE#         50
  C:003AH         LINE#         52
  C:003FH         LINE#         54
  C:0044H         LINE#         56
  C:0049H         LINE#         58
  C:004EH         LINE#         62
  C:0054H         LINE#         64
  C:005AH         LINE#         65
  -------         ENDPROC       SYSTEM_INIT
  -------         ENDMOD        SYSTEM

BL51 BANKED LINKER/LOCATER V6.22                                                      06/07/2022  15:01:44  PAGE 4


  -------         MODULE        SERIAL2PARALLEL
  C:0000H         SYMBOL        _ICE_DUMMY_
  D:0096H         PUBLIC        P2M0
  D:0080H         PUBLIC        P0
  D:0095H         PUBLIC        P2M1
  D:0090H         PUBLIC        P1
  D:00A0H         PUBLIC        P2
  D:00B0H         PUBLIC        P3
  D:00C0H         PUBLIC        P4
  D:00C8H         PUBLIC        P5
  D:00E8H         PUBLIC        P6
  D:00F8H         PUBLIC        P7
  D:00A8H         PUBLIC        IE
  D:00B8H         PUBLIC        IP
  D:00D8H         PUBLIC        CCON
  D:0098H         PUBLIC        SCON
  D:0088H         PUBLIC        TCON
  C:00A3H         PUBLIC        _Serial2Parallel
  C:00CDH         PUBLIC        Serial_Hardware_Init
  D:00D0H         PUBLIC        PSW
  -------         PROC          SERIAL_HARDWARE_INIT
  C:00CDH         LINE#         4
  C:00CDH         LINE#         5
  C:00CDH         LINE#         6
  C:00D3H         LINE#         7
  -------         ENDPROC       SERIAL_HARDWARE_INIT
  -------         PROC          _SERIAL2PARALLEL
  D:0007H         SYMBOL        byte
  -------         DO            
  D:0006H         SYMBOL        c
  -------         ENDDO         
  C:00A3H         LINE#         9
  C:00A3H         LINE#         10
  C:00A3H         LINE#         11
  C:00A5H         LINE#         12
  C:00A5H         LINE#         13
  C:00A5H         LINE#         14
  C:00A8H         LINE#         15
  C:00B4H         LINE#         16
  C:00B7H         LINE#         17
  C:00BBH         LINE#         18
  C:00C0H         LINE#         19
  -------         ENDPROC       _SERIAL2PARALLEL
  -------         ENDMOD        SERIAL2PARALLEL

Program Size: data=9.0 xdata=1 code=212
LINK/LOCATE RUN COMPLETE.  0 WARNING(S),  0 ERROR(S)
