C51 COMPILER V9.54   MAIN                                                                  06/07/2022 10:23:14 PAGE 1   


C51 COMPILER V9.54, COMPILATION OF MODULE MAIN
OBJECT MODULE PLACED IN .\Objects\main.obj
COMPILER INVOKED BY: D:\Keil_v5\C51\BIN\C51.EXE main.c LARGE OPTIMIZE(8,SPEED) BROWSE INCDIR(..\HARDWARE;..\SYSTEM;..\US
                    -ER;..\HARDWARE\key;..\HARDWARE\led;..\HARDWARE\leds) DEBUG OBJECTEXTEND PRINT(.\Listings\main.lst) TABS(2) OBJECT(.\Obje
                    -cts\main.obj)

line level    source

   1          /***************************************************************************
   2          实验名称：  按键检测实验
   3          
   4          实验模块：  STC8A核心板v2.1、主板静态显示数码管
   5          
   6          实验接线：    STC8A核心板   -----------   主板区静态显示数码管
   7                         P1.0       -----------        CLK            
   8                         P1.1       -----------        SDA                         
   9                      
  10          现象描述：  数码管循环显示“0~f”
  11          
  12          更新时间：2022.06.07
  13          ***************************************************************************/
  14          #include "intrins.h"
  15          #include "leds.h"
  16          
  17          
  18          void main(void)
  19          {
  20   1        uint8_t i = 0;
  21   1        System_Init();            //系统初始化
  22   1        LED_Init();
  23   1        while(1)
  24   1        {
  25   2          for(i = 0; i < 16; i++)//依次把tab中16个数输入进去
  26   2          {     
  27   3            Delay_ms(50);       //调用延时程序，延时50毫秒 
  28   3            sendbyte(i);        //调用发送字节的程序  
  29   3            Delay_ms(500);        //调用延时程序，延时500毫秒 
  30   3          } 
  31   2          i = 0; 
  32   2        }
  33   1      }
  34          
  35          //                                      endfile


MODULE INFORMATION:   STATIC OVERLAYABLE
   CODE SIZE        =     57    ----
   CONSTANT SIZE    =   ----    ----
   XDATA SIZE       =   ----       1
   PDATA SIZE       =   ----    ----
   DATA SIZE        =   ----    ----
   IDATA SIZE       =   ----    ----
   BIT SIZE         =   ----    ----
END OF MODULE INFORMATION.


C51 COMPILATION COMPLETE.  0 WARNING(S),  0 ERROR(S)
