BL51 BANKED LINKER/LOCATER V6.22                                                        06/07/2022  10:23:14  PAGE 1


BL51 BANKED LINKER/LOCATER V6.22, INVOKED BY:
D:\KEIL_V5\C51\BIN\BL51.EXE .\Objects\main.obj, .\Objects\System.obj, .\Objects\leds.obj TO .\Objects\TEST PRINT (.\List
>> ings\TEST.m51) RAMSIZE (256)


MEMORY MODEL: LARGE


INPUT MODULES INCLUDED:
  .\Objects\main.obj (MAIN)
  .\Objects\System.obj (SYSTEM)
  .\Objects\leds.obj (LEDS)
  D:\KEIL_V5\C51\LIB\C51L.LIB (?C_STARTUP)


LINK MAP OF MODULE:  .\Objects\TEST (MAIN)


            TYPE    BASE      LENGTH    RELOCATION   SEGMENT NAME
            -----------------------------------------------------

            * * * * * * *   D A T A   M E M O R Y   * * * * * * *
            REG     0000H     0008H     ABSOLUTE     "REG BANK 0"
            IDATA   0008H     0001H     UNIT         ?STACK

            * * * * * * *  X D A T A   M E M O R Y  * * * * * * *
            XDATA   0000H     0001H     UNIT         _XDATA_GROUP_

            * * * * * * *   C O D E   M E M O R Y   * * * * * * *
            CODE    0000H     0003H     ABSOLUTE     
            CODE    0003H     0058H     UNIT         ?PR?SYSTEM_INIT?SYSTEM
            CODE    005BH     0039H     UNIT         ?PR?MAIN?MAIN
            CODE    0094H     001EH     UNIT         ?PR?_DELAY_MS?SYSTEM
            CODE    00B2H     001AH     UNIT         ?PR?_SENDBYTE?LEDS
            CODE    00CCH     0010H     UNIT         ?CO?LEDS
            CODE    00DCH     000CH     UNIT         ?C_C51STARTUP
            CODE    00E8H     0007H     UNIT         ?PR?LED_INIT?LEDS



OVERLAY MAP OF MODULE:   .\Objects\TEST (MAIN)


SEGMENT                          XDATA_GROUP
  +--> CALLED SEGMENT          START    LENGTH
----------------------------------------------
?C_C51STARTUP                  -----    -----
  +--> ?PR?MAIN?MAIN

?PR?MAIN?MAIN                  0000H    0001H
  +--> ?PR?SYSTEM_INIT?SYSTEM
  +--> ?PR?LED_INIT?LEDS
  +--> ?PR?_DELAY_MS?SYSTEM
  +--> ?PR?_SENDBYTE?LEDS

?PR?SYSTEM_INIT?SYSTEM         -----    -----
  +--> ?PR?_DELAY_MS?SYSTEM

BL51 BANKED LINKER/LOCATER V6.22                                                      06/07/2022  10:23:14  PAGE 2


?PR?_SENDBYTE?LEDS             -----    -----
  +--> ?CO?LEDS



SYMBOL TABLE OF MODULE:  .\Objects\TEST (MAIN)

  VALUE           TYPE          NAME
  ----------------------------------

  -------         MODULE        MAIN
  C:0000H         SYMBOL        _ICE_DUMMY_
  D:0080H         PUBLIC        P0
  D:0090H         PUBLIC        P1
  D:00A0H         PUBLIC        P2
  D:00B0H         PUBLIC        P3
  D:00C0H         PUBLIC        P4
  D:00C8H         PUBLIC        P5
  D:00E8H         PUBLIC        P6
  D:00F8H         PUBLIC        P7
  D:00A8H         PUBLIC        IE
  D:00B8H         PUBLIC        IP
  D:00D8H         PUBLIC        CCON
  C:005BH         PUBLIC        main
  D:0098H         PUBLIC        SCON
  D:0088H         PUBLIC        TCON
  D:00D0H         PUBLIC        PSW
  -------         PROC          MAIN
  -------         DO            
  X:0000H         SYMBOL        i
  -------         ENDDO         
  C:005BH         LINE#         18
  C:005BH         LINE#         19
  C:005BH         LINE#         20
  C:0060H         LINE#         21
  C:0063H         LINE#         22
  C:0066H         LINE#         23
  C:0066H         LINE#         24
  C:0066H         LINE#         25
  C:006BH         LINE#         26
  C:006BH         LINE#         27
  C:0072H         LINE#         28
  C:007AH         LINE#         29
  C:0081H         LINE#         30
  C:008DH         LINE#         31
  C:0092H         LINE#         32
  -------         ENDPROC       MAIN
  -------         ENDMOD        MAIN

  -------         MODULE        SYSTEM
  C:0000H         SYMBOL        _ICE_DUMMY_
  D:0092H         PUBLIC        P1M0
  D:0093H         PUBLIC        P0M1
  C:0003H         PUBLIC        System_Init
  D:0096H         PUBLIC        P2M0
  D:0091H         PUBLIC        P1M1
  D:0080H         PUBLIC        P0
BL51 BANKED LINKER/LOCATER V6.22                                                      06/07/2022  10:23:14  PAGE 3


  D:00B2H         PUBLIC        P3M0
  D:0095H         PUBLIC        P2M1
  D:0090H         PUBLIC        P1
  D:00B4H         PUBLIC        P4M0
  D:00B1H         PUBLIC        P3M1
  D:00A0H         PUBLIC        P2
  D:00CAH         PUBLIC        P5M0
  D:00B3H         PUBLIC        P4M1
  D:00B0H         PUBLIC        P3
  D:00CCH         PUBLIC        P6M0
  D:00C9H         PUBLIC        P5M1
  D:00C0H         PUBLIC        P4
  D:00E2H         PUBLIC        P7M0
  D:00CBH         PUBLIC        P6M1
  D:00C8H         PUBLIC        P5
  D:00E1H         PUBLIC        P7M1
  D:00E8H         PUBLIC        P6
  D:00F8H         PUBLIC        P7
  D:00BAH         PUBLIC        P_SW2
  D:00A8H         PUBLIC        IE
  D:00B8H         PUBLIC        IP
  D:00D8H         PUBLIC        CCON
  C:0094H         PUBLIC        _Delay_ms
  D:0098H         PUBLIC        SCON
  D:0088H         PUBLIC        TCON
  D:00FFH         PUBLIC        RSTCFG
  D:00D0H         PUBLIC        PSW
  D:0094H         PUBLIC        P0M0
  -------         PROC          _DELAY_MS
  D:0006H         SYMBOL        ms
  -------         DO            
  D:0004H         SYMBOL        i
  -------         ENDDO         
  C:0094H         LINE#         14
  C:0094H         LINE#         15
  C:0094H         LINE#         17
  C:009EH         LINE#         18
  C:009EH         LINE#         19
  C:00B1H         LINE#         20
  C:00B1H         LINE#         21
  -------         ENDPROC       _DELAY_MS
  -------         PROC          SYSTEM_INIT
  C:0003H         LINE#         31
  C:0003H         LINE#         32
  C:0003H         LINE#         33
  C:000AH         LINE#         34
  C:000DH         LINE#         35
  C:0014H         LINE#         36
  C:001BH         LINE#         37
  C:0021H         LINE#         38
  C:0025H         LINE#         39
  C:0028H         LINE#         42
  C:002BH         LINE#         46
  C:0030H         LINE#         48
  C:0035H         LINE#         50
  C:003AH         LINE#         52
  C:003FH         LINE#         54
BL51 BANKED LINKER/LOCATER V6.22                                                      06/07/2022  10:23:14  PAGE 4


  C:0044H         LINE#         56
  C:0049H         LINE#         58
  C:004EH         LINE#         62
  C:0054H         LINE#         64
  C:005AH         LINE#         65
  -------         ENDPROC       SYSTEM_INIT
  -------         ENDMOD        SYSTEM

  -------         MODULE        LEDS
  C:0000H         SYMBOL        _ICE_DUMMY_
  D:0092H         PUBLIC        P1M0
  D:0091H         PUBLIC        P1M1
  D:0080H         PUBLIC        P0
  D:0090H         PUBLIC        P1
  D:00A0H         PUBLIC        P2
  D:00B0H         PUBLIC        P3
  D:00C0H         PUBLIC        P4
  D:00C8H         PUBLIC        P5
  D:00E8H         PUBLIC        P6
  D:00F8H         PUBLIC        P7
  D:00A8H         PUBLIC        IE
  D:00B8H         PUBLIC        IP
  D:00D8H         PUBLIC        CCON
  D:0098H         PUBLIC        SCON
  D:0088H         PUBLIC        TCON
  C:00CCH         PUBLIC        tab
  C:00E8H         PUBLIC        LED_Init
  B:0090H.1       PUBLIC        DAT
  B:0090H.0       PUBLIC        CLK
  C:00B2H         PUBLIC        _sendbyte
  D:00D0H         PUBLIC        PSW
  -------         PROC          LED_INIT
  C:00E8H         LINE#         6
  C:00E8H         LINE#         7
  C:00E8H         LINE#         8
  C:00EBH         LINE#         9
  C:00EEH         LINE#         10
  -------         ENDPROC       LED_INIT
  -------         PROC          _SENDBYTE
  D:0007H         SYMBOL        byte
  -------         DO            
  D:0007H         SYMBOL        num
  D:0006H         SYMBOL        c
  -------         ENDDO         
  C:00B2H         LINE#         12
  C:00B2H         LINE#         13
  C:00B2H         LINE#         15
  C:00B8H         LINE#         16
  C:00BAH         LINE#         17
  C:00BAH         LINE#         18
  C:00BCH         LINE#         19
  C:00C0H         LINE#         20
  C:00C2H         LINE#         21
  C:00C6H         LINE#         23
  C:00CBH         LINE#         24
  -------         ENDPROC       _SENDBYTE
  -------         ENDMOD        LEDS
BL51 BANKED LINKER/LOCATER V6.22                                                      06/07/2022  10:23:14  PAGE 5



Program Size: data=9.0 xdata=1 code=239
LINK/LOCATE RUN COMPLETE.  0 WARNING(S),  0 ERROR(S)
