C51 COMPILER V9.54   MAIN                                                                  06/07/2022 15:21:39 PAGE 1   


C51 COMPILER V9.54, COMPILATION OF MODULE MAIN
OBJECT MODULE PLACED IN .\Objects\main.obj
COMPILER INVOKED BY: D:\Keil_v5\C51\BIN\C51.EXE main.c LARGE OPTIMIZE(8,SPEED) BROWSE INCDIR(..\HARDWARE;..\SYSTEM;..\US
                    -ER;..\HARDWARE\74HC245) DEBUG OBJECTEXTEND PRINT(.\Listings\main.lst) TABS(2) OBJECT(.\Objects\main.obj)

line level    source

   1          /***************************************************************************
   2          实验名称：简易IO扩展输出实验
   3          
   4          实验模块：  STC8A核心板-V2.1、主板区：LED发光管、简易I/O扩展
   5          
   6          实验接线：  STC8A核心板   ---------   简易I/O扩展         
   7                      P1.0        ---------      nOE          
   8                      P1.1        ---------      T/nR
   9                      
  10                      P0.0        ---------      A0
  11                      P0.1        ---------      A1
  12                      P0.2        ---------      A2
  13                      P0.3        ---------      A3
  14                      P0.4        ---------      A4
  15                      P0.5        ---------      A5
  16                      P0.6        ---------      A6
  17                      P0.7        ---------      A7
  18                      
  19                    简易I/O扩展   ---------   LED发光管       
  20                        B0        ---------    LED1
  21                        B1        ---------    LED2
  22                        B2        ---------    LED3
  23                        B3        ---------    LED4
  24                        B4        ---------    LED5
  25                        B5        ---------    LED6
  26                        B6        ---------    LED7
  27                        B7        ---------    LED8
  28                    注：请先下载程序在进行接线，否则可能会出现下载不了程序的情况，因为代码中使用了下载用的IO口
  29                        
  30          现象描述： LED灯显示01010101数据
  31          
  32          更新时间：2022.06.07
  33          ***************************************************************************/
  34          #include "intrins.h"
  35          #include "system.h"
  36          #include "74hc245.h"
  37          
  38          
  39          void main(void)
  40          {
  41   1        
  42   1        System_Init();       //系统初始化
  43   1        IO_Init();
  44   1        OE = 0;     //输出允许
  45   1        TR = 1;     //置为A输入，B输出
  46   1        P0 = 0x55;
  47   1        
  48   1        while(1)
  49   1        {
  50   2          
  51   2        }
  52   1      }
  53          
  54          //                                      endfile
C51 COMPILER V9.54   MAIN                                                                  06/07/2022 15:21:39 PAGE 2   



MODULE INFORMATION:   STATIC OVERLAYABLE
   CODE SIZE        =     15    ----
   CONSTANT SIZE    =   ----    ----
   XDATA SIZE       =   ----    ----
   PDATA SIZE       =   ----    ----
   DATA SIZE        =   ----    ----
   IDATA SIZE       =   ----    ----
   BIT SIZE         =   ----    ----
END OF MODULE INFORMATION.


C51 COMPILATION COMPLETE.  0 WARNING(S),  0 ERROR(S)
