BL51 BANKED LINKER/LOCATER V6.22                                                        07/17/2023  14:45:48  PAGE 1


BL51 BANKED LINKER/LOCATER V6.22, INVOKED BY:
C:\KEIL\C51\BIN\BL51.EXE .\Objects\main.obj, .\Objects\System.obj, .\Objects\led.obj, .\Objects\key.obj TO .\Objects\TES
>> T PRINT (.\Listings\TEST.m51) RAMSIZE (256)


MEMORY MODEL: LARGE


INPUT MODULES INCLUDED:
  .\Objects\main.obj (MAIN)
  .\Objects\System.obj (SYSTEM)
  .\Objects\led.obj (LED)
  .\Objects\key.obj (KEY)
  C:\KEIL\C51\LIB\C51L.LIB (?C_STARTUP)


LINK MAP OF MODULE:  .\Objects\TEST (MAIN)


            TYPE    BASE      LENGTH    RELOCATION   SEGMENT NAME
            -----------------------------------------------------

            * * * * * * *   D A T A   M E M O R Y   * * * * * * *
            REG     0000H     0008H     ABSOLUTE     "REG BANK 0"
            IDATA   0008H     0001H     UNIT         ?STACK

            * * * * * * *  X D A T A   M E M O R Y  * * * * * * *
            XDATA   0000H     0002H     UNIT         _XDATA_GROUP_

            * * * * * * *   C O D E   M E M O R Y   * * * * * * *
            CODE    0000H     0003H     ABSOLUTE     
            CODE    0003H     0058H     UNIT         ?PR?SYSTEM_INIT?SYSTEM
            CODE    005BH     0038H     UNIT         ?PR?MAIN?MAIN
            CODE    0093H     0036H     UNIT         ?PR?KEY_SCAN?KEY
            CODE    00C9H     001EH     UNIT         ?PR?_DELAY_MS?SYSTEM
            CODE    00E7H     000FH     UNIT         ?PR?LED_CONFIGURE?LED
            CODE    00F6H     000CH     UNIT         ?C_C51STARTUP
            CODE    0102H     0007H     UNIT         ?PR?KEY_CONFIGURE?KEY



OVERLAY MAP OF MODULE:   .\Objects\TEST (MAIN)


SEGMENT                          XDATA_GROUP
  +--> CALLED SEGMENT          START    LENGTH
----------------------------------------------
?C_C51STARTUP                  -----    -----
  +--> ?PR?MAIN?MAIN

?PR?MAIN?MAIN                  0000H    0001H
  +--> ?PR?SYSTEM_INIT?SYSTEM
  +--> ?PR?KEY_CONFIGURE?KEY
  +--> ?PR?LED_CONFIGURE?LED
  +--> ?PR?KEY_SCAN?KEY

?PR?SYSTEM_INIT?SYSTEM         -----    -----
  +--> ?PR?_DELAY_MS?SYSTEM
BL51 BANKED LINKER/LOCATER V6.22                                                      07/17/2023  14:45:48  PAGE 2



?PR?KEY_SCAN?KEY               0001H    0001H
  +--> ?PR?_DELAY_MS?SYSTEM



SYMBOL TABLE OF MODULE:  .\Objects\TEST (MAIN)

  VALUE           TYPE          NAME
  ----------------------------------

  -------         MODULE        MAIN
  C:0000H         SYMBOL        _ICE_DUMMY_
  D:0080H         PUBLIC        P0
  D:0090H         PUBLIC        P1
  D:00A0H         PUBLIC        P2
  D:00B0H         PUBLIC        P3
  D:00C0H         PUBLIC        P4
  D:00C8H         PUBLIC        P5
  B:00C0H.0       PUBLIC        LED0
  D:00E8H         PUBLIC        P6
  B:00C0H.1       PUBLIC        LED1
  D:00F8H         PUBLIC        P7
  B:00C0H.2       PUBLIC        LED2
  B:00C0H.3       PUBLIC        LED3
  D:00A8H         PUBLIC        IE
  D:00B8H         PUBLIC        IP
  D:00D8H         PUBLIC        CCON
  C:005BH         PUBLIC        main
  D:0098H         PUBLIC        SCON
  D:0088H         PUBLIC        TCON
  D:00D0H         PUBLIC        PSW
  -------         PROC          MAIN
  -------         DO            
  X:0000H         SYMBOL        key
  -------         ENDDO         
  C:005BH         LINE#         28
  C:005BH         LINE#         29
  C:005BH         LINE#         30
  C:0060H         LINE#         31
  C:0063H         LINE#         32
  C:0066H         LINE#         33
  C:0069H         LINE#         34
  C:0069H         LINE#         35
  C:0069H         LINE#         37
  C:0071H         LINE#         38
  C:0078H         LINE#         39
  C:0078H         LINE#         40
  C:007AH         LINE#         41
  C:007CH         LINE#         42
  C:007EH         LINE#         43
  C:0080H         LINE#         44
  C:0082H         LINE#         45
  C:0084H         LINE#         46
  C:0086H         LINE#         47
  C:0088H         LINE#         48
  C:008AH         LINE#         49
BL51 BANKED LINKER/LOCATER V6.22                                                      07/17/2023  14:45:48  PAGE 3


  C:008CH         LINE#         50
  C:008CH         LINE#         51
  C:008CH         LINE#         52
  C:0091H         LINE#         53
  -------         ENDPROC       MAIN
  -------         ENDMOD        MAIN

  -------         MODULE        SYSTEM
  C:0000H         SYMBOL        _ICE_DUMMY_
  D:0092H         PUBLIC        P1M0
  D:0093H         PUBLIC        P0M1
  C:0003H         PUBLIC        System_Init
  D:0096H         PUBLIC        P2M0
  D:0091H         PUBLIC        P1M1
  D:0080H         PUBLIC        P0
  D:00B2H         PUBLIC        P3M0
  D:0095H         PUBLIC        P2M1
  D:0090H         PUBLIC        P1
  D:00B4H         PUBLIC        P4M0
  D:00B1H         PUBLIC        P3M1
  D:00A0H         PUBLIC        P2
  D:00CAH         PUBLIC        P5M0
  D:00B3H         PUBLIC        P4M1
  D:00B0H         PUBLIC        P3
  D:00CCH         PUBLIC        P6M0
  D:00C9H         PUBLIC        P5M1
  D:00C0H         PUBLIC        P4
  D:00E2H         PUBLIC        P7M0
  D:00CBH         PUBLIC        P6M1
  D:00C8H         PUBLIC        P5
  D:00E1H         PUBLIC        P7M1
  D:00E8H         PUBLIC        P6
  D:00F8H         PUBLIC        P7
  D:00BAH         PUBLIC        P_SW2
  D:00A8H         PUBLIC        IE
  D:00B8H         PUBLIC        IP
  D:00D8H         PUBLIC        CCON
  C:00C9H         PUBLIC        _Delay_ms
  D:0098H         PUBLIC        SCON
  D:0088H         PUBLIC        TCON
  D:00FFH         PUBLIC        RSTCFG
  D:00D0H         PUBLIC        PSW
  D:0094H         PUBLIC        P0M0
  -------         PROC          _DELAY_MS
  D:0006H         SYMBOL        ms
  -------         DO            
  D:0004H         SYMBOL        i
  -------         ENDDO         
  C:00C9H         LINE#         14
  C:00C9H         LINE#         15
  C:00C9H         LINE#         17
  C:00D3H         LINE#         18
  C:00D3H         LINE#         19
  C:00E6H         LINE#         20
  C:00E6H         LINE#         21
  -------         ENDPROC       _DELAY_MS
  -------         PROC          SYSTEM_INIT
BL51 BANKED LINKER/LOCATER V6.22                                                      07/17/2023  14:45:48  PAGE 4


  C:0003H         LINE#         31
  C:0003H         LINE#         32
  C:0003H         LINE#         33
  C:000AH         LINE#         34
  C:000DH         LINE#         35
  C:0014H         LINE#         36
  C:001BH         LINE#         37
  C:0021H         LINE#         38
  C:0025H         LINE#         39
  C:0028H         LINE#         42
  C:002BH         LINE#         46
  C:0030H         LINE#         48
  C:0035H         LINE#         50
  C:003AH         LINE#         52
  C:003FH         LINE#         54
  C:0044H         LINE#         56
  C:0049H         LINE#         58
  C:004EH         LINE#         62
  C:0054H         LINE#         64
  C:005AH         LINE#         65
  -------         ENDPROC       SYSTEM_INIT
  -------         ENDMOD        SYSTEM

  -------         MODULE        LED
  C:0000H         SYMBOL        _ICE_DUMMY_
  D:0080H         PUBLIC        P0
  D:0090H         PUBLIC        P1
  D:00B4H         PUBLIC        P4M0
  D:00A0H         PUBLIC        P2
  D:00B3H         PUBLIC        P4M1
  D:00B0H         PUBLIC        P3
  D:00C0H         PUBLIC        P4
  D:00C8H         PUBLIC        P5
  B:00C0H.0       PUBLIC        LED0
  D:00E8H         PUBLIC        P6
  B:00C0H.1       PUBLIC        LED1
  D:00F8H         PUBLIC        P7
  B:00C0H.2       PUBLIC        LED2
  B:00C0H.3       PUBLIC        LED3
  D:00A8H         PUBLIC        IE
  D:00B8H         PUBLIC        IP
  C:00E7H         PUBLIC        Led_Configure
  D:00D8H         PUBLIC        CCON
  D:0098H         PUBLIC        SCON
  D:0088H         PUBLIC        TCON
  D:00D0H         PUBLIC        PSW
  -------         PROC          LED_CONFIGURE
  C:00E7H         LINE#         10
  C:00E7H         LINE#         11
  C:00E7H         LINE#         12
  C:00EDH         LINE#         13
  C:00EFH         LINE#         14
  C:00F1H         LINE#         15
  C:00F3H         LINE#         16
  C:00F5H         LINE#         17
  -------         ENDPROC       LED_CONFIGURE
  -------         ENDMOD        LED
BL51 BANKED LINKER/LOCATER V6.22                                                      07/17/2023  14:45:48  PAGE 5



  -------         MODULE        KEY
  C:0000H         SYMBOL        _ICE_DUMMY_
  D:0080H         PUBLIC        P0
  D:00B2H         PUBLIC        P3M0
  D:0090H         PUBLIC        P1
  D:00B1H         PUBLIC        P3M1
  D:00A0H         PUBLIC        P2
  D:00B0H         PUBLIC        P3
  D:00C0H         PUBLIC        P4
  D:00C8H         PUBLIC        P5
  D:00E8H         PUBLIC        P6
  D:00F8H         PUBLIC        P7
  D:00A8H         PUBLIC        IE
  C:0093H         PUBLIC        Key_Scan
  D:00B8H         PUBLIC        IP
  B:00B0H.2       PUBLIC        KEY0
  B:00B0H.3       PUBLIC        KEY1
  D:00D8H         PUBLIC        CCON
  C:0102H         PUBLIC        Key_Configure
  D:0098H         PUBLIC        SCON
  D:0088H         PUBLIC        TCON
  D:00D0H         PUBLIC        PSW
  -------         PROC          KEY_CONFIGURE
  C:0102H         LINE#         10
  C:0102H         LINE#         11
  C:0102H         LINE#         12
  C:0108H         LINE#         13
  -------         ENDPROC       KEY_CONFIGURE
  -------         PROC          KEY_SCAN
  -------         DO            
  X:0001H         SYMBOL        key_value
  -------         ENDDO         
  C:0093H         LINE#         22
  C:0093H         LINE#         23
  C:0093H         LINE#         24
  C:0099H         LINE#         26
  C:009FH         LINE#         27
  C:009FH         LINE#         29
  C:00A6H         LINE#         31
  C:00ACH         LINE#         32
  C:00ACH         LINE#         34
  C:00AFH         LINE#         35
  C:00B7H         LINE#         37
  C:00BAH         LINE#         38
  C:00C0H         LINE#         39
  C:00C0H         LINE#         41
  C:00C6H         LINE#         42
  C:00C6H         LINE#         43
  C:00C8H         LINE#         44
  -------         ENDPROC       KEY_SCAN
  -------         ENDMOD        KEY

Program Size: data=9.0 xdata=2 code=265
LINK/LOCATE RUN COMPLETE.  0 WARNING(S),  0 ERROR(S)
