BL51 BANKED LINKER/LOCATER V6.22                                                        06/08/2022  10:03:09  PAGE 1


BL51 BANKED LINKER/LOCATER V6.22, INVOKED BY:
D:\KEIL_V5\C51\BIN\BL51.EXE .\Objects\main.obj, .\Objects\System.obj, .\Objects\adc.obj, .\Objects\lcd12864.obj TO .\Obj
>> ects\TEST PRINT (.\Listings\TEST.m51) RAMSIZE (256)


MEMORY MODEL: LARGE WITH FLOATING POINT ARITHMETIC


INPUT MODULES INCLUDED:
  .\Objects\main.obj (MAIN)
  .\Objects\System.obj (SYSTEM)
  .\Objects\adc.obj (ADC)
  .\Objects\lcd12864.obj (LCD12864)
  D:\KEIL_V5\C51\LIB\C51FPL.LIB (?C?FPDIV)
  D:\KEIL_V5\C51\LIB\C51FPL.LIB (?C?FCAST)
  D:\KEIL_V5\C51\LIB\C51FPL.LIB (PRINTF)
  D:\KEIL_V5\C51\LIB\C51FPL.LIB (?C?FPGETOPN)
  D:\KEIL_V5\C51\LIB\C51FPL.LIB (?C?FPROUND)
  D:\KEIL_V5\C51\LIB\C51FPL.LIB (?C?FPCONVERT)
  D:\KEIL_V5\C51\LIB\C51FPL.LIB (?C?FPADD)
  D:\KEIL_V5\C51\LIB\C51FPL.LIB (?C?FPMUL)
  D:\KEIL_V5\C51\LIB\C51FPL.LIB (?C?FTNPWR)
  D:\KEIL_V5\C51\LIB\C51L.LIB (?C_STARTUP)
  D:\KEIL_V5\C51\LIB\C51L.LIB (?C?COPY)
  D:\KEIL_V5\C51\LIB\C51L.LIB (?C?CLDPTR)
  D:\KEIL_V5\C51\LIB\C51L.LIB (?C?CLDOPTR)
  D:\KEIL_V5\C51\LIB\C51L.LIB (?C?CSTPTR)
  D:\KEIL_V5\C51\LIB\C51L.LIB (?C?IMUL)
  D:\KEIL_V5\C51\LIB\C51L.LIB (?C?ILDIX)
  D:\KEIL_V5\C51\LIB\C51L.LIB (?C?LNEG)
  D:\KEIL_V5\C51\LIB\C51L.LIB (?C?LSTXDATA)
  D:\KEIL_V5\C51\LIB\C51L.LIB (?C?LSTKXDATA)
  D:\KEIL_V5\C51\LIB\C51L.LIB (?C?PLDIXDATA)
  D:\KEIL_V5\C51\LIB\C51L.LIB (?C?PSTXDATA)
  D:\KEIL_V5\C51\LIB\C51L.LIB (?C?CCASE)
  D:\KEIL_V5\C51\LIB\C51L.LIB (PUTCHAR)
  D:\KEIL_V5\C51\LIB\C51L.LIB (?C_INIT)


LINK MAP OF MODULE:  .\Objects\TEST (MAIN)


            TYPE    BASE      LENGTH    RELOCATION   SEGMENT NAME
            -----------------------------------------------------

            * * * * * * *   D A T A   M E M O R Y   * * * * * * *
            REG     0000H     0008H     ABSOLUTE     "REG BANK 0"
            DATA    0008H     0005H     UNIT         _DATA_GROUP_
                    000DH     0013H                  *** GAP ***
            BIT     0020H.0   0001H.1   UNIT         _BIT_GROUP_
                    0021H.1   0000H.7                *** GAP ***
            IDATA   0022H     0001H     UNIT         ?STACK

            * * * * * * *  X D A T A   M E M O R Y  * * * * * * *
            XDATA   0000H     0BD0H     UNIT         ?XD?LCD12864
            XDATA   0BD0H     0045H     UNIT         _XDATA_GROUP_
            XDATA   0C15H     0003H     UNIT         ?XD?_SETLCD?LCD12864
            XDATA   0C18H     0001H     UNIT         ?XD?LCD_ROL?LCD12864
BL51 BANKED LINKER/LOCATER V6.22                                                      06/08/2022  10:03:09  PAGE 2



            * * * * * * *   C O D E   M E M O R Y   * * * * * * *
            CODE    0000H     0003H     ABSOLUTE     
            CODE    0003H     0BDDH     UNIT         ?C_INITSEG
            CODE    0BE0H     06DFH     UNIT         ?C?LIB_CODE
            CODE    12BFH     0483H     UNIT         ?PR?PRINTF?PRINTF
            CODE    1742H     00CDH     UNIT         ?PR?_DISPLAY?LCD12864
            CODE    180FH     009EH     UNIT         ?PR?_DISPLAYEN?LCD12864
            CODE    18ADH     008CH     UNIT         ?PR?_SHOW_NUM?LCD12864
            CODE    1939H     008CH     UNIT         ?C_C51STARTUP
            CODE    19C5H     008BH     UNIT         ?PR?MAIN?MAIN
            CODE    1A50H     0067H     UNIT         ?PR?_CLEARSCREEN?LCD12864
            CODE    1AB7H     0061H     UNIT         ?PR?LCD12864_SOFTWARE_INIT?LCD12864
            CODE    1B18H     0058H     UNIT         ?PR?SYSTEM_INIT?SYSTEM
            CODE    1B70H     004FH     UNIT         ?PR?_LCD12864_WRITEBYTE?LCD12864
            CODE    1BBFH     0041H     UNIT         ?PR?_SENDCOMMANDTOLCD?LCD12864
            CODE    1C00H     003FH     UNIT         ?PR?_SETLCD?LCD12864
            CODE    1C3FH     003FH     UNIT         ?PR?LCD_ROL?LCD12864
            CODE    1C7EH     0034H     UNIT         ?PR?READ?ADC
            CODE    1CB2H     0034H     UNIT         ?PR?_SELECTSCREEN?LCD12864
            CODE    1CE6H     0029H     UNIT         ?PR?_SHOW_HZ?LCD12864
            CODE    1D0FH     0027H     UNIT         ?PR?PUTCHAR?PUTCHAR
            CODE    1D36H     0022H     UNIT         ?CO?MAIN
            CODE    1D58H     001EH     UNIT         ?PR?_DELAY_MS?SYSTEM
            CODE    1D76H     0015H     UNIT         ?PR?_DELAY_US?SYSTEM
            CODE    1D8BH     0013H     UNIT         ?PR?LCD_ALL_DIR_OUT?LCD12864
            CODE    1D9EH     000BH     UNIT         ?PR?ADC_INIT?ADC
            CODE    1DA9H     0009H     UNIT         ?PR?_SETCOLUMN?LCD12864
            CODE    1DB2H     0007H     UNIT         ?PR?_SETLINE?LCD12864
            CODE    1DB9H     0007H     UNIT         ?PR?_SETSTARTLINE?LCD12864
            CODE    1DC0H     0007H     UNIT         ?PR?_SETONOFF?LCD12864



OVERLAY MAP OF MODULE:   .\Objects\TEST (MAIN)


SEGMENT                                        BIT_GROUP          DATA_GROUP          XDATA_GROUP
  +--> CALLED SEGMENT                       START    LENGTH     START    LENGTH     START    LENGTH
---------------------------------------------------------------------------------------------------
?C_C51STARTUP                               -----    -----      -----    -----      -----    -----
  +--> ?PR?MAIN?MAIN
  +--> ?C_INITSEG

?PR?MAIN?MAIN                               -----    -----      -----    -----      0BD0H    0015H
  +--> ?CO?MAIN
  +--> ?PR?SYSTEM_INIT?SYSTEM
  +--> ?PR?ADC_INIT?ADC
  +--> ?PR?LCD12864_SOFTWARE_INIT?LCD12864
  +--> ?PR?READ?ADC
  +--> ?PR?PRINTF?PRINTF
  +--> ?PR?_SHOW_NUM?LCD12864
  +--> ?PR?_DELAY_MS?SYSTEM

?PR?SYSTEM_INIT?SYSTEM                      -----    -----      -----    -----      -----    -----
  +--> ?PR?_DELAY_MS?SYSTEM

BL51 BANKED LINKER/LOCATER V6.22                                                      06/08/2022  10:03:09  PAGE 3


?PR?LCD12864_SOFTWARE_INIT?LCD12864         -----    -----      -----    -----      -----    -----
  +--> ?PR?LCD_ALL_DIR_OUT?LCD12864
  +--> ?PR?_DELAY_US?SYSTEM
  +--> ?PR?_SELECTSCREEN?LCD12864
  +--> ?PR?_SETONOFF?LCD12864
  +--> ?PR?_CLEARSCREEN?LCD12864
  +--> ?PR?_SETSTARTLINE?LCD12864

?PR?_SELECTSCREEN?LCD12864                  -----    -----      -----    -----      -----    -----
  +--> ?PR?_DELAY_US?SYSTEM

?PR?_SETONOFF?LCD12864                      -----    -----      -----    -----      -----    -----
  +--> ?PR?_SENDCOMMANDTOLCD?LCD12864

?PR?_SENDCOMMANDTOLCD?LCD12864              -----    -----      -----    -----      0BF2H    0001H
  +--> ?PR?_DELAY_US?SYSTEM

?PR?_CLEARSCREEN?LCD12864                   -----    -----      -----    -----      0BE5H    0001H
  +--> ?PR?_SHOW_HZ?LCD12864

?PR?_SHOW_HZ?LCD12864                       -----    -----      -----    -----      -----    -----
  +--> ?PR?_DISPLAY?LCD12864

?PR?_DISPLAY?LCD12864                       -----    -----      -----    -----      0BE6H    0006H
  +--> ?PR?_SETONOFF?LCD12864
  +--> ?PR?_SELECTSCREEN?LCD12864
  +--> ?PR?_SETLINE?LCD12864
  +--> ?PR?_SETCOLUMN?LCD12864
  +--> ?PR?_LCD12864_WRITEBYTE?LCD12864

?PR?_SETLINE?LCD12864                       -----    -----      -----    -----      -----    -----
  +--> ?PR?_SENDCOMMANDTOLCD?LCD12864

?PR?_SETCOLUMN?LCD12864                     -----    -----      -----    -----      -----    -----
  +--> ?PR?_SENDCOMMANDTOLCD?LCD12864

?PR?_LCD12864_WRITEBYTE?LCD12864            -----    -----      -----    -----      0BF2H    0001H
  +--> ?PR?_DELAY_US?SYSTEM

?PR?_SETSTARTLINE?LCD12864                  -----    -----      -----    -----      -----    -----
  +--> ?PR?_SENDCOMMANDTOLCD?LCD12864

?PR?READ?ADC                                -----    -----      -----    -----      0BE5H    0001H
  +--> ?PR?_DELAY_US?SYSTEM

?PR?PRINTF?PRINTF                           0020H.0  0001H.1    0008H    0005H      0BE5H    0030H
  +--> ?PR?PUTCHAR?PUTCHAR

?PR?_SHOW_NUM?LCD12864                      -----    -----      -----    -----      0BE5H    0007H
  +--> ?PR?_DISPLAYEN?LCD12864

?PR?_DISPLAYEN?LCD12864                     -----    -----      -----    -----      0BECH    0006H
  +--> ?PR?_SELECTSCREEN?LCD12864
  +--> ?PR?_SETLINE?LCD12864
  +--> ?PR?_SETCOLUMN?LCD12864
  +--> ?PR?_LCD12864_WRITEBYTE?LCD12864

BL51 BANKED LINKER/LOCATER V6.22                                                      06/08/2022  10:03:09  PAGE 4




SYMBOL TABLE OF MODULE:  .\Objects\TEST (MAIN)

  VALUE           TYPE          NAME
  ----------------------------------

  -------         MODULE        MAIN
  C:0000H         SYMBOL        _ICE_DUMMY_
  D:0080H         PUBLIC        P0
  D:0090H         PUBLIC        P1
  D:00A0H         PUBLIC        P2
  D:00B0H         PUBLIC        P3
  D:00C0H         PUBLIC        P4
  D:00C8H         PUBLIC        P5
  D:00E8H         PUBLIC        P6
  D:00F8H         PUBLIC        P7
  D:00A8H         PUBLIC        IE
  D:00B8H         PUBLIC        IP
  D:00D8H         PUBLIC        CCON
  C:19C5H         PUBLIC        main
  D:0098H         PUBLIC        SCON
  D:0088H         PUBLIC        TCON
  C:1D47H         SYMBOL        _?ix1000
  D:00D0H         PUBLIC        PSW
  -------         PROC          MAIN
  -------         DO            
  X:0BD0H         SYMBOL        vol
  X:0BD4H         SYMBOL        show
  -------         ENDDO         
  C:19C5H         LINE#         18
  C:19C5H         LINE#         19
  C:19C5H         LINE#         20
  C:19CFH         LINE#         21
  C:19E2H         LINE#         22
  C:19E5H         LINE#         23
  C:19E8H         LINE#         24
  C:19EBH         LINE#         26
  C:19EBH         LINE#         27
  C:19EBH         LINE#         28
  C:1A0FH         LINE#         29
  C:1A3AH         LINE#         30
  C:1A47H         LINE#         31
  C:1A4EH         LINE#         32
  -------         ENDPROC       MAIN
  -------         ENDMOD        MAIN

  -------         MODULE        SYSTEM
  C:0000H         SYMBOL        _ICE_DUMMY_
  D:0092H         PUBLIC        P1M0
  D:0093H         PUBLIC        P0M1
  C:1B18H         PUBLIC        System_Init
  D:0096H         PUBLIC        P2M0
  D:0091H         PUBLIC        P1M1
  D:0080H         PUBLIC        P0
  D:00B2H         PUBLIC        P3M0
  D:0095H         PUBLIC        P2M1
BL51 BANKED LINKER/LOCATER V6.22                                                      06/08/2022  10:03:09  PAGE 5


  D:0090H         PUBLIC        P1
  D:00B4H         PUBLIC        P4M0
  D:00B1H         PUBLIC        P3M1
  D:00A0H         PUBLIC        P2
  D:00CAH         PUBLIC        P5M0
  D:00B3H         PUBLIC        P4M1
  D:00B0H         PUBLIC        P3
  D:00CCH         PUBLIC        P6M0
  D:00C9H         PUBLIC        P5M1
  D:00C0H         PUBLIC        P4
  D:00E2H         PUBLIC        P7M0
  D:00CBH         PUBLIC        P6M1
  D:00C8H         PUBLIC        P5
  D:00E1H         PUBLIC        P7M1
  D:00E8H         PUBLIC        P6
  D:00F8H         PUBLIC        P7
  D:00BAH         PUBLIC        P_SW2
  D:00A8H         PUBLIC        IE
  D:00B8H         PUBLIC        IP
  D:00D8H         PUBLIC        CCON
  C:1D58H         PUBLIC        _Delay_ms
  D:0098H         PUBLIC        SCON
  D:0088H         PUBLIC        TCON
  C:1D76H         PUBLIC        _Delay_us
  D:00FFH         PUBLIC        RSTCFG
  D:00D0H         PUBLIC        PSW
  D:0094H         PUBLIC        P0M0
  -------         PROC          _DELAY_MS
  D:0006H         SYMBOL        ms
  -------         DO            
  D:0004H         SYMBOL        i
  -------         ENDDO         
  C:1D58H         LINE#         11
  C:1D58H         LINE#         12
  C:1D58H         LINE#         14
  C:1D62H         LINE#         15
  C:1D62H         LINE#         16
  C:1D75H         LINE#         17
  C:1D75H         LINE#         18
  -------         ENDPROC       _DELAY_MS
  -------         PROC          _DELAY_US
  D:0006H         SYMBOL        us
  -------         DO            
  D:0005H         SYMBOL        i
  -------         ENDDO         
  C:1D76H         LINE#         34
  C:1D76H         LINE#         35
  C:1D76H         LINE#         37
  C:1D80H         LINE#         38
  C:1D80H         LINE#         39
  C:1D81H         LINE#         40
  C:1D82H         LINE#         41
  C:1D84H         LINE#         42
  C:1D8AH         LINE#         44
  -------         ENDPROC       _DELAY_US
  -------         PROC          SYSTEM_INIT
  C:1B18H         LINE#         55
BL51 BANKED LINKER/LOCATER V6.22                                                      06/08/2022  10:03:09  PAGE 6


  C:1B18H         LINE#         56
  C:1B18H         LINE#         57
  C:1B1FH         LINE#         58
  C:1B22H         LINE#         59
  C:1B29H         LINE#         60
  C:1B30H         LINE#         61
  C:1B36H         LINE#         62
  C:1B3AH         LINE#         63
  C:1B3DH         LINE#         66
  C:1B40H         LINE#         70
  C:1B45H         LINE#         72
  C:1B4AH         LINE#         74
  C:1B4FH         LINE#         76
  C:1B54H         LINE#         78
  C:1B59H         LINE#         80
  C:1B5EH         LINE#         82
  C:1B63H         LINE#         86
  C:1B69H         LINE#         88
  C:1B6FH         LINE#         89
  -------         ENDPROC       SYSTEM_INIT
  -------         ENDMOD        SYSTEM

  -------         MODULE        ADC
  C:0000H         SYMBOL        _ICE_DUMMY_
  D:0092H         PUBLIC        P1M0
  D:0091H         PUBLIC        P1M1
  D:0080H         PUBLIC        P0
  D:0090H         PUBLIC        P1
  D:00A0H         PUBLIC        P2
  D:00B0H         PUBLIC        P3
  D:00C0H         PUBLIC        P4
  D:00C8H         PUBLIC        P5
  D:00E8H         PUBLIC        P6
  D:00F8H         PUBLIC        P7
  D:00A8H         PUBLIC        IE
  B:0090H.2       PUBLIC        CS
  D:00B8H         PUBLIC        IP
  C:1C7EH         PUBLIC        read
  D:00D8H         PUBLIC        CCON
  D:0098H         PUBLIC        SCON
  D:0088H         PUBLIC        TCON
  C:1D9EH         PUBLIC        ADC_Init
  B:0090H.1       PUBLIC        SDA
  B:0090H.0       PUBLIC        CLK
  D:00D0H         PUBLIC        PSW
  -------         PROC          ADC_INIT
  C:1D9EH         LINE#         3
  C:1D9EH         LINE#         4
  C:1D9EH         LINE#         6
  C:1DA1H         LINE#         7
  C:1DA4H         LINE#         8
  C:1DA6H         LINE#         9
  C:1DA8H         LINE#         10
  -------         ENDPROC       ADC_INIT
  -------         PROC          READ
  -------         DO            
  D:0007H         SYMBOL        i
BL51 BANKED LINKER/LOCATER V6.22                                                      06/08/2022  10:03:09  PAGE 7


  X:0BE5H         SYMBOL        value
  -------         ENDDO         
  C:1C7EH         LINE#         13
  C:1C7EH         LINE#         14
  C:1C7EH         LINE#         15
  C:1C83H         LINE#         16
  C:1C85H         LINE#         17
  C:1C8BH         LINE#         18
  C:1C8DH         LINE#         19
  C:1C94H         LINE#         20
  C:1C96H         LINE#         21
  C:1C96H         LINE#         22
  C:1C98H         LINE#         23
  C:1C9FH         LINE#         24
  C:1CA2H         LINE#         25
  C:1CA5H         LINE#         26
  C:1CA7H         LINE#         27
  C:1CACH         LINE#         28
  C:1CB1H         LINE#         29
  -------         ENDPROC       READ
  -------         ENDMOD        ADC

  -------         MODULE        LCD12864
  C:0000H         SYMBOL        _ICE_DUMMY_
  D:0093H         PUBLIC        P0M1
  D:0096H         PUBLIC        P2M0
  D:0080H         PUBLIC        P0
  D:0095H         PUBLIC        P2M1
  D:0090H         PUBLIC        P1
  C:1C00H         PUBLIC        _SetLCD
  D:00A0H         PUBLIC        P2
  C:1AB7H         PUBLIC        LCD12864_Software_Init
  D:00B0H         PUBLIC        P3
  D:00C0H         PUBLIC        P4
  D:00C8H         PUBLIC        P5
  D:00E8H         PUBLIC        P6
  D:00F8H         PUBLIC        P7
  C:1DC0H         PUBLIC        _SetOnOff
  D:00A8H         PUBLIC        IE
  X:0000H         PUBLIC        ascll
  D:00B8H         PUBLIC        IP
  C:1DA9H         PUBLIC        _SetColumn
  D:00D8H         PUBLIC        CCON
  C:1D8BH         PUBLIC        LCD_ALL_DIR_OUT
  X:0800H         PUBLIC        Ezk
  X:0900H         PUBLIC        Hzk
  C:180FH         PUBLIC        _Displayen
  D:0098H         PUBLIC        SCON
  C:18ADH         PUBLIC        _Show_Num
  D:0088H         PUBLIC        TCON
  C:1DB2H         PUBLIC        _SetLine
  C:1CEDH         PUBLIC        _Show_Hz
  C:1CB2H         PUBLIC        _SelectScreen
  C:1DB9H         PUBLIC        _SetStartLine
  C:1A50H         PUBLIC        _ClearScreen
  C:1742H         PUBLIC        _Display
  C:1B74H         PUBLIC        _LCD12864_WriteByte
BL51 BANKED LINKER/LOCATER V6.22                                                      06/08/2022  10:03:09  PAGE 8


  C:1C3FH         PUBLIC        lcd_rol
  C:1BBFH         PUBLIC        _SendCommandToLCD
  D:00D0H         PUBLIC        PSW
  D:0094H         PUBLIC        P0M0
  -------         PROC          _SENDCOMMANDTOLCD
  X:0BF2H         SYMBOL        com
  C:1BBFH         LINE#         11
  C:1BC4H         LINE#         12
  C:1BC4H         LINE#         13
  C:1BCBH         LINE#         14
  C:1BCEH         LINE#         15
  C:1BD5H         LINE#         16
  C:1BD8H         LINE#         17
  C:1BDBH         LINE#         18
  C:1BE1H         LINE#         19
  C:1BE8H         LINE#         20
  C:1BEBH         LINE#         21
  C:1BF2H         LINE#         22
  C:1BF5H         LINE#         23
  C:1BFCH         LINE#         24
  C:1BFFH         LINE#         25
  -------         ENDPROC       _SENDCOMMANDTOLCD
  -------         PROC          _SETLCD
  X:0C15H         SYMBOL        page
  X:0C16H         SYMBOL        startline
  X:0C17H         SYMBOL        column
  C:1C00H         LINE#         33
  C:1C0BH         LINE#         34
  C:1C0BH         LINE#         35
  C:1C12H         LINE#         36
  C:1C1AH         LINE#         37
  C:1C21H         LINE#         38
  C:1C29H         LINE#         39
  C:1C30H         LINE#         40
  C:1C38H         LINE#         41
  -------         ENDPROC       _SETLCD
  -------         PROC          _SETLINE
  D:0007H         SYMBOL        page
  C:1DB2H         LINE#         44
  C:1DB2H         LINE#         45
  C:1DB2H         LINE#         46
  C:1DB6H         LINE#         47
  -------         ENDPROC       _SETLINE
  -------         PROC          _SETSTARTLINE
  D:0007H         SYMBOL        startline
  C:1DB9H         LINE#         51
  C:1DB9H         LINE#         52
  C:1DB9H         LINE#         53
  C:1DBDH         LINE#         54
  -------         ENDPROC       _SETSTARTLINE
  -------         PROC          _SETCOLUMN
  D:0007H         SYMBOL        column
  C:1DA9H         LINE#         58
  C:1DA9H         LINE#         59
  C:1DA9H         LINE#         60
  C:1DACH         LINE#         61
  C:1DAFH         LINE#         62
BL51 BANKED LINKER/LOCATER V6.22                                                      06/08/2022  10:03:09  PAGE 9


  -------         ENDPROC       _SETCOLUMN
  -------         PROC          _SETONOFF
  D:0007H         SYMBOL        onoff
  C:1DC0H         LINE#         67
  C:1DC0H         LINE#         68
  C:1DC0H         LINE#         69
  C:1DC4H         LINE#         70
  -------         ENDPROC       _SETONOFF
  C:1B70H         SYMBOL        L?0053
  -------         PROC          L?0052
  -------         ENDPROC       L?0052
  C:1B70H         SYMBOL        L?0053
  -------         PROC          _LCD12864_WRITEBYTE
  X:0BF2H         SYMBOL        dat
  C:1B74H         LINE#         79
  C:1B79H         LINE#         80
  C:1B79H         LINE#         81
  C:1B80H         LINE#         82
  C:1B83H         LINE#         83
  C:1B8AH         LINE#         84
  C:1B8DH         LINE#         85
  C:1B94H         LINE#         86
  C:1B97H         LINE#         87
  C:1B9AH         LINE#         88
  C:1BA0H         LINE#         89
  C:1BA7H         LINE#         90
  C:1BAAH         LINE#         91
  C:1BB1H         LINE#         92
  C:1BB4H         LINE#         93
  C:1BBBH         LINE#         94
  C:1BBEH         LINE#         95
  -------         ENDPROC       _LCD12864_WRITEBYTE
  -------         PROC          _SELECTSCREEN
  D:0007H         SYMBOL        screen
  C:1CB2H         LINE#         105
  C:1CB2H         LINE#         106
  C:1CB2H         LINE#         107
  C:1CBDH         LINE#         108
  C:1CBDH         LINE#         109
  C:1CC0H         LINE#         110
  C:1CC0H         LINE#         111
  C:1CC0H         LINE#         112
  C:1CC0H         LINE#         113
  C:1CC2H         LINE#         114
  C:1CC5H         LINE#         115
  C:1CCCH         LINE#         116
  C:1CCFH         LINE#         117
  C:1CCFH         LINE#         118
  C:1CD1H         LINE#         119
  C:1CD4H         LINE#         120
  C:1CDBH         LINE#         121
  C:1CDEH         LINE#         122
  C:1CE5H         LINE#         123
  C:1CE5H         LINE#         124
  C:1CE5H         LINE#         125
  C:1CE5H         LINE#         126
  -------         ENDPROC       _SELECTSCREEN
BL51 BANKED LINKER/LOCATER V6.22                                                      06/08/2022  10:03:09  PAGE 10


  -------         PROC          _CLEARSCREEN
  X:0BE5H         SYMBOL        screen
  C:1A50H         LINE#         134
  C:1A55H         LINE#         135
  C:1A55H         LINE#         136
  C:1A61H         LINE#         137
  C:1A61H         LINE#         138
  C:1A68H         LINE#         139
  C:1A6DH         LINE#         140
  C:1A72H         LINE#         141
  C:1A7EH         LINE#         142
  C:1A8AH         LINE#         143
  C:1A96H         LINE#         144
  C:1AA2H         LINE#         145
  C:1AAEH         LINE#         146
  C:1AB6H         LINE#         147
  -------         ENDPROC       _CLEARSCREEN
  -------         PROC          LCD_ROL
  -------         DO            
  X:0C18H         SYMBOL        i
  -------         ENDDO         
  C:1C3FH         LINE#         155
  C:1C3FH         LINE#         156
  C:1C3FH         LINE#         158
  C:1C4EH         LINE#         159
  C:1C4EH         LINE#         160
  C:1C51H         LINE#         161
  C:1C58H         LINE#         162
  C:1C5BH         LINE#         163
  C:1C5EH         LINE#         164
  C:1C6BH         LINE#         165
  C:1C6EH         LINE#         166
  C:1C75H         LINE#         167
  C:1C7DH         LINE#         168
  -------         ENDPROC       LCD_ROL
  -------         PROC          LCD12864_SOFTWARE_INIT
  C:1AB7H         LINE#         176
  C:1AB7H         LINE#         177
  C:1AB7H         LINE#         178
  C:1ABAH         LINE#         179
  C:1AC1H         LINE#         180
  C:1AC6H         LINE#         181
  C:1ACBH         LINE#         182
  C:1AD2H         LINE#         183
  C:1AD7H         LINE#         184
  C:1ADCH         LINE#         185
  C:1AE3H         LINE#         186
  C:1AE8H         LINE#         187
  C:1AEDH         LINE#         188
  C:1AF4H         LINE#         189
  C:1AF9H         LINE#         190
  C:1B00H         LINE#         191
  C:1B05H         LINE#         192
  C:1B0CH         LINE#         193
  C:1B11H         LINE#         194
  -------         ENDPROC       LCD12864_SOFTWARE_INIT
  -------         PROC          L?0051
BL51 BANKED LINKER/LOCATER V6.22                                                      06/08/2022  10:03:09  PAGE 11


  -------         ENDPROC       L?0051
  -------         PROC          _SHOW_HZ
  D:0006H         SYMBOL        x
  D:0005H         SYMBOL        y
  D:0004H         SYMBOL        hz
  -------         DO            
  D:0007H         SYMBOL        l_r
  -------         ENDDO         
  C:1CEDH         LINE#         203
  C:1CF1H         LINE#         204
  C:1CF1H         LINE#         205
  C:1CF3H         LINE#         206
  C:1CF9H         LINE#         207
  C:1CFCH         LINE#         209
  C:1CFEH         LINE#         210
  -------         ENDPROC       _SHOW_HZ
  -------         PROC          _SHOW_NUM
  X:0BE5H         SYMBOL        x
  X:0BE6H         SYMBOL        y
  X:0BE7H         SYMBOL        str
  -------         DO            
  X:0BEAH         SYMBOL        l_r
  X:0BEBH         SYMBOL        i
  -------         ENDDO         
  C:18ADH         LINE#         219
  C:18BEH         LINE#         220
  C:18BEH         LINE#         221
  C:18C3H         LINE#         222
  C:18D3H         LINE#         223
  C:18D3H         LINE#         224
  C:18DCH         LINE#         225
  C:18E5H         LINE#         226
  C:18F7H         LINE#         227
  C:18FAH         LINE#         228
  C:1930H         LINE#         229
  C:1936H         LINE#         230
  C:1938H         LINE#         231
  -------         ENDPROC       _SHOW_NUM
  -------         PROC          _DISPLAY
  X:0BE6H         SYMBOL        ss
  X:0BE7H         SYMBOL        page
  X:0BE8H         SYMBOL        column
  X:0BE9H         SYMBOL        number
  -------         DO            
  X:0BEAH         SYMBOL        i
  -------         ENDDO         
  C:1742H         LINE#         239
  C:174DH         LINE#         240
  C:174DH         LINE#         242
  C:1752H         LINE#         243
  C:175AH         LINE#         244
  C:1761H         LINE#         245
  C:1769H         LINE#         246
  C:1771H         LINE#         247
  C:178AH         LINE#         248
  C:178AH         LINE#         249
  C:17A7H         LINE#         250
BL51 BANKED LINKER/LOCATER V6.22                                                      06/08/2022  10:03:09  PAGE 12


  C:17B7H         LINE#         251
  C:17C0H         LINE#         252
  C:17C8H         LINE#         253
  C:17E1H         LINE#         254
  C:17E1H         LINE#         255
  C:17FEH         LINE#         256
  C:180EH         LINE#         257
  -------         ENDPROC       _DISPLAY
  -------         PROC          _DISPLAYEN
  D:0007H         SYMBOL        ss
  X:0BEDH         SYMBOL        page
  X:0BEEH         SYMBOL        column
  X:0BEFH         SYMBOL        num
  -------         DO            
  X:0BF0H         SYMBOL        i
  X:0BF1H         SYMBOL        number
  -------         ENDDO         
  C:180FH         LINE#         265
  C:1817H         LINE#         266
  C:1817H         LINE#         268
  C:181DH         LINE#         269
  C:1820H         LINE#         270
  C:1827H         LINE#         271
  C:182FH         LINE#         272
  C:1837H         LINE#         273
  C:1846H         LINE#         274
  C:1846H         LINE#         275
  C:1861H         LINE#         276
  C:1869H         LINE#         277
  C:1872H         LINE#         278
  C:187AH         LINE#         279
  C:1889H         LINE#         280
  C:1889H         LINE#         281
  C:18A4H         LINE#         282
  C:18ACH         LINE#         283
  -------         ENDPROC       _DISPLAYEN
  -------         PROC          LCD_ALL_DIR_OUT
  C:1D8BH         LINE#         291
  C:1D8BH         LINE#         292
  C:1D8BH         LINE#         293
  C:1D91H         LINE#         294
  C:1D97H         LINE#         295
  C:1D9AH         LINE#         296
  C:1D9DH         LINE#         297
  -------         ENDPROC       LCD_ALL_DIR_OUT
  -------         ENDMOD        LCD12864

  -------         MODULE        ?C?FPDIV
  C:0BE3H         PUBLIC        ?C?FPDIV
  -------         ENDMOD        ?C?FPDIV

  -------         MODULE        ?C?FCAST
  C:0C8AH         PUBLIC        ?C?FCASTC
  C:0C85H         PUBLIC        ?C?FCASTI
  C:0C80H         PUBLIC        ?C?FCASTL
  -------         ENDMOD        ?C?FCAST

BL51 BANKED LINKER/LOCATER V6.22                                                      06/08/2022  10:03:09  PAGE 13


  -------         MODULE        PRINTF
  X:0BE5H         PUBLIC        ?_PRINTF?BYTE
  X:0BE5H         PUBLIC        ?_SPRINTF?BYTE
  C:132AH         PUBLIC        _PRINTF
  C:1324H         PUBLIC        _SPRINTF
  -------         ENDMOD        PRINTF

  -------         MODULE        ?C?FPROUND
  C:0D08H         PUBLIC        ?C?FPROUND
  -------         ENDMOD        ?C?FPROUND

  -------         MODULE        ?C?FPCONVERT
  C:0D45H         PUBLIC        ?C?FPCONVERT
  -------         ENDMOD        ?C?FPCONVERT

  -------         MODULE        ?C?FPADD
  C:0E51H         PUBLIC        ?C?FPADD
  C:0E4DH         PUBLIC        ?C?FPSUB
  -------         ENDMOD        ?C?FPADD

  -------         MODULE        ?C?FPMUL
  C:0F42H         PUBLIC        ?C?FPMUL
  -------         ENDMOD        ?C?FPMUL

  -------         MODULE        ?C?FTNPWR
  C:1078H         PUBLIC        ?C?FTNPWR
  -------         ENDMOD        ?C?FTNPWR

  -------         MODULE        ?C?COPY
  C:1188H         PUBLIC        ?C?COPY
  -------         ENDMOD        ?C?COPY

  -------         MODULE        ?C?CLDPTR
  C:11AEH         PUBLIC        ?C?CLDPTR
  -------         ENDMOD        ?C?CLDPTR

  -------         MODULE        ?C?CLDOPTR
  C:11C7H         PUBLIC        ?C?CLDOPTR
  -------         ENDMOD        ?C?CLDOPTR

  -------         MODULE        ?C?CSTPTR
  C:11F4H         PUBLIC        ?C?CSTPTR
  -------         ENDMOD        ?C?CSTPTR

  -------         MODULE        ?C?IMUL
  C:1206H         PUBLIC        ?C?IMUL
  -------         ENDMOD        ?C?IMUL

  -------         MODULE        ?C?ILDIX
  C:1218H         PUBLIC        ?C?ILDIX
  -------         ENDMOD        ?C?ILDIX

  -------         MODULE        ?C?LNEG
  C:122EH         PUBLIC        ?C?LNEG
  -------         ENDMOD        ?C?LNEG

  -------         MODULE        ?C?LSTXDATA
BL51 BANKED LINKER/LOCATER V6.22                                                      06/08/2022  10:03:09  PAGE 14


  C:123CH         PUBLIC        ?C?LSTXDATA
  -------         ENDMOD        ?C?LSTXDATA

  -------         MODULE        ?C?LSTKXDATA
  C:1248H         PUBLIC        ?C?LSTKXDATA
  -------         ENDMOD        ?C?LSTKXDATA

  -------         MODULE        ?C?PLDIXDATA
  C:1279H         PUBLIC        ?C?PLDIXDATA
  -------         ENDMOD        ?C?PLDIXDATA

  -------         MODULE        ?C?PSTXDATA
  C:1290H         PUBLIC        ?C?PSTXDATA
  -------         ENDMOD        ?C?PSTXDATA

  -------         MODULE        ?C?CCASE
  C:1299H         PUBLIC        ?C?CCASE
  -------         ENDMOD        ?C?CCASE

  -------         MODULE        PUTCHAR
  C:1D0FH         PUBLIC        _PUTCHAR
  -------         ENDMOD        PUTCHAR

*** WARNING L16: UNCALLED SEGMENT, IGNORED FOR OVERLAY PROCESS
    SEGMENT: ?PR?_SETLCD?LCD12864

*** WARNING L16: UNCALLED SEGMENT, IGNORED FOR OVERLAY PROCESS
    SEGMENT: ?PR?LCD_ROL?LCD12864

Program Size: data=15.1 xdata=3097 code=7623
LINK/LOCATE RUN COMPLETE.  2 WARNING(S),  0 ERROR(S)
