C51 COMPILER V9.54   MAIN                                                                  06/07/2022 16:45:05 PAGE 1   


C51 COMPILER V9.54, COMPILATION OF MODULE MAIN
OBJECT MODULE PLACED IN .\Objects\main.obj
COMPILER INVOKED BY: D:\Keil_v5\C51\BIN\C51.EXE main.c LARGE OPTIMIZE(8,SPEED) BROWSE INCDIR(..\HARDWARE;..\SYSTEM;..\US
                    -ER;..\HARDWARE\16x16) DEBUG OBJECTEXTEND PRINT(.\Listings\main.lst) TABS(2) OBJECT(.\Objects\main.obj)

line level    source

   1          /***************************************************************************
   2          实验名称：点阵LED显示实验
   3          
   4          实验模块：  STC8A核心板-V2.1、主板区：矩阵LED
   5          
   6          实验接线：    STC8A核心板   ------------    矩阵LED           
   7                      P0.0~P0.7     ------------    1~8 (J16)
   8                      P2.0~P2.7     ------------    9~16(J17)
   9                      P1.0~P1.7     ------------    A~H (J14)
  10                      P3.0~P3.7     ------------    I~P (J15)
  11          现象描述：
  12          
  13          更新时间：2022.06.07
  14          ***************************************************************************/
  15          #include "intrins.h"
  16          #include "system.h"
  17          #include "led.h"
  18          
  19          uint16_t code Tab[][32]={
  20          
  21          0xF7,0xF7,0xEF,0xFB,0xDF,0xFD,0x03,0xE0,0x7B,0xEF,0x7B,0xEF,0x03,0xE0,0x7B,0xEF,
  22          0x7B,0xEF,0x03,0xE0,0x7F,0xFF,0x7F,0xFF,0x00,0x80,0x7F,0xFF,0x7F,0xFF,0x7F,0xFF,/*"单",0*/
  23          
  24          0xFF,0xFD,0xF7,0xFD,0xF7,0xFD,0xF7,0xFD,0xF7,0xFD,0x07,0xC0,0xF7,0xFF,0xF7,0xFF,
  25          0xF7,0xFF,0x07,0xF8,0xF7,0xFB,0xF7,0xFB,0xF7,0xFB,0xFB,0xFB,0xFB,0xFB,0xFD,0xFB,/*"片",1*/
  26          
  27          0xF7,0xFF,0x77,0xF0,0x77,0xF7,0x77,0xF7,0x40,0xF7,0x77,0xF7,0x73,0xF7,0x63,0xF7,
  28          0x55,0xF7,0x55,0xF7,0x76,0xF7,0x77,0xB7,0x77,0xB7,0xB7,0xB7,0xB7,0x8F,0xD7,0xFF,/*"机",2*/
  29          
  30          0xBF,0xFF,0x7F,0xFF,0x01,0x80,0xFD,0xBF,0xEE,0xDE,0xDF,0xFE,0xDF,0xFE,0xF7,0xFE,
  31          0xEF,0xFE,0xEF,0xFE,0x00,0x80,0x7F,0xFD,0xBF,0xFB,0xDF,0xF7,0xE7,0xEF,0xF9,0xDF,/*"实",3*/
  32          
  33          0x7F,0xDF,0x7B,0xDB,0x77,0xDB,0x77,0xDB,0x7F,0xDB,0x7F,0xDB,0x70,0xDB,0x77,0xDB,
  34          0x77,0xDB,0x77,0xDB,0x77,0xDB,0x57,0xDB,0x67,0xDB,0xB7,0xDB,0xBF,0xDF,0xDF,0xDF,/*"训",4*/
  35          
  36          0xEF,0xFB,0xED,0xFB,0x2B,0x80,0xEF,0xFB,0xE7,0xFB,0xEB,0xFB,0x6C,0xC0,0xAF,0xFF,
  37          0x7F,0xFF,0x00,0x80,0x5F,0xFF,0xCF,0xEE,0xD3,0xF5,0x5C,0xF3,0x9F,0x8F,0xDF,0xFF,/*"装",5*/
  38          
  39          0x01,0xC0,0xDD,0xDD,0x01,0xC0,0x7F,0xFF,0x01,0xC0,0x7F,0xFF,0x07,0xF0,0xF7,0xF7,
  40          0x07,0xF0,0xF7,0xF7,0x07,0xF0,0xF7,0xF7,0x07,0xF0,0xF7,0xF7,0x00,0x80,0xFF,0xFF,/*"置",6*/
  41          
  42          } ;
  43          
  44          void main(void)
  45          {
  46   1        uint8_t i,j,a,b;
  47   1        uint16_t k;
  48   1        System_Init();       //系统初始化
  49   1        LED_Init();
  50   1        
  51   1        while(1)
  52   1        {
  53   2          for(i = 0;i < 7;i++)        //显示7个字（单片机实训装置）
  54   2          {
C51 COMPILER V9.54   MAIN                                                                  06/07/2022 16:45:05 PAGE 2   

  55   3            for(k = 0;k < 100;k++)        //每一个字扫描显示100次
  56   3            {
  57   4              P1 = 0;             //设置初始值
  58   4              P3 = 0;
  59   4              a = 1;
  60   4              b = 1;
  61   4              for(j = 0;j < 16;j++)     //扫描16行点阵
  62   4              {
  63   5                P0 = Tab[i][j*2];   //扫描每一行的前八位
  64   5                P2 = Tab[i][j*2+1];   //扫描每一行的后八位
  65   5                
  66   5                if(j < 8)       //前八行设置哪一行显示
  67   5                {
  68   6                  P1 = P1|a;      //当前显示的那一行置高
  69   6                  Delay_ms(1);
  70   6                  P1 = P1&0;
  71   6                  a *= 2;
  72   6                }
  73   5                else          //后八行设置哪一行显示
  74   5                {
  75   6                  P3 = P1|b;      //当前显示的那一行置高
  76   6                  Delay_ms(1);
  77   6                  P3 = P3&0;
  78   6                  b *= 2; 
  79   6                }
  80   5              }       
  81   4            }
  82   3          }
  83   2        }
  84   1      }
  85          
  86          //                                      endfile


MODULE INFORMATION:   STATIC OVERLAYABLE
   CODE SIZE        =    224    ----
   CONSTANT SIZE    =    448    ----
   XDATA SIZE       =   ----       6
   PDATA SIZE       =   ----    ----
   DATA SIZE        =   ----    ----
   IDATA SIZE       =   ----    ----
   BIT SIZE         =   ----    ----
END OF MODULE INFORMATION.


C51 COMPILATION COMPLETE.  0 WARNING(S),  0 ERROR(S)
