BL51 BANKED LINKER/LOCATER V6.22                                                        06/07/2022  16:45:05  PAGE 1


BL51 BANKED LINKER/LOCATER V6.22, INVOKED BY:
D:\KEIL_V5\C51\BIN\BL51.EXE .\Objects\main.obj, .\Objects\System.obj, .\Objects\led.obj TO .\Objects\TEST PRINT (.\Listi
>> ngs\TEST.m51) RAMSIZE (256)


MEMORY MODEL: LARGE


INPUT MODULES INCLUDED:
  .\Objects\main.obj (MAIN)
  .\Objects\System.obj (SYSTEM)
  .\Objects\led.obj (LED)
  D:\KEIL_V5\C51\LIB\C51L.LIB (?C_STARTUP)
  D:\KEIL_V5\C51\LIB\C51L.LIB (?C?OFFXADD)


LINK MAP OF MODULE:  .\Objects\TEST (MAIN)


            TYPE    BASE      LENGTH    RELOCATION   SEGMENT NAME
            -----------------------------------------------------

            * * * * * * *   D A T A   M E M O R Y   * * * * * * *
            REG     0000H     0008H     ABSOLUTE     "REG BANK 0"
            IDATA   0008H     0001H     UNIT         ?STACK

            * * * * * * *  X D A T A   M E M O R Y  * * * * * * *
            XDATA   0000H     0006H     UNIT         _XDATA_GROUP_

            * * * * * * *   C O D E   M E M O R Y   * * * * * * *
            CODE    0000H     0003H     ABSOLUTE     
            CODE    0003H     01C0H     UNIT         ?CO?MAIN
            CODE    01C3H     00E0H     UNIT         ?PR?MAIN?MAIN
            CODE    02A3H     0058H     UNIT         ?PR?SYSTEM_INIT?SYSTEM
            CODE    02FBH     001EH     UNIT         ?PR?_DELAY_MS?SYSTEM
            CODE    0319H     0016H     UNIT         ?PR?LED_INIT?LED
            CODE    032FH     000CH     UNIT         ?C_C51STARTUP
            CODE    033BH     000CH     UNIT         ?C?LIB_CODE



OVERLAY MAP OF MODULE:   .\Objects\TEST (MAIN)


SEGMENT                          XDATA_GROUP
  +--> CALLED SEGMENT          START    LENGTH
----------------------------------------------
?C_C51STARTUP                  -----    -----
  +--> ?PR?MAIN?MAIN

?PR?MAIN?MAIN                  0000H    0006H
  +--> ?PR?SYSTEM_INIT?SYSTEM
  +--> ?PR?LED_INIT?LED
  +--> ?CO?MAIN
  +--> ?PR?_DELAY_MS?SYSTEM

?PR?SYSTEM_INIT?SYSTEM         -----    -----
  +--> ?PR?_DELAY_MS?SYSTEM
BL51 BANKED LINKER/LOCATER V6.22                                                      06/07/2022  16:45:05  PAGE 2





SYMBOL TABLE OF MODULE:  .\Objects\TEST (MAIN)

  VALUE           TYPE          NAME
  ----------------------------------

  -------         MODULE        MAIN
  C:0000H         SYMBOL        _ICE_DUMMY_
  D:0080H         PUBLIC        P0
  D:0090H         PUBLIC        P1
  D:00A0H         PUBLIC        P2
  D:00B0H         PUBLIC        P3
  D:00C0H         PUBLIC        P4
  D:00C8H         PUBLIC        P5
  D:00E8H         PUBLIC        P6
  D:00F8H         PUBLIC        P7
  D:00A8H         PUBLIC        IE
  C:0003H         PUBLIC        Tab
  D:00B8H         PUBLIC        IP
  D:00D8H         PUBLIC        CCON
  C:01C3H         PUBLIC        main
  D:0098H         PUBLIC        SCON
  D:0088H         PUBLIC        TCON
  D:00D0H         PUBLIC        PSW
  -------         PROC          MAIN
  -------         DO            
  X:0000H         SYMBOL        i
  X:0001H         SYMBOL        j
  X:0002H         SYMBOL        a
  X:0003H         SYMBOL        b
  X:0004H         SYMBOL        k
  -------         ENDDO         
  C:01C3H         LINE#         44
  C:01C3H         LINE#         45
  C:01C3H         LINE#         48
  C:01C6H         LINE#         49
  C:01C9H         LINE#         51
  C:01C9H         LINE#         52
  C:01C9H         LINE#         53
  C:01CEH         LINE#         54
  C:01CEH         LINE#         55
  C:01D5H         LINE#         56
  C:01D5H         LINE#         57
  C:01D8H         LINE#         58
  C:01DAH         LINE#         59
  C:01DFH         LINE#         60
  C:01E1H         LINE#         61
  C:01E6H         LINE#         62
  C:01E6H         LINE#         63
  C:0212H         LINE#         64
  C:022DH         LINE#         66
  C:0236H         LINE#         67
  C:0236H         LINE#         68
  C:023AH         LINE#         69
  C:0241H         LINE#         70
BL51 BANKED LINKER/LOCATER V6.22                                                      06/07/2022  16:45:05  PAGE 3


  C:0244H         LINE#         71
  C:0247H         LINE#         72
  C:0249H         LINE#         74
  C:0249H         LINE#         75
  C:0251H         LINE#         76
  C:0258H         LINE#         77
  C:025BH         LINE#         78
  C:0262H         LINE#         79
  C:0262H         LINE#         80
  C:0271H         LINE#         81
  C:0291H         LINE#         82
  -------         ENDPROC       MAIN
  -------         ENDMOD        MAIN

  -------         MODULE        SYSTEM
  C:0000H         SYMBOL        _ICE_DUMMY_
  D:0092H         PUBLIC        P1M0
  D:0093H         PUBLIC        P0M1
  C:02A3H         PUBLIC        System_Init
  D:0096H         PUBLIC        P2M0
  D:0091H         PUBLIC        P1M1
  D:0080H         PUBLIC        P0
  D:00B2H         PUBLIC        P3M0
  D:0095H         PUBLIC        P2M1
  D:0090H         PUBLIC        P1
  D:00B4H         PUBLIC        P4M0
  D:00B1H         PUBLIC        P3M1
  D:00A0H         PUBLIC        P2
  D:00CAH         PUBLIC        P5M0
  D:00B3H         PUBLIC        P4M1
  D:00B0H         PUBLIC        P3
  D:00CCH         PUBLIC        P6M0
  D:00C9H         PUBLIC        P5M1
  D:00C0H         PUBLIC        P4
  D:00E2H         PUBLIC        P7M0
  D:00CBH         PUBLIC        P6M1
  D:00C8H         PUBLIC        P5
  D:00E1H         PUBLIC        P7M1
  D:00E8H         PUBLIC        P6
  D:00F8H         PUBLIC        P7
  D:00BAH         PUBLIC        P_SW2
  D:00A8H         PUBLIC        IE
  D:00B8H         PUBLIC        IP
  D:00D8H         PUBLIC        CCON
  C:02FBH         PUBLIC        _Delay_ms
  D:0098H         PUBLIC        SCON
  D:0088H         PUBLIC        TCON
  D:00FFH         PUBLIC        RSTCFG
  D:00D0H         PUBLIC        PSW
  D:0094H         PUBLIC        P0M0
  -------         PROC          _DELAY_MS
  D:0006H         SYMBOL        ms
  -------         DO            
  D:0004H         SYMBOL        i
  -------         ENDDO         
  C:02FBH         LINE#         10
  C:02FBH         LINE#         11
BL51 BANKED LINKER/LOCATER V6.22                                                      06/07/2022  16:45:05  PAGE 4


  C:02FBH         LINE#         13
  C:0305H         LINE#         14
  C:0305H         LINE#         15
  C:0318H         LINE#         16
  C:0318H         LINE#         17
  -------         ENDPROC       _DELAY_MS
  -------         PROC          SYSTEM_INIT
  C:02A3H         LINE#         27
  C:02A3H         LINE#         28
  C:02A3H         LINE#         29
  C:02AAH         LINE#         30
  C:02ADH         LINE#         31
  C:02B4H         LINE#         32
  C:02BBH         LINE#         33
  C:02C1H         LINE#         34
  C:02C5H         LINE#         35
  C:02C8H         LINE#         38
  C:02CBH         LINE#         42
  C:02D0H         LINE#         44
  C:02D5H         LINE#         46
  C:02DAH         LINE#         48
  C:02DFH         LINE#         50
  C:02E4H         LINE#         52
  C:02E9H         LINE#         54
  C:02EEH         LINE#         58
  C:02F4H         LINE#         60
  C:02FAH         LINE#         61
  -------         ENDPROC       SYSTEM_INIT
  -------         ENDMOD        SYSTEM

  -------         MODULE        LED
  C:0000H         SYMBOL        _ICE_DUMMY_
  D:0092H         PUBLIC        P1M0
  D:0093H         PUBLIC        P0M1
  D:0096H         PUBLIC        P2M0
  D:0091H         PUBLIC        P1M1
  D:0080H         PUBLIC        P0
  D:00B2H         PUBLIC        P3M0
  D:0095H         PUBLIC        P2M1
  D:0090H         PUBLIC        P1
  D:00B1H         PUBLIC        P3M1
  D:00A0H         PUBLIC        P2
  D:00B0H         PUBLIC        P3
  D:00C0H         PUBLIC        P4
  D:00C8H         PUBLIC        P5
  D:00E8H         PUBLIC        P6
  D:00F8H         PUBLIC        P7
  D:00A8H         PUBLIC        IE
  D:00B8H         PUBLIC        IP
  D:00D8H         PUBLIC        CCON
  D:0098H         PUBLIC        SCON
  D:0088H         PUBLIC        TCON
  C:0319H         PUBLIC        LED_Init
  D:00D0H         PUBLIC        PSW
  D:0094H         PUBLIC        P0M0
  -------         PROC          LED_INIT
  C:0319H         LINE#         4
BL51 BANKED LINKER/LOCATER V6.22                                                      06/07/2022  16:45:05  PAGE 5


  C:0319H         LINE#         5
  C:0319H         LINE#         6
  C:031CH         LINE#         7
  C:031FH         LINE#         9
  C:0321H         LINE#         10
  C:0324H         LINE#         12
  C:0326H         LINE#         13
  C:0329H         LINE#         15
  C:032BH         LINE#         16
  C:032EH         LINE#         18
  -------         ENDPROC       LED_INIT
  -------         ENDMOD        LED

  -------         MODULE        ?C?OFFXADD
  C:033BH         PUBLIC        ?C?OFFXADD
  -------         ENDMOD        ?C?OFFXADD

Program Size: data=9.0 xdata=6 code=839
LINK/LOCATE RUN COMPLETE.  0 WARNING(S),  0 ERROR(S)
