BL51 BANKED LINKER/LOCATER V6.22                                                        06/07/2022  09:31:16  PAGE 1


BL51 BANKED LINKER/LOCATER V6.22, INVOKED BY:
D:\KEIL_V5\C51\BIN\BL51.EXE .\Objects\main.obj, .\Objects\System.obj, .\Objects\led.obj, .\Objects\usart3.obj TO .\Objec
>> ts\TEST PRINT (.\Listings\TEST.m51) RAMSIZE (256)


MEMORY MODEL: LARGE


INPUT MODULES INCLUDED:
  .\Objects\main.obj (MAIN)
  .\Objects\System.obj (SYSTEM)
  .\Objects\led.obj (LED)
  .\Objects\usart3.obj (USART3)
  D:\KEIL_V5\C51\LIB\C51L.LIB (?C_STARTUP)
  D:\KEIL_V5\C51\LIB\C51L.LIB (?C?CLDPTR)
  D:\KEIL_V5\C51\LIB\C51L.LIB (?C?ILDIX)
  D:\KEIL_V5\C51\LIB\C51L.LIB (?C?ULDIV)
  D:\KEIL_V5\C51\LIB\C51L.LIB (?C?ULSHR)
  D:\KEIL_V5\C51\LIB\C51L.LIB (?C?LSTXDATA)
  D:\KEIL_V5\C51\LIB\C51L.LIB (?C_INIT)


LINK MAP OF MODULE:  .\Objects\TEST (MAIN)


            TYPE    BASE      LENGTH    RELOCATION   SEGMENT NAME
            -----------------------------------------------------

            * * * * * * *   D A T A   M E M O R Y   * * * * * * *
            REG     0000H     0008H     ABSOLUTE     "REG BANK 0"
            REG     0008H     0008H     ABSOLUTE     "REG BANK 1"
            IDATA   0010H     0001H     UNIT         ?STACK

            * * * * * * *  X D A T A   M E M O R Y  * * * * * * *
            XDATA   0000H     0065H     UNIT         ?XD?USART3
            XDATA   0065H     0004H     UNIT         _XDATA_GROUP_

            * * * * * * *   C O D E   M E M O R Y   * * * * * * *
            CODE    0000H     0003H     ABSOLUTE     
            CODE    0003H     0079H     UNIT         ?PR?_USART3_CONFIGURE?USART3
            CODE    007CH     000FH     UNIT         ?PR?LED_CONFIGURE?LED
            CODE    008BH     0003H     ABSOLUTE     
            CODE    008EH     011CH     UNIT         ?C?LIB_CODE
            CODE    01AAH     008CH     UNIT         ?C_C51STARTUP
            CODE    0236H     006DH     UNIT         ?C_INITSEG
            CODE    02A3H     005EH     UNIT         ?PR?MAIN?MAIN
            CODE    0301H     0058H     UNIT         ?PR?SYSTEM_INIT?SYSTEM
            CODE    0359H     003BH     UNIT         ?PR?USART3_IRQHANDLER?USART3
            CODE    0394H     0033H     UNIT         ?PR?_USART3_SENDSTRING?USART3
            CODE    03C7H     001EH     UNIT         ?PR?_DELAY_MS?SYSTEM
            CODE    03E5H     000BH     UNIT         ?CO?MAIN
            CODE    03F0H     000BH     UNIT         ?PR?_USART3_SENDCHAR?USART3



OVERLAY MAP OF MODULE:   .\Objects\TEST (MAIN)


BL51 BANKED LINKER/LOCATER V6.22                                                      06/07/2022  09:31:16  PAGE 2


SEGMENT                                 XDATA_GROUP
  +--> CALLED SEGMENT                 START    LENGTH
-----------------------------------------------------
?C_C51STARTUP                         -----    -----
  +--> ?PR?MAIN?MAIN
  +--> ?C_INITSEG

?PR?MAIN?MAIN                         -----    -----
  +--> ?PR?SYSTEM_INIT?SYSTEM
  +--> ?PR?LED_CONFIGURE?LED
  +--> ?PR?_USART3_CONFIGURE?USART3
  +--> ?CO?MAIN
  +--> ?PR?_USART3_SENDSTRING?USART3
  +--> ?PR?_DELAY_MS?SYSTEM

?PR?SYSTEM_INIT?SYSTEM                -----    -----
  +--> ?PR?_DELAY_MS?SYSTEM

?PR?_USART3_CONFIGURE?USART3          0065H    0004H

?PR?_USART3_SENDSTRING?USART3         0065H    0003H
  +--> ?PR?_USART3_SENDCHAR?USART3



SYMBOL TABLE OF MODULE:  .\Objects\TEST (MAIN)

  VALUE           TYPE          NAME
  ----------------------------------

  -------         MODULE        MAIN
  C:0000H         SYMBOL        _ICE_DUMMY_
  D:0080H         PUBLIC        P0
  D:0090H         PUBLIC        P1
  D:00A0H         PUBLIC        P2
  D:00B0H         PUBLIC        P3
  D:00C0H         PUBLIC        P4
  D:00C8H         PUBLIC        P5
  B:00C0H.0       PUBLIC        LED0
  D:00E8H         PUBLIC        P6
  D:00F8H         PUBLIC        P7
  D:00A8H         PUBLIC        IE
  D:00B8H         PUBLIC        IP
  D:00D8H         PUBLIC        CCON
  C:02A3H         PUBLIC        main
  D:0098H         PUBLIC        SCON
  D:0088H         PUBLIC        TCON
  D:00D0H         PUBLIC        PSW
  -------         PROC          MAIN
  C:02A3H         LINE#         29
  C:02A3H         LINE#         30
  C:02A3H         LINE#         31
  C:02A6H         LINE#         32
  C:02A9H         LINE#         33
  C:02B4H         LINE#         34
  C:02B4H         LINE#         35
  C:02B4H         LINE#         36
BL51 BANKED LINKER/LOCATER V6.22                                                      06/07/2022  09:31:16  PAGE 3


  C:02BDH         LINE#         37
  C:02C4H         LINE#         38
  C:02C6H         LINE#         39
  C:02CFH         LINE#         40
  C:02CFH         LINE#         41
  C:02D6H         LINE#         42
  C:02DFH         LINE#         43
  C:02E5H         LINE#         44
  C:02E5H         LINE#         45
  C:02F0H         LINE#         46
  C:02F6H         LINE#         47
  C:02F8H         LINE#         48
  C:02F8H         LINE#         49
  C:02FFH         LINE#         50
  -------         ENDPROC       MAIN
  -------         ENDMOD        MAIN

  -------         MODULE        SYSTEM
  C:0000H         SYMBOL        _ICE_DUMMY_
  D:0092H         PUBLIC        P1M0
  D:0093H         PUBLIC        P0M1
  C:0301H         PUBLIC        System_Init
  D:0096H         PUBLIC        P2M0
  D:0091H         PUBLIC        P1M1
  D:0080H         PUBLIC        P0
  D:00B2H         PUBLIC        P3M0
  D:0095H         PUBLIC        P2M1
  D:0090H         PUBLIC        P1
  D:00B4H         PUBLIC        P4M0
  D:00B1H         PUBLIC        P3M1
  D:00A0H         PUBLIC        P2
  D:00CAH         PUBLIC        P5M0
  D:00B3H         PUBLIC        P4M1
  D:00B0H         PUBLIC        P3
  D:00CCH         PUBLIC        P6M0
  D:00C9H         PUBLIC        P5M1
  D:00C0H         PUBLIC        P4
  D:00E2H         PUBLIC        P7M0
  D:00CBH         PUBLIC        P6M1
  D:00C8H         PUBLIC        P5
  D:00E1H         PUBLIC        P7M1
  D:00E8H         PUBLIC        P6
  D:00F8H         PUBLIC        P7
  D:00BAH         PUBLIC        P_SW2
  D:00A8H         PUBLIC        IE
  D:00B8H         PUBLIC        IP
  D:00D8H         PUBLIC        CCON
  C:03C7H         PUBLIC        _Delay_ms
  D:0098H         PUBLIC        SCON
  D:0088H         PUBLIC        TCON
  D:00FFH         PUBLIC        RSTCFG
  D:00D0H         PUBLIC        PSW
  D:0094H         PUBLIC        P0M0
  -------         PROC          _DELAY_MS
  D:0006H         SYMBOL        ms
  -------         DO            
  D:0004H         SYMBOL        i
BL51 BANKED LINKER/LOCATER V6.22                                                      06/07/2022  09:31:16  PAGE 4


  -------         ENDDO         
  C:03C7H         LINE#         14
  C:03C7H         LINE#         15
  C:03C7H         LINE#         17
  C:03D1H         LINE#         18
  C:03D1H         LINE#         19
  C:03E4H         LINE#         20
  C:03E4H         LINE#         21
  -------         ENDPROC       _DELAY_MS
  -------         PROC          SYSTEM_INIT
  C:0301H         LINE#         31
  C:0301H         LINE#         32
  C:0301H         LINE#         33
  C:0308H         LINE#         34
  C:030BH         LINE#         35
  C:0312H         LINE#         36
  C:0319H         LINE#         37
  C:031FH         LINE#         38
  C:0323H         LINE#         39
  C:0326H         LINE#         42
  C:0329H         LINE#         46
  C:032EH         LINE#         48
  C:0333H         LINE#         50
  C:0338H         LINE#         52
  C:033DH         LINE#         54
  C:0342H         LINE#         56
  C:0347H         LINE#         58
  C:034CH         LINE#         62
  C:0352H         LINE#         64
  C:0358H         LINE#         65
  -------         ENDPROC       SYSTEM_INIT
  -------         ENDMOD        SYSTEM

  -------         MODULE        LED
  C:0000H         SYMBOL        _ICE_DUMMY_
  D:0080H         PUBLIC        P0
  D:0090H         PUBLIC        P1
  D:00B4H         PUBLIC        P4M0
  D:00A0H         PUBLIC        P2
  D:00B3H         PUBLIC        P4M1
  D:00B0H         PUBLIC        P3
  D:00C0H         PUBLIC        P4
  D:00C8H         PUBLIC        P5
  B:00C0H.0       PUBLIC        LED0
  D:00E8H         PUBLIC        P6
  B:00C0H.1       PUBLIC        LED1
  D:00F8H         PUBLIC        P7
  B:00C0H.2       PUBLIC        LED2
  B:00C0H.3       PUBLIC        LED3
  D:00A8H         PUBLIC        IE
  D:00B8H         PUBLIC        IP
  C:007CH         PUBLIC        Led_Configure
  D:00D8H         PUBLIC        CCON
  D:0098H         PUBLIC        SCON
  D:0088H         PUBLIC        TCON
  D:00D0H         PUBLIC        PSW
  -------         PROC          LED_CONFIGURE
BL51 BANKED LINKER/LOCATER V6.22                                                      06/07/2022  09:31:16  PAGE 5


  C:007CH         LINE#         10
  C:007CH         LINE#         11
  C:007CH         LINE#         12
  C:0082H         LINE#         13
  C:0084H         LINE#         14
  C:0086H         LINE#         15
  C:0088H         LINE#         16
  C:008AH         LINE#         17
  -------         ENDPROC       LED_CONFIGURE
  -------         ENDMOD        LED

  -------         MODULE        USART3
  C:0000H         SYMBOL        _ICE_DUMMY_
  D:0080H         PUBLIC        P0
  D:0090H         PUBLIC        P1
  D:00A0H         PUBLIC        P2
  D:00CAH         PUBLIC        P5M0
  D:00B0H         PUBLIC        P3
  D:00C9H         PUBLIC        P5M1
  D:00C0H         PUBLIC        P4
  D:00C8H         PUBLIC        P5
  B:00A8H.7       PUBLIC        EA
  D:00E8H         PUBLIC        P6
  D:00F8H         PUBLIC        P7
  D:00BAH         PUBLIC        P_SW2
  D:00A8H         PUBLIC        IE
  D:00B8H         PUBLIC        IP
  D:00D8H         PUBLIC        CCON
  C:0394H         PUBLIC        _Usart3_SendString
  C:03F0H         PUBLIC        _Usart3_SendChar
  D:0098H         PUBLIC        SCON
  D:0088H         PUBLIC        TCON
  D:00AFH         PUBLIC        IE2
  D:008EH         PUBLIC        AUXR
  X:0000H         PUBLIC        usart3_rx_start
  C:0003H         PUBLIC        _Usart3_Configure
  D:00D6H         PUBLIC        T2H
  X:0001H         PUBLIC        usart3_rx_buf
  D:00D7H         PUBLIC        T2L
  C:0359H         PUBLIC        Usart3_IRQHandler
  D:00ADH         PUBLIC        S3BUF
  D:00ACH         PUBLIC        S3CON
  D:00D0H         PUBLIC        PSW
  -------         PROC          _USART3_CONFIGURE
  X:0065H         SYMBOL        baud
  C:0003H         LINE#         13
  C:0009H         LINE#         14
  C:0009H         LINE#         15
  C:000CH         LINE#         16
  C:0033H         LINE#         17
  C:006AH         LINE#         18
  C:006DH         LINE#         19
  C:0070H         LINE#         20
  C:0072H         LINE#         21
  C:0075H         LINE#         22
  C:007BH         LINE#         23
  -------         ENDPROC       _USART3_CONFIGURE
BL51 BANKED LINKER/LOCATER V6.22                                                      06/07/2022  09:31:16  PAGE 6


  -------         PROC          USART3_IRQHANDLER
  C:0359H         LINE#         30
  C:0364H         LINE#         32
  C:0369H         LINE#         33
  C:0369H         LINE#         34
  C:0372H         LINE#         35
  C:0374H         LINE#         36
  C:0388H         LINE#         37
  C:038BH         LINE#         38
  C:038BH         LINE#         40
  -------         ENDPROC       USART3_IRQHANDLER
  -------         PROC          _USART3_SENDCHAR
  D:0007H         SYMBOL        dat
  C:03F0H         LINE#         48
  C:03F0H         LINE#         49
  C:03F0H         LINE#         51
  C:03F2H         LINE#         52
  C:03F7H         LINE#         53
  C:03FAH         LINE#         54
  -------         ENDPROC       _USART3_SENDCHAR
  -------         PROC          _USART3_SENDSTRING
  X:0065H         SYMBOL        PBuf
  C:0394H         LINE#         63
  C:039FH         LINE#         64
  C:039FH         LINE#         65
  C:03AFH         LINE#         66
  C:03AFH         LINE#         67
  C:03C4H         LINE#         68
  C:03C6H         LINE#         69
  -------         ENDPROC       _USART3_SENDSTRING
  -------         ENDMOD        USART3

  -------         MODULE        ?C?CLDPTR
  C:008EH         PUBLIC        ?C?CLDPTR
  -------         ENDMOD        ?C?CLDPTR

  -------         MODULE        ?C?ILDIX
  C:00A7H         PUBLIC        ?C?ILDIX
  -------         ENDMOD        ?C?ILDIX

  -------         MODULE        ?C?ULDIV
  C:00F9H         PUBLIC        ?C?ULDIV
  -------         ENDMOD        ?C?ULDIV

  -------         MODULE        ?C?ULSHR
  C:018BH         PUBLIC        ?C?ULSHR
  -------         ENDMOD        ?C?ULSHR

  -------         MODULE        ?C?LSTXDATA
  C:019EH         PUBLIC        ?C?LSTXDATA
  -------         ENDMOD        ?C?LSTXDATA

Program Size: data=17.0 xdata=105 code=1019
LINK/LOCATE RUN COMPLETE.  0 WARNING(S),  0 ERROR(S)
