BL51 BANKED LINKER/LOCATER V6.22                                                        06/07/2022  20:24:40  PAGE 1


BL51 BANKED LINKER/LOCATER V6.22, INVOKED BY:
D:\KEIL_V5\C51\BIN\BL51.EXE .\Objects\main.obj, .\Objects\System.obj, .\Objects\dac0832.obj TO .\Objects\TEST PRINT (.\L
>> istings\TEST.m51) RAMSIZE (256)


MEMORY MODEL: LARGE


INPUT MODULES INCLUDED:
  .\Objects\main.obj (MAIN)
  .\Objects\System.obj (SYSTEM)
  .\Objects\dac0832.obj (DAC0832)
  D:\KEIL_V5\C51\LIB\C51L.LIB (?C_STARTUP)


LINK MAP OF MODULE:  .\Objects\TEST (MAIN)


            TYPE    BASE      LENGTH    RELOCATION   SEGMENT NAME
            -----------------------------------------------------

            * * * * * * *   D A T A   M E M O R Y   * * * * * * *
            REG     0000H     0008H     ABSOLUTE     "REG BANK 0"
            IDATA   0008H     0001H     UNIT         ?STACK

            * * * * * * *  X D A T A   M E M O R Y  * * * * * * *
            XDATA   0000H     0001H     UNIT         _XDATA_GROUP_

            * * * * * * *   C O D E   M E M O R Y   * * * * * * *
            CODE    0000H     0003H     ABSOLUTE     
            CODE    0003H     0080H     UNIT         ?CO?DAC0832
            CODE    0083H     0058H     UNIT         ?PR?SYSTEM_INIT?SYSTEM
            CODE    00DBH     001EH     UNIT         ?PR?_DELAY_MS?SYSTEM
            CODE    00F9H     001EH     UNIT         ?PR?SIN?DAC0832
            CODE    0117H     0014H     UNIT         ?PR?DAC_INIT?DAC0832
            CODE    012BH     000EH     UNIT         ?PR?MAIN?MAIN
            CODE    0139H     000CH     UNIT         ?C_C51STARTUP



OVERLAY MAP OF MODULE:   .\Objects\TEST (MAIN)


SEGMENT                          XDATA_GROUP
  +--> CALLED SEGMENT          START    LENGTH
----------------------------------------------
?C_C51STARTUP                  -----    -----
  +--> ?PR?MAIN?MAIN

?PR?MAIN?MAIN                  -----    -----
  +--> ?PR?SYSTEM_INIT?SYSTEM
  +--> ?PR?DAC_INIT?DAC0832
  +--> ?PR?SIN?DAC0832

?PR?SYSTEM_INIT?SYSTEM         -----    -----
  +--> ?PR?_DELAY_MS?SYSTEM

?PR?SIN?DAC0832                0000H    0001H
BL51 BANKED LINKER/LOCATER V6.22                                                      06/07/2022  20:24:40  PAGE 2


  +--> ?CO?DAC0832
  +--> ?PR?_DELAY_MS?SYSTEM



SYMBOL TABLE OF MODULE:  .\Objects\TEST (MAIN)

  VALUE           TYPE          NAME
  ----------------------------------

  -------         MODULE        MAIN
  C:0000H         SYMBOL        _ICE_DUMMY_
  D:0080H         PUBLIC        P0
  D:0090H         PUBLIC        P1
  D:00A0H         PUBLIC        P2
  D:00B0H         PUBLIC        P3
  D:00C0H         PUBLIC        P4
  D:00C8H         PUBLIC        P5
  D:00E8H         PUBLIC        P6
  D:00F8H         PUBLIC        P7
  D:00A8H         PUBLIC        IE
  D:00B8H         PUBLIC        IP
  D:00D8H         PUBLIC        CCON
  C:012BH         PUBLIC        main
  D:0098H         PUBLIC        SCON
  D:0088H         PUBLIC        TCON
  D:00D0H         PUBLIC        PSW
  -------         PROC          MAIN
  C:012BH         LINE#         16
  C:012BH         LINE#         17
  C:012BH         LINE#         19
  C:012EH         LINE#         20
  C:0131H         LINE#         21
  C:0134H         LINE#         23
  C:0134H         LINE#         24
  C:0134H         LINE#         25
  C:0137H         LINE#         26
  -------         ENDPROC       MAIN
  -------         ENDMOD        MAIN

  -------         MODULE        SYSTEM
  C:0000H         SYMBOL        _ICE_DUMMY_
  D:0092H         PUBLIC        P1M0
  D:0093H         PUBLIC        P0M1
  C:0083H         PUBLIC        System_Init
  D:0096H         PUBLIC        P2M0
  D:0091H         PUBLIC        P1M1
  D:0080H         PUBLIC        P0
  D:00B2H         PUBLIC        P3M0
  D:0095H         PUBLIC        P2M1
  D:0090H         PUBLIC        P1
  D:00B4H         PUBLIC        P4M0
  D:00B1H         PUBLIC        P3M1
  D:00A0H         PUBLIC        P2
  D:00CAH         PUBLIC        P5M0
  D:00B3H         PUBLIC        P4M1
  D:00B0H         PUBLIC        P3
BL51 BANKED LINKER/LOCATER V6.22                                                      06/07/2022  20:24:40  PAGE 3


  D:00CCH         PUBLIC        P6M0
  D:00C9H         PUBLIC        P5M1
  D:00C0H         PUBLIC        P4
  D:00E2H         PUBLIC        P7M0
  D:00CBH         PUBLIC        P6M1
  D:00C8H         PUBLIC        P5
  D:00E1H         PUBLIC        P7M1
  D:00E8H         PUBLIC        P6
  D:00F8H         PUBLIC        P7
  D:00BAH         PUBLIC        P_SW2
  D:00A8H         PUBLIC        IE
  D:00B8H         PUBLIC        IP
  D:00D8H         PUBLIC        CCON
  C:00DBH         PUBLIC        _Delay_ms
  D:0098H         PUBLIC        SCON
  D:0088H         PUBLIC        TCON
  D:00FFH         PUBLIC        RSTCFG
  D:00D0H         PUBLIC        PSW
  D:0094H         PUBLIC        P0M0
  -------         PROC          _DELAY_MS
  D:0006H         SYMBOL        ms
  -------         DO            
  D:0004H         SYMBOL        i
  -------         ENDDO         
  C:00DBH         LINE#         10
  C:00DBH         LINE#         11
  C:00DBH         LINE#         13
  C:00E5H         LINE#         14
  C:00E5H         LINE#         15
  C:00F8H         LINE#         16
  C:00F8H         LINE#         17
  -------         ENDPROC       _DELAY_MS
  -------         PROC          SYSTEM_INIT
  C:0083H         LINE#         27
  C:0083H         LINE#         28
  C:0083H         LINE#         29
  C:008AH         LINE#         30
  C:008DH         LINE#         31
  C:0094H         LINE#         32
  C:009BH         LINE#         33
  C:00A1H         LINE#         34
  C:00A5H         LINE#         35
  C:00A8H         LINE#         38
  C:00ABH         LINE#         42
  C:00B0H         LINE#         44
  C:00B5H         LINE#         46
  C:00BAH         LINE#         48
  C:00BFH         LINE#         50
  C:00C4H         LINE#         52
  C:00C9H         LINE#         54
  C:00CEH         LINE#         58
  C:00D4H         LINE#         60
  C:00DAH         LINE#         61
  -------         ENDPROC       SYSTEM_INIT
  -------         ENDMOD        SYSTEM

  -------         MODULE        DAC0832
BL51 BANKED LINKER/LOCATER V6.22                                                      06/07/2022  20:24:40  PAGE 4


  C:0000H         SYMBOL        _ICE_DUMMY_
  D:0092H         PUBLIC        P1M0
  D:0093H         PUBLIC        P0M1
  D:0091H         PUBLIC        P1M1
  D:0080H         PUBLIC        P0
  D:0090H         PUBLIC        P1
  D:00A0H         PUBLIC        P2
  D:00B0H         PUBLIC        P3
  D:00C0H         PUBLIC        P4
  D:00C8H         PUBLIC        P5
  D:00E8H         PUBLIC        P6
  D:00F8H         PUBLIC        P7
  D:00A8H         PUBLIC        IE
  B:0080H.0       PUBLIC        CS
  D:00B8H         PUBLIC        IP
  B:0080H.1       PUBLIC        WR_EN
  D:00D8H         PUBLIC        CCON
  D:0098H         PUBLIC        SCON
  D:0088H         PUBLIC        TCON
  B:0080H.3       PUBLIC        XFRE
  C:0003H         PUBLIC        tab
  C:0117H         PUBLIC        DAC_Init
  C:00F9H         PUBLIC        sin
  B:0080H.2       PUBLIC        ILE
  D:00D0H         PUBLIC        PSW
  D:0094H         PUBLIC        P0M0
  -------         PROC          DAC_INIT
  C:0117H         LINE#         18
  C:0117H         LINE#         19
  C:0117H         LINE#         20
  C:011AH         LINE#         21
  C:011DH         LINE#         23
  C:011FH         LINE#         24
  C:0122H         LINE#         26
  C:0124H         LINE#         27
  C:0126H         LINE#         28
  C:0128H         LINE#         29
  C:012AH         LINE#         30
  -------         ENDPROC       DAC_INIT
  -------         PROC          SIN
  -------         DO            
  X:0000H         SYMBOL        i
  -------         ENDDO         
  C:00F9H         LINE#         38
  C:00F9H         LINE#         39
  C:00F9H         LINE#         41
  C:00F9H         LINE#         42
  C:00F9H         LINE#         43
  C:0102H         LINE#         44
  C:0104H         LINE#         45
  C:010EH         LINE#         46
  C:0115H         LINE#         47
  -------         ENDPROC       SIN
  -------         ENDMOD        DAC0832

Program Size: data=9.0 xdata=1 code=325
LINK/LOCATE RUN COMPLETE.  0 WARNING(S),  0 ERROR(S)
